Component: Arm Compiler for Embedded 6.21 Tool: armlink [5ec1fa00]

==============================================================================

Section Cross References

    main.o(.text.main) refers to windows.o(.text.WINDOW_init) for WINDOW_init
    main.o(.text.main) refers to queue.o(.text.xQueueGenericCreate) for xQueueGenericCreate
    main.o(.text.main) refers to windows.o(.bss.xCommandQueue) for xCommandQueue
    main.o(.text.main) refers to windows.o(.bss.xBinarySemaphore) for xBinarySemaphore
    main.o(.text.main) refers to queue.o(.text.xQueueGenericSend) for xQueueGenericSend
    main.o(.text.main) refers to windows.o(.bss.windows) for windows
    main.o(.text.main) refers to windows.o(.text.WINDOW_PassengerTask) for WINDOW_PassengerTask
    main.o(.text.main) refers to main.o(.rodata.str1.1) for .L.str
    main.o(.text.main) refers to tasks.o(.text.xTaskCreate) for xTaskCreate
    main.o(.text.main) refers to windows.o(.text.WINDOW_MotorTask) for WINDOW_MotorTask
    main.o(.text.main) refers to windows.o(.text.WINDOW_JammingSemaphoreTask) for WINDOW_JammingSemaphoreTask
    main.o(.text.main) refers to tasks.o(.text.vTaskStartScheduler) for vTaskStartScheduler
    main.o(.ARM.exidx.text.main) refers to main.o(.text.main) for [Anonymous Symbol]
    main.o(.ARM.exidx.text.vApplicationIdleHook) refers to main.o(.text.vApplicationIdleHook) for [Anonymous Symbol]
    led.o(.text.LED_init) refers to dio.o(.text.DIO_Init) for DIO_Init
    led.o(.ARM.exidx.text.LED_init) refers to led.o(.text.LED_init) for [Anonymous Symbol]
    led.o(.text.LED_turnOn) refers to dio.o(.text.DIO_writePin) for DIO_writePin
    led.o(.ARM.exidx.text.LED_turnOn) refers to led.o(.text.LED_turnOn) for [Anonymous Symbol]
    led.o(.text.LED_turnOff) refers to dio.o(.text.DIO_writePin) for DIO_writePin
    led.o(.ARM.exidx.text.LED_turnOff) refers to led.o(.text.LED_turnOff) for [Anonymous Symbol]
    led.o(.text.LED_toggle) refers to dio.o(.text.DIO_togglePin) for DIO_togglePin
    led.o(.ARM.exidx.text.LED_toggle) refers to led.o(.text.LED_toggle) for [Anonymous Symbol]
    motor.o(.text.Motor_init) refers to dio.o(.text.DIO_Init) for DIO_Init
    motor.o(.text.Motor_init) refers to dio.o(.text.DIO_writePin) for DIO_writePin
    motor.o(.ARM.exidx.text.Motor_init) refers to motor.o(.text.Motor_init) for [Anonymous Symbol]
    motor.o(.text.Motor_Rotate) refers to dio.o(.text.DIO_writePin) for DIO_writePin
    motor.o(.ARM.exidx.text.Motor_Rotate) refers to motor.o(.text.Motor_Rotate) for [Anonymous Symbol]
    windows.o(.text.WINDOW_LockToggle) refers to windows.o(.bss.g_isLocked) for g_isLocked
    windows.o(.text.WINDOW_LockToggle) refers to int.o(.text.INT_clearInterrupt) for INT_clearInterrupt
    windows.o(.ARM.exidx.text.WINDOW_LockToggle) refers to windows.o(.text.WINDOW_LockToggle) for [Anonymous Symbol]
    windows.o(.text.WINDOW_JamISR) refers to windows.o(.bss.xBinarySemaphore) for xBinarySemaphore
    windows.o(.text.WINDOW_JamISR) refers to queue.o(.text.xQueueGiveFromISR) for xQueueGiveFromISR
    windows.o(.text.WINDOW_JamISR) refers to windows.o(.bss.windows) for windows
    windows.o(.text.WINDOW_JamISR) refers to int.o(.text.INT_isInterruptSet) for INT_isInterruptSet
    windows.o(.text.WINDOW_JamISR) refers to int.o(.text.INT_clearInterrupt) for INT_clearInterrupt
    windows.o(.ARM.exidx.text.WINDOW_JamISR) refers to windows.o(.text.WINDOW_JamISR) for [Anonymous Symbol]
    windows.o(.text.WINDOW_JammingSemaphoreTask) refers to windows.o(.bss.xBinarySemaphore) for xBinarySemaphore
    windows.o(.text.WINDOW_JammingSemaphoreTask) refers to queue.o(.text.xQueueSemaphoreTake) for xQueueSemaphoreTake
    windows.o(.text.WINDOW_JammingSemaphoreTask) refers to windows.o(.bss.windows) for windows
    windows.o(.text.WINDOW_JammingSemaphoreTask) refers to motor.o(.text.Motor_Rotate) for Motor_Rotate
    windows.o(.text.WINDOW_JammingSemaphoreTask) refers to dio.o(.text.DIO_readPin) for DIO_readPin
    windows.o(.ARM.exidx.text.WINDOW_JammingSemaphoreTask) refers to windows.o(.text.WINDOW_JammingSemaphoreTask) for [Anonymous Symbol]
    windows.o(.text.WINDOW_init) refers to motor.o(.text.Motor_init) for Motor_init
    windows.o(.text.WINDOW_init) refers to windows.o(.bss.windows) for windows
    windows.o(.text.WINDOW_init) refers to dio.o(.text.DIO_Init) for DIO_Init
    windows.o(.text.WINDOW_init) refers to int.o(.text.INT_init) for INT_init
    windows.o(.text.WINDOW_init) refers to windows.o(.text.WINDOW_JamISR) for WINDOW_JamISR
    windows.o(.text.WINDOW_init) refers to int.o(.text.INT_setCallBack) for INT_setCallBack
    windows.o(.text.WINDOW_init) refers to windows.o(.text.WINDOW_LockToggle) for WINDOW_LockToggle
    windows.o(.ARM.exidx.text.WINDOW_init) refers to windows.o(.text.WINDOW_init) for [Anonymous Symbol]
    windows.o(.text.WINDOW_PassengerTask) refers to dio.o(.text.DIO_readPin) for DIO_readPin
[...]
    .text                                    0x000005e6   Section       74  sys_stackheap_outer.o(.text)
    .text                                    0x00000630   Section        0  exit.o(.text)
    .text                                    0x00000644   Section        8  libspace.o(.text)
    .text                                    0x0000064c   Section        0  sys_exit.o(.text)
    .text                                    0x00000658   Section        2  use_no_semi.o(.text)
    .text                                    0x0000065a   Section        0  indicate_semi.o(.text)
    [Anonymous Symbol]                       0x0000065c   Section        0  dio.o(.text.DIO_Init)
    [Anonymous Symbol]                       0x00000a1c   Section        0  dio.o(.text.DIO_readPin)
    [Anonymous Symbol]                       0x00000b60   Section        0  dio.o(.text.DIO_writePin)
    [Anonymous Symbol]                       0x00000d24   Section        0  int.o(.text.GPIOA_Handler)
    [Anonymous Symbol]                       0x00000d34   Section        0  int.o(.text.GPIOB_Handler)
    [Anonymous Symbol]                       0x00000d44   Section        0  int.o(.text.GPIOC_Handler)
    [Anonymous Symbol]                       0x00000d54   Section        0  int.o(.text.GPIOD_Handler)
    [Anonymous Symbol]                       0x00000d64   Section        0  int.o(.text.GPIOE_Handler)
    [Anonymous Symbol]                       0x00000d74   Section        0  int.o(.text.GPIOF_Handler)
    [Anonymous Symbol]                       0x00000d84   Section        0  int.o(.text.INT_clearInterrupt)
    [Anonymous Symbol]                       0x00000e54   Section        0  int.o(.text.INT_init)
    [Anonymous Symbol]                       0x00001198   Section        0  int.o(.text.INT_isInterruptSet)
    [Anonymous Symbol]                       0x00001278   Section        0  int.o(.text.INT_setCallBack)
    [Anonymous Symbol]                       0x000012a4   Section        0  motor.o(.text.Motor_Rotate)
    [Anonymous Symbol]                       0x0000139c   Section        0  motor.o(.text.Motor_init)
    [Anonymous Symbol]                       0x00001400   Section        0  port.o(.text.PendSV_Handler)
    pxCurrentTCBConst                        0x00001440   Number         0  port.o(.text.PendSV_Handler)
    [Anonymous Symbol]                       0x00001450   Section        0  port.o(.text.SVC_Handler)
    pxCurrentTCBConst2                       0x00001470   Number         0  port.o(.text.SVC_Handler)
    [Anonymous Symbol]                       0x00001474   Section        0  cmsis_os2.o(.text.SysTick_Handler)
    [Anonymous Symbol]                       0x00001494   Section        0  system_tm4c123.o(.text.SystemInit)
    [Anonymous Symbol]                       0x00001498   Section        0  windows.o(.text.WINDOW_JamISR)
    [Anonymous Symbol]                       0x00001540   Section        0  windows.o(.text.WINDOW_JammingSemaphoreTask)
    [Anonymous Symbol]                       0x00001640   Section        0  windows.o(.text.WINDOW_LockToggle)
    [Anonymous Symbol]                       0x0000165c   Section        0  windows.o(.text.WINDOW_MotorTask)
    [Anonymous Symbol]                       0x000016ec   Section        0  windows.o(.text.WINDOW_PassengerTask)
    [Anonymous Symbol]                       0x00001a50   Section        0  windows.o(.text.WINDOW_init)
    __tagsym$$used.1                         0x00001ba4   Number         0  clib_arm.o(.text._mutex_acquire)
    [Anonymous Symbol]                       0x00001ba4   Section        0  clib_arm.o(.text._mutex_acquire)
    __tagsym$$used.3                         0x00001bcc   Number         0  clib_arm.o(.text._mutex_free)
    [Anonymous Symbol]                       0x00001bcc   Section        0  clib_arm.o(.text._mutex_free)
    __tagsym$$used.0                         0x00001c20   Number         0  clib_arm.o(.text._mutex_initialize)
    [Anonymous Symbol]                       0x00001c20   Section        0  clib_arm.o(.text._mutex_initialize)
    __tagsym$$used.2                         0x00001cc8   Number         0  clib_arm.o(.text._mutex_release)
    [Anonymous Symbol]                       0x00001cc8   Section        0  clib_arm.o(.text._mutex_release)
    [Anonymous Symbol]                       0x00001cf4   Section        0  clib_arm.o(.text._platform_post_stackheap_init)
    is_thread_mode                           0x00001cf9   Thumb Code    32  clib_arm.o(.text.is_thread_mode)
    [Anonymous Symbol]                       0x00001cf8   Section        0  clib_arm.o(.text.is_thread_mode)
    [Anonymous Symbol]                       0x00001d18   Section        0  main.o(.text.main)
    os_kernel_is_active                      0x00001e25   Thumb Code    32  clib_arm.o(.text.os_kernel_is_active)
    [Anonymous Symbol]                       0x00001e24   Section        0  clib_arm.o(.text.os_kernel_is_active)
    prvAddCurrentTaskToDelayedList           0x00001e45   Thumb Code   250  tasks.o(.text.prvAddCurrentTaskToDelayedList)
    [Anonymous Symbol]                       0x00001e44   Section        0  tasks.o(.text.prvAddCurrentTaskToDelayedList)
    prvAddNewTaskToReadyList                 0x00001f41   Thumb Code   352  tasks.o(.text.prvAddNewTaskToReadyList)
    [Anonymous Symbol]                       0x00001f40   Section        0  tasks.o(.text.prvAddNewTaskToReadyList)
    prvCheckForValidListAndQueue             0x000020a1   Thumb Code   126  timers.o(.text.prvCheckForValidListAndQueue)
    [Anonymous Symbol]                       0x000020a0   Section        0  timers.o(.text.prvCheckForValidListAndQueue)
    prvCheckTasksWaitingTermination          0x00002121   Thumb Code    90  tasks.o(.text.prvCheckTasksWaitingTermination)
    [Anonymous Symbol]                       0x00002120   Section        0  tasks.o(.text.prvCheckTasksWaitingTermination)
    prvCopyDataFromQueue                     0x0000217d   Thumb Code    66  queue.o(.text.prvCopyDataFromQueue)
    [Anonymous Symbol]                       0x0000217c   Section        0  queue.o(.text.prvCopyDataFromQueue)
    prvCopyDataToQueue                       0x000021c1   Thumb Code   204  queue.o(.text.prvCopyDataToQueue)
    [Anonymous Symbol]                       0x000021c0   Section        0  queue.o(.text.prvCopyDataToQueue)
    prvDeleteTCB                             0x0000228d   Thumb Code    60  tasks.o(.text.prvDeleteTCB)
    [Anonymous Symbol]                       0x0000228c   Section        0  tasks.o(.text.prvDeleteTCB)
    prvGetDisinheritPriorityAfterTimeout     0x000022c9   Thumb Code    38  queue.o(.text.prvGetDisinheritPriorityAfterTimeout)
    [Anonymous Symbol]                       0x000022c8   Section        0  queue.o(.text.prvGetDisinheritPriorityAfterTimeout)
    prvGetNextExpireTime                     0x000022f1   Thumb Code    64  timers.o(.text.prvGetNextExpireTime)
    [Anonymous Symbol]                       0x000022f0   Section        0  timers.o(.text.prvGetNextExpireTime)
    prvHeapInit                              0x00002331   Thumb Code   174  heap_4.o(.text.prvHeapInit)
    [Anonymous Symbol]                       0x00002330   Section        0  heap_4.o(.text.prvHeapInit)
    prvIdleTask                              0x000023e1   Thumb Code    60  tasks.o(.text.prvIdleTask)
    [Anonymous Symbol]                       0x000023e0   Section        0  tasks.o(.text.prvIdleTask)
    prvInitialiseMutex                       0x0000241d   Thumb Code    44  queue.o(.text.prvInitialiseMutex)
    [Anonymous Symbol]                       0x0000241c   Section        0  queue.o(.text.prvInitialiseMutex)
    prvInitialiseNewQueue                    0x00002449   Thumb Code    72  queue.o(.text.prvInitialiseNewQueue)
    [Anonymous Symbol]                       0x00002448   Section        0  queue.o(.text.prvInitialiseNewQueue)
    prvInitialiseNewTask                     0x00002491   Thumb Code   230  tasks.o(.text.prvInitialiseNewTask)
    [Anonymous Symbol]                       0x00002490   Section        0  tasks.o(.text.prvInitialiseNewTask)
    prvInitialiseTaskLists                   0x00002579   Thumb Code   142  tasks.o(.text.prvInitialiseTaskLists)
    [Anonymous Symbol]                       0x00002578   Section        0  tasks.o(.text.prvInitialiseTaskLists)
    prvInsertBlockIntoFreeList               0x00002609   Thumb Code   198  heap_4.o(.text.prvInsertBlockIntoFreeList)
    [Anonymous Symbol]                       0x00002608   Section        0  heap_4.o(.text.prvInsertBlockIntoFreeList)
    prvInsertTimerInActiveList               0x000026d1   Thumb Code   134  timers.o(.text.prvInsertTimerInActiveList)
    [Anonymous Symbol]                       0x000026d0   Section        0  timers.o(.text.prvInsertTimerInActiveList)
    prvIsQueueEmpty                          0x00002759   Thumb Code    40  queue.o(.text.prvIsQueueEmpty)
    [Anonymous Symbol]                       0x00002758   Section        0  queue.o(.text.prvIsQueueEmpty)
    prvIsQueueFull                           0x00002781   Thumb Code    46  queue.o(.text.prvIsQueueFull)
    [Anonymous Symbol]                       0x00002780   Section        0  queue.o(.text.prvIsQueueFull)
    prvPortStartFirstTask                    0x000027b1   Thumb Code    32  port.o(.text.prvPortStartFirstTask)
    [Anonymous Symbol]                       0x000027b0   Section        0  port.o(.text.prvPortStartFirstTask)
    prvProcessExpiredTimer                   0x000027d1   Thumb Code    84  timers.o(.text.prvProcessExpiredTimer)
    [Anonymous Symbol]                       0x000027d0   Section        0  timers.o(.text.prvProcessExpiredTimer)
    prvProcessReceivedCommands               0x00002825   Thumb Code   324  timers.o(.text.prvProcessReceivedCommands)
    [Anonymous Symbol]                       0x00002824   Section        0  timers.o(.text.prvProcessReceivedCommands)
    prvProcessTimerOrBlockTask               0x00002969   Thumb Code   154  timers.o(.text.prvProcessTimerOrBlockTask)
    [Anonymous Symbol]                       0x00002968   Section        0  timers.o(.text.prvProcessTimerOrBlockTask)
    prvReloadTimer                           0x00002a05   Thumb Code    52  timers.o(.text.prvReloadTimer)
    [Anonymous Symbol]                       0x00002a04   Section        0  timers.o(.text.prvReloadTimer)
    prvResetNextTaskUnblockTime              0x00002a39   Thumb Code    60  tasks.o(.text.prvResetNextTaskUnblockTime)
    [Anonymous Symbol]                       0x00002a38   Section        0  tasks.o(.text.prvResetNextTaskUnblockTime)
    prvSampleTimeNow                         0x00002a75   Thumb Code    68  timers.o(.text.prvSampleTimeNow)
    [Anonymous Symbol]                       0x00002a74   Section        0  timers.o(.text.prvSampleTimeNow)
    prvSwitchTimerLists                      0x00002ab9   Thumb Code    82  timers.o(.text.prvSwitchTimerLists)
    [Anonymous Symbol]                       0x00002ab8   Section        0  timers.o(.text.prvSwitchTimerLists)
    prvTaskExitError                         0x00002b0d   Thumb Code    38  port.o(.text.prvTaskExitError)
    [Anonymous Symbol]                       0x00002b0c   Section        0  port.o(.text.prvTaskExitError)
    prvTimerTask                             0x00002b35   Thumb Code    30  timers.o(.text.prvTimerTask)
    [Anonymous Symbol]                       0x00002b34   Section        0  timers.o(.text.prvTimerTask)
    prvUnlockQueue                           0x00002b55   Thumb Code   174  queue.o(.text.prvUnlockQueue)
    [Anonymous Symbol]                       0x00002b54   Section        0  queue.o(.text.prvUnlockQueue)
    [Anonymous Symbol]                       0x00002c04   Section        0  heap_4.o(.text.pvPortMalloc)
    [Anonymous Symbol]                       0x00002d8c   Section        0  tasks.o(.text.pvTaskIncrementMutexHeldCount)
    [Anonymous Symbol]                       0x00002db8   Section        0  port.o(.text.pxPortInitialiseStack)
    [Anonymous Symbol]                       0x00002e08   Section        0  list.o(.text.uxListRemove)
    [Anonymous Symbol]                       0x00002e50   Section        0  tasks.o(.text.uxTaskGetNumberOfTasks)
    [Anonymous Symbol]                       0x00002e5c   Section        0  cmsis_os2.o(.text.vApplicationGetIdleTaskMemory)
    [Anonymous Symbol]                       0x00002e88   Section        0  cmsis_os2.o(.text.vApplicationGetTimerTaskMemory)
    [Anonymous Symbol]                       0x00002eb4   Section        0  main.o(.text.vApplicationIdleHook)
    [Anonymous Symbol]                       0x00002eb8   Section        0  cmsis_os2.o(.text.vApplicationStackOverflowHook)
    [Anonymous Symbol]                       0x00002ec4   Section        0  list.o(.text.vListInitialise)
    [Anonymous Symbol]                       0x00002ef4   Section        0  list.o(.text.vListInitialiseItem)
    [Anonymous Symbol]                       0x00002f04   Section        0  list.o(.text.vListInsert)
    [Anonymous Symbol]                       0x00002f70   Section        0  port.o(.text.vPortEnterCritical)
    [Anonymous Symbol]                       0x00002fa0   Section        0  port.o(.text.vPortExitCritical)
    [Anonymous Symbol]                       0x00002fc8   Section        0  heap_4.o(.text.vPortFree)
    [Anonymous Symbol]                       0x00003040   Section        0  port.o(.text.vPortSetupTimerInterrupt)
    [Anonymous Symbol]                       0x00003084   Section        0  queue.o(.text.vQueueDelete)
    [Anonymous Symbol]                       0x000030a8   Section        0  queue.o(.text.vQueueWaitForMessageRestricted)
    [Anonymous Symbol]                       0x0000310c   Section        0  tasks.o(.text.vTaskDelay)
    [Anonymous Symbol]                       0x00003158   Section        0  tasks.o(.text.vTaskInternalSetTimeOutState)
    [Anonymous Symbol]                       0x0000317c   Section        0  tasks.o(.text.vTaskMissedYield)
    [Anonymous Symbol]                       0x0000318c   Section        0  tasks.o(.text.vTaskPlaceOnEventList)
    [Anonymous Symbol]                       0x000031b4   Section        0  tasks.o(.text.vTaskPlaceOnEventListRestricted)
    [Anonymous Symbol]                       0x00003214   Section        0  tasks.o(.text.vTaskPriorityDisinheritAfterTimeout)
    [Anonymous Symbol]                       0x00003340   Section        0  tasks.o(.text.vTaskStartScheduler)
    [Anonymous Symbol]                       0x00003404   Section        0  tasks.o(.text.vTaskSuspendAll)
    __tagsym$$used.0                         0x00003414   Number         0  tasks.o(.text.vTaskSwitchContext)
    [Anonymous Symbol]                       0x00003414   Section        0  tasks.o(.text.vTaskSwitchContext)
    [Anonymous Symbol]                       0x00003518   Section        0  port.o(.text.xPortStartScheduler)
    [Anonymous Symbol]                       0x00003558   Section        0  port.o(.text.xPortSysTickHandler)
    [Anonymous Symbol]                       0x00003594   Section        0  queue.o(.text.xQueueCreateMutex)
    [Anonymous Symbol]                       0x000035bc   Section        0  queue.o(.text.xQueueCreateMutexStatic)
    [Anonymous Symbol]                       0x000035f0   Section        0  queue.o(.text.xQueueGenericCreate)
    [Anonymous Symbol]                       0x00003678   Section        0  queue.o(.text.xQueueGenericCreateStatic)
    [Anonymous Symbol]                       0x000036e4   Section        0  queue.o(.text.xQueueGenericReset)
    [Anonymous Symbol]                       0x000037b4   Section        0  queue.o(.text.xQueueGenericSend)
    [Anonymous Symbol]                       0x00003920   Section        0  queue.o(.text.xQueueGiveFromISR)
    [Anonymous Symbol]                       0x000039e4   Section        0  queue.o(.text.xQueueReceive)
    [Anonymous Symbol]                       0x00003b38   Section        0  queue.o(.text.xQueueSemaphoreTake)
    [Anonymous Symbol]                       0x00003cd8   Section        0  tasks.o(.text.xTaskCheckForTimeOut)
    [Anonymous Symbol]                       0x00003d74   Section        0  tasks.o(.text.xTaskCreate)
    [Anonymous Symbol]                       0x00003e1c   Section        0  tasks.o(.text.xTaskCreateStatic)
    [Anonymous Symbol]                       0x00003e98   Section        0  tasks.o(.text.xTaskGetSchedulerState)
    [Anonymous Symbol]                       0x00003ed0   Section        0  tasks.o(.text.xTaskGetTickCount)
    [Anonymous Symbol]                       0x00003ee4   Section        0  tasks.o(.text.xTaskIncrementTick)
    [Anonymous Symbol]                       0x0000412c   Section        0  tasks.o(.text.xTaskPriorityDisinherit)
    [Anonymous Symbol]                       0x00004214   Section        0  tasks.o(.text.xTaskPriorityInherit)
    [Anonymous Symbol]                       0x00004364   Section        0  tasks.o(.text.xTaskRemoveFromEventList)
    [Anonymous Symbol]                       0x000044e0   Section        0  tasks.o(.text.xTaskResumeAll)
    [Anonymous Symbol]                       0x000046ec   Section        0  timers.o(.text.xTimerCreateTimerTask)
    .L.str                                   0x00004764   Data          12  main.o(.rodata.str1.1)
    [Anonymous Symbol]                       0x00004764   Section        0  main.o(.rodata.str1.1)
    .L.str                                   0x00004770   Data           5  tasks.o(.rodata.str1.1)
    [Anonymous Symbol]                       0x00004770   Section        0  tasks.o(.rodata.str1.1)
    .L.str                                   0x00004775   Data           8  timers.o(.rodata.str1.1)
    [Anonymous Symbol]                       0x00004775   Section        0  timers.o(.rodata.str1.1)
    uxCriticalNesting                        0x20000004   Data           4  port.o(.data.uxCriticalNesting)
    [Anonymous Symbol]                       0x20000004   Section        0  port.o(.data.uxCriticalNesting)
    .bss                                     0x20000008   Section       96  libspace.o(.bss)
    clib_mutex_cb                            0x20000080   Data         400  clib_arm.o(.bss.clib_mutex_cb)
    [Anonymous Symbol]                       0x20000080   Section        0  clib_arm.o(.bss.clib_mutex_cb)
    clib_mutex_id                            0x20000210   Data          20  clib_arm.o(.bss.clib_mutex_id)
    [Anonymous Symbol]                       0x20000210   Section        0  clib_arm.o(.bss.clib_mutex_id)
    g_isLocked                               0x20000224   Data           1  windows.o(.bss.g_isLocked)
    [Anonymous Symbol]                       0x20000224   Section        0  windows.o(.bss.g_isLocked)
    prvCheckForValidListAndQueue.ucStaticTimerQueueStorage 0x20000225   Data          80  timers.o(.bss.prvCheckForValidListAndQueue.ucStaticTimerQueueStorage)
    [Anonymous Symbol]                       0x20000225   Section        0  timers.o(.bss.prvCheckForValidListAndQueue.ucStaticTimerQueueStorage)
    prvCheckForValidListAndQueue.xStaticTimerQueue 0x20000278   Data          80  timers.o(.bss.prvCheckForValidListAndQueue.xStaticTimerQueue)
    [Anonymous Symbol]                       0x20000278   Section        0  timers.o(.bss.prvCheckForValidListAndQueue.xStaticTimerQueue)
    prvSampleTimeNow.xLastTime               0x200002c8   Data           4  timers.o(.bss.prvSampleTimeNow.xLastTime)
    [Anonymous Symbol]                       0x200002c8   Section        0  timers.o(.bss.prvSampleTimeNow.xLastTime)
    __tagsym$$used.1                         0x200002cc   Number         0  tasks.o(.bss.pxCurrentTCB)
    pxCurrentTimerList                       0x200002d0   Data           4  timers.o(.bss.pxCurrentTimerList)
    [Anonymous Symbol]                       0x200002d0   Section        0  timers.o(.bss.pxCurrentTimerList)
    pxDelayedTaskList                        0x200002d4   Data           4  tasks.o(.bss.pxDelayedTaskList)
    [Anonymous Symbol]                       0x200002d4   Section        0  tasks.o(.bss.pxDelayedTaskList)
    pxEnd                                    0x200002d8   Data           4  heap_4.o(.bss.pxEnd)
    [Anonymous Symbol]                       0x200002d8   Section        0  heap_4.o(.bss.pxEnd)
    pxOverflowDelayedTaskList                0x200002dc   Data           4  tasks.o(.bss.pxOverflowDelayedTaskList)
    [Anonymous Symbol]                       0x200002dc   Section        0  tasks.o(.bss.pxOverflowDelayedTaskList)
    pxOverflowTimerList                      0x200002e0   Data           4  timers.o(.bss.pxOverflowTimerList)
    [Anonymous Symbol]                       0x200002e0   Section        0  timers.o(.bss.pxOverflowTimerList)
    pxReadyTasksLists                        0x200002e4   Data        1120  tasks.o(.bss.pxReadyTasksLists)
    [Anonymous Symbol]                       0x200002e4   Section        0  tasks.o(.bss.pxReadyTasksLists)
    ucHeap                                   0x20000744   Data        8192  heap_4.o(.bss.ucHeap)
    [Anonymous Symbol]                       0x20000744   Section        0  heap_4.o(.bss.ucHeap)
    uxCurrentNumberOfTasks                   0x20002744   Data           4  tasks.o(.bss.uxCurrentNumberOfTasks)
    [Anonymous Symbol]                       0x20002744   Section        0  tasks.o(.bss.uxCurrentNumberOfTasks)
    uxDeletedTasksWaitingCleanUp             0x20002748   Data           4  tasks.o(.bss.uxDeletedTasksWaitingCleanUp)
    [Anonymous Symbol]                       0x20002748   Section        0  tasks.o(.bss.uxDeletedTasksWaitingCleanUp)
    uxSchedulerSuspended                     0x2000274c   Data           4  tasks.o(.bss.uxSchedulerSuspended)
    [Anonymous Symbol]                       0x2000274c   Section        0  tasks.o(.bss.uxSchedulerSuspended)
    uxTaskNumber                             0x20002750   Data           4  tasks.o(.bss.uxTaskNumber)
    [Anonymous Symbol]                       0x20002750   Section        0  tasks.o(.bss.uxTaskNumber)
    uxTopReadyPriority                       0x20002754   Data           4  tasks.o(.bss.uxTopReadyPriority)
    [Anonymous Symbol]                       0x20002754   Section        0  tasks.o(.bss.uxTopReadyPriority)
    vApplicationGetIdleTaskMemory.Idle_Stack 0x20002758   Data         512  cmsis_os2.o(.bss.vApplicationGetIdleTaskMemory.Idle_Stack)
    [Anonymous Symbol]                       0x20002758   Section        0  cmsis_os2.o(.bss.vApplicationGetIdleTaskMemory.Idle_Stack)
    vApplicationGetIdleTaskMemory.Idle_TCB   0x20002958   Data          92  cmsis_os2.o(.bss.vApplicationGetIdleTaskMemory.Idle_TCB)
    [Anonymous Symbol]                       0x20002958   Section        0  cmsis_os2.o(.bss.vApplicationGetIdleTaskMemory.Idle_TCB)
    vApplicationGetTimerTaskMemory.Timer_Stack 0x200029b4   Data         320  cmsis_os2.o(.bss.vApplicationGetTimerTaskMemory.Timer_Stack)
    [Anonymous Symbol]                       0x200029b4   Section        0  cmsis_os2.o(.bss.vApplicationGetTimerTaskMemory.Timer_Stack)
    vApplicationGetTimerTaskMemory.Timer_TCB 0x20002af4   Data          92  cmsis_os2.o(.bss.vApplicationGetTimerTaskMemory.Timer_TCB)
    [Anonymous Symbol]                       0x20002af4   Section        0  cmsis_os2.o(.bss.vApplicationGetTimerTaskMemory.Timer_TCB)
    xActiveTimerList1                        0x20002b74   Data          20  timers.o(.bss.xActiveTimerList1)
    [Anonymous Symbol]                       0x20002b74   Section        0  timers.o(.bss.xActiveTimerList1)
    xActiveTimerList2                        0x20002b88   Data          20  timers.o(.bss.xActiveTimerList2)
    [Anonymous Symbol]                       0x20002b88   Section        0  timers.o(.bss.xActiveTimerList2)
    xDelayedTaskList1                        0x20002ba4   Data          20  tasks.o(.bss.xDelayedTaskList1)
    [Anonymous Symbol]                       0x20002ba4   Section        0  tasks.o(.bss.xDelayedTaskList1)
    xDelayedTaskList2                        0x20002bb8   Data          20  tasks.o(.bss.xDelayedTaskList2)
    [Anonymous Symbol]                       0x20002bb8   Section        0  tasks.o(.bss.xDelayedTaskList2)
    xFreeBytesRemaining                      0x20002bcc   Data           4  heap_4.o(.bss.xFreeBytesRemaining)
    [Anonymous Symbol]                       0x20002bcc   Section        0  heap_4.o(.bss.xFreeBytesRemaining)
    xIdleTaskHandle                          0x20002bd0   Data           4  tasks.o(.bss.xIdleTaskHandle)
    [Anonymous Symbol]                       0x20002bd0   Section        0  tasks.o(.bss.xIdleTaskHandle)
    xMinimumEverFreeBytesRemaining           0x20002bd4   Data           4  heap_4.o(.bss.xMinimumEverFreeBytesRemaining)
    [Anonymous Symbol]                       0x20002bd4   Section        0  heap_4.o(.bss.xMinimumEverFreeBytesRemaining)
    xNextTaskUnblockTime                     0x20002bd8   Data           4  tasks.o(.bss.xNextTaskUnblockTime)
    [Anonymous Symbol]                       0x20002bd8   Section        0  tasks.o(.bss.xNextTaskUnblockTime)
    xNumOfOverflows                          0x20002bdc   Data           4  tasks.o(.bss.xNumOfOverflows)
    [Anonymous Symbol]                       0x20002bdc   Section        0  tasks.o(.bss.xNumOfOverflows)
    xNumberOfSuccessfulAllocations           0x20002be0   Data           4  heap_4.o(.bss.xNumberOfSuccessfulAllocations)
    [Anonymous Symbol]                       0x20002be0   Section        0  heap_4.o(.bss.xNumberOfSuccessfulAllocations)
    xNumberOfSuccessfulFrees                 0x20002be4   Data           4  heap_4.o(.bss.xNumberOfSuccessfulFrees)
    [Anonymous Symbol]                       0x20002be4   Section        0  heap_4.o(.bss.xNumberOfSuccessfulFrees)
    xPendedTicks                             0x20002be8   Data           4  tasks.o(.bss.xPendedTicks)
    [Anonymous Symbol]                       0x20002be8   Section        0  tasks.o(.bss.xPendedTicks)
    xPendingReadyList                        0x20002bec   Data          20  tasks.o(.bss.xPendingReadyList)
    [Anonymous Symbol]                       0x20002bec   Section        0  tasks.o(.bss.xPendingReadyList)
    xSchedulerRunning                        0x20002c00   Data           4  tasks.o(.bss.xSchedulerRunning)
    [Anonymous Symbol]                       0x20002c00   Section        0  tasks.o(.bss.xSchedulerRunning)
    xStart                                   0x20002c04   Data           8  heap_4.o(.bss.xStart)
    [Anonymous Symbol]                       0x20002c04   Section        0  heap_4.o(.bss.xStart)
    xSuspendedTaskList                       0x20002c0c   Data          20  tasks.o(.bss.xSuspendedTaskList)
    [Anonymous Symbol]                       0x20002c0c   Section        0  tasks.o(.bss.xSuspendedTaskList)
    xTasksWaitingTermination                 0x20002c20   Data          20  tasks.o(.bss.xTasksWaitingTermination)
    [Anonymous Symbol]                       0x20002c20   Section        0  tasks.o(.bss.xTasksWaitingTermination)
    xTickCount                               0x20002c34   Data           4  tasks.o(.bss.xTickCount)
    [Anonymous Symbol]                       0x20002c34   Section        0  tasks.o(.bss.xTickCount)
    xTimerQueue                              0x20002c38   Data           4  timers.o(.bss.xTimerQueue)
    [Anonymous Symbol]                       0x20002c38   Section        0  timers.o(.bss.xTimerQueue)
    xTimerTaskHandle                         0x20002c3c   Data           4  timers.o(.bss.xTimerTaskHandle)
    [Anonymous Symbol]                       0x20002c3c   Section        0  timers.o(.bss.xTimerTaskHandle)
    xYieldPending                            0x20002c40   Data           4  tasks.o(.bss.xYieldPending)
    [Anonymous Symbol]                       0x20002c40   Section        0  tasks.o(.bss.xYieldPending)
    Heap_Mem                                 0x20002c48   Data           0  startup_tm4c123.o(HEAP)
    Stack_Mem                                0x20002c48   Data         512  startup_tm4c123.o(STACK)
    HEAP                                     0x20002c48   Section        0  startup_tm4c123.o(HEAP)
    STACK                                    0x20002c48   Section      512  startup_tm4c123.o(STACK)
    __initial_sp                             0x20002e48   Data           0  startup_tm4c123.o(STACK)

    Global Symbols

    Symbol Name                              Value     Ov Type        Size  Object(Section)

    BuildAttributes$$THM_ISAv4$E$P$D$K$B$S$7EM$PE$A:L22UL41UL21$X:L11$S22US41US21$IEEE1$IW$~IW$USESV6$~STKCKD$USESV7$~SHL$OSPACE$ROPI$EBA8$UX$STANDARDLIB$REQ8$PRES8$EABIv2 0x00000000   Number         0  anon$$obj.o ABSOLUTE
    __Vectors                                0x00000000   Data           4  startup_tm4c123.o(RESET)
    __fp_init_empty                          0x00000000   Number         0  fpinit_empty.o ABSOLUTE
    __ARM_exceptions_init                     - Undefined Weak Reference
    __alloca_initialize                       - Undefined Weak Reference
    __arm_preinit_                            - Undefined Weak Reference
    __arm_relocate_pie_                       - Undefined Weak Reference
    __cpp_initialize__aeabi_                  - Undefined Weak Reference
    __cxa_finalize                            - Undefined Weak Reference
    __rt_locale                               - Undefined Weak Reference
    __sigvec_lookup                           - Undefined Weak Reference
    _atexit_init                              - Undefined Weak Reference
    _call_atexit_fns                          - Undefined Weak Reference
    _clock_init                               - Undefined Weak Reference
    _fp_trap_init                             - Undefined Weak Reference
    _fp_trap_shutdown                         - Undefined Weak Reference
    _get_lc_collate                           - Undefined Weak Reference
    _get_lc_ctype                             - Undefined Weak Reference
    _get_lc_monetary                          - Undefined Weak Reference
    _get_lc_numeric                           - Undefined Weak Reference
    _get_lc_time                              - Undefined Weak Reference
    _getenv_init                              - Undefined Weak Reference
    _handle_redirection                       - Undefined Weak Reference
    _init_alloc                               - Undefined Weak Reference
    _init_user_alloc                          - Undefined Weak Reference
    _initio                                   - Undefined Weak Reference
    _rand_init                                - Undefined Weak Reference
    _signal_finish                            - Undefined Weak Reference
    _signal_init                              - Undefined Weak Reference
    _terminate_alloc                          - Undefined Weak Reference
    _terminate_user_alloc                     - Undefined Weak Reference
    _terminateio                              - Undefined Weak Reference
    __Vectors_End                            0x0000026c   Data           0  startup_tm4c123.o(RESET)
    __Vectors_Size                           0x0000026c   Number         0  startup_tm4c123.o ABSOLUTE
    __main                                   0x0000026d   Thumb Code     8  __main.o(!!!main)
    __scatterload                            0x00000275   Thumb Code     0  __scatter.o(!!!scatter)
    __scatterload_rt2                        0x00000275   Thumb Code    84  __scatter.o(!!!scatter)
    __scatterload_rt2_thumb_only             0x00000275   Thumb Code     0  __scatter.o(!!!scatter)
    __scatterload_loop                       0x0000027f   Thumb Code     0  __scatter.o(!!!scatter)
    __scatterload_copy                       0x000002d1   Thumb Code    26  __scatter_copy.o(!!handler_copy)
    __scatterload_null                       0x000002ed   Thumb Code     2  __scatter.o(!!handler_null)
    __scatterload_zeroinit                   0x000002f1   Thumb Code    28  __scatter_zi.o(!!handler_zi)
    __rt_lib_init                            0x0000030d   Thumb Code     0  libinit.o(.ARM.Collect$$libinit$$00000000)
    __rt_lib_init_alloca_1                   0x0000030f   Thumb Code     0  libinit2.o(.ARM.Collect$$libinit$$00000030)
    __rt_lib_init_argv_1                     0x0000030f   Thumb Code     0  libinit2.o(.ARM.Collect$$libinit$$0000002E)
    __rt_lib_init_atexit_1                   0x0000030f   Thumb Code     0  libinit2.o(.ARM.Collect$$libinit$$0000001D)
    __rt_lib_init_clock_1                    0x0000030f   Thumb Code     0  libinit2.o(.ARM.Collect$$libinit$$00000023)
    __rt_lib_init_cpp_1                      0x0000030f   Thumb Code     0  libinit2.o(.ARM.Collect$$libinit$$00000034)
    __rt_lib_init_exceptions_1               0x0000030f   Thumb Code     0  libinit2.o(.ARM.Collect$$libinit$$00000032)
    __rt_lib_init_fp_1                       0x0000030f   Thumb Code     0  libinit2.o(.ARM.Collect$$libinit$$00000002)
    __rt_lib_init_fp_trap_1                  0x0000030f   Thumb Code     0  libinit2.o(.ARM.Collect$$libinit$$00000021)
    __rt_lib_init_getenv_1                   0x0000030f   Thumb Code     0  libinit2.o(.ARM.Collect$$libinit$$00000025)
    __rt_lib_init_heap_1                     0x0000030f   Thumb Code     0  libinit2.o(.ARM.Collect$$libinit$$0000000C)
    __rt_lib_init_lc_collate_1               0x0000030f   Thumb Code     0  libinit2.o(.ARM.Collect$$libinit$$00000013)
    __rt_lib_init_lc_ctype_1                 0x0000030f   Thumb Code     0  libinit2.o(.ARM.Collect$$libinit$$00000015)
    __rt_lib_init_lc_monetary_1              0x0000030f   Thumb Code     0  libinit2.o(.ARM.Collect$$libinit$$00000017)
    __rt_lib_init_lc_numeric_1               0x0000030f   Thumb Code     0  libinit2.o(.ARM.Collect$$libinit$$00000019)
    __rt_lib_init_lc_time_1                  0x0000030f   Thumb Code     0  libinit2.o(.ARM.Collect$$libinit$$0000001B)
    __rt_lib_init_preinit_1                  0x0000030f   Thumb Code     0  libinit2.o(.ARM.Collect$$libinit$$00000006)
    __rt_lib_init_rand_1                     0x0000030f   Thumb Code     0  libinit2.o(.ARM.Collect$$libinit$$00000010)
    __rt_lib_init_relocate_pie_1             0x0000030f   Thumb Code     0  libinit2.o(.ARM.Collect$$libinit$$00000004)
    __rt_lib_init_return                     0x0000030f   Thumb Code     0  libinit2.o(.ARM.Collect$$libinit$$00000035)
    __rt_lib_init_signal_1                   0x0000030f   Thumb Code     0  libinit2.o(.ARM.Collect$$libinit$$0000001F)
    __rt_lib_init_stdio_1                    0x0000030f   Thumb Code     0  libinit2.o(.ARM.Collect$$libinit$$00000027)
    __rt_lib_init_user_alloc_1               0x0000030f   Thumb Code     0  libinit2.o(.ARM.Collect$$libinit$$0000000E)
    __rt_lib_shutdown                        0x00000311   Thumb Code     0  libshutdown.o(.ARM.Collect$$libshutdown$$00000000)
    __rt_lib_shutdown_cpp_1                  0x00000313   Thumb Code     0  libshutdown2.o(.ARM.Collect$$libshutdown$$00000002)
    __rt_lib_shutdown_fp_trap_1              0x00000313   Thumb Code     0  libshutdown2.o(.ARM.Collect$$libshutdown$$00000007)
    __rt_lib_shutdown_heap_1                 0x00000313   Thumb Code     0  libshutdown2.o(.ARM.Collect$$libshutdown$$0000000F)
    __rt_lib_shutdown_return                 0x00000313   Thumb Code     0  libshutdown2.o(.ARM.Collect$$libshutdown$$00000010)
    __rt_lib_shutdown_signal_1               0x00000313   Thumb Code     0  libshutdown2.o(.ARM.Collect$$libshutdown$$0000000A)
    __rt_lib_shutdown_stdio_1                0x00000313   Thumb Code     0  libshutdown2.o(.ARM.Collect$$libshutdown$$00000004)
    __rt_lib_shutdown_user_alloc_1           0x00000313   Thumb Code     0  libshutdown2.o(.ARM.Collect$$libshutdown$$0000000C)
    __rt_entry                               0x00000315   Thumb Code     0  __rtentry.o(.ARM.Collect$$rtentry$$00000000)
    __rt_entry_presh_1                       0x00000315   Thumb Code     0  __rtentry2.o(.ARM.Collect$$rtentry$$00000002)
    __rt_entry_sh                            0x00000315   Thumb Code     0  __rtentry4.o(.ARM.Collect$$rtentry$$00000004)
    __rt_entry_postsh_1                      0x0000031b   Thumb Code     0  __rtentry2.o(.ARM.Collect$$rtentry$$00000008)
    __rt_entry_li                            0x00000323   Thumb Code     0  __rtentry2.o(.ARM.Collect$$rtentry$$0000000A)
    __rt_entry_main                          0x00000327   Thumb Code     0  __rtentry2.o(.ARM.Collect$$rtentry$$0000000D)
    __rt_entry_postli_1                      0x00000327   Thumb Code     0  __rtentry2.o(.ARM.Collect$$rtentry$$0000000C)
    __rt_exit                                0x0000032f   Thumb Code     0  rtexit.o(.ARM.Collect$$rtexit$$00000000)
    __rt_exit_ls                             0x00000331   Thumb Code     0  rtexit2.o(.ARM.Collect$$rtexit$$00000003)
    __rt_exit_prels_1                        0x00000331   Thumb Code     0  rtexit2.o(.ARM.Collect$$rtexit$$00000002)
    __rt_exit_exit                           0x00000335   Thumb Code     0  rtexit2.o(.ARM.Collect$$rtexit$$00000004)
    Reset_Handler                            0x0000033d   Thumb Code     8  startup_tm4c123.o(.text)
    NMI_Handler                              0x00000345   Thumb Code     2  startup_tm4c123.o(.text)
    HardFault_Handler                        0x00000347   Thumb Code     2  startup_tm4c123.o(.text)
    MemManage_Handler                        0x00000349   Thumb Code     2  startup_tm4c123.o(.text)
    BusFault_Handler                         0x0000034b   Thumb Code     2  startup_tm4c123.o(.text)
    UsageFault_Handler                       0x0000034d   Thumb Code     2  startup_tm4c123.o(.text)
    DebugMon_Handler                         0x00000351   Thumb Code     2  startup_tm4c123.o(.text)
    UART0_Handler                            0x00000361   Thumb Code     2  startup_tm4c123.o(.text)
    UART1_Handler                            0x00000363   Thumb Code     2  startup_tm4c123.o(.text)
    SSI0_Handler                             0x00000365   Thumb Code     2  startup_tm4c123.o(.text)
    I2C0_Handler                             0x00000367   Thumb Code     2  startup_tm4c123.o(.text)
    PMW0_FAULT_Handler                       0x00000369   Thumb Code     2  startup_tm4c123.o(.text)
    PWM0_0_Handler                           0x0000036b   Thumb Code     2  startup_tm4c123.o(.text)
    PWM0_1_Handler                           0x0000036d   Thumb Code     2  startup_tm4c123.o(.text)
    PWM0_2_Handler                           0x0000036f   Thumb Code     2  startup_tm4c123.o(.text)
    QEI0_Handler                             0x00000371   Thumb Code     2  startup_tm4c123.o(.text)
    ADC0SS0_Handler                          0x00000373   Thumb Code     2  startup_tm4c123.o(.text)
    ADC0SS1_Handler                          0x00000375   Thumb Code     2  startup_tm4c123.o(.text)
    ADC0SS2_Handler                          0x00000377   Thumb Code     2  startup_tm4c123.o(.text)
    ADC0SS3_Handler                          0x00000379   Thumb Code     2  startup_tm4c123.o(.text)
    WDT0_Handler                             0x0000037b   Thumb Code     2  startup_tm4c123.o(.text)
    TIMER0A_Handler                          0x0000037d   Thumb Code     2  startup_tm4c123.o(.text)
    TIMER0B_Handler                          0x0000037f   Thumb Code     2  startup_tm4c123.o(.text)
    TIMER1A_Handler                          0x00000381   Thumb Code     2  startup_tm4c123.o(.text)
    TIMER1B_Handler                          0x00000383   Thumb Code     2  startup_tm4c123.o(.text)
    TIMER2A_Handler                          0x00000385   Thumb Code     2  startup_tm4c123.o(.text)
    TIMER2B_Handler                          0x00000387   Thumb Code     2  startup_tm4c123.o(.text)
    COMP0_Handler                            0x00000389   Thumb Code     2  startup_tm4c123.o(.text)
    COMP1_Handler                            0x0000038b   Thumb Code     2  startup_tm4c123.o(.text)
    COMP2_Handler                            0x0000038d   Thumb Code     2  startup_tm4c123.o(.text)
    SYSCTL_Handler                           0x0000038f   Thumb Code     2  startup_tm4c123.o(.text)
    FLASH_Handler                            0x00000391   Thumb Code     2  startup_tm4c123.o(.text)
    GPIOG_Handler                            0x00000395   Thumb Code     2  startup_tm4c123.o(.text)
    GPIOH_Handler                            0x00000397   Thumb Code     2  startup_tm4c123.o(.text)
    UART2_Handler                            0x00000399   Thumb Code     2  startup_tm4c123.o(.text)
    SSI1_Handler                             0x0000039b   Thumb Code     2  startup_tm4c123.o(.text)
    TIMER3A_Handler                          0x0000039d   Thumb Code     2  startup_tm4c123.o(.text)
    TIMER3B_Handler                          0x0000039f   Thumb Code     2  startup_tm4c123.o(.text)
    I2C1_Handler                             0x000003a1   Thumb Code     2  startup_tm4c123.o(.text)
    QEI1_Handler                             0x000003a3   Thumb Code     2  startup_tm4c123.o(.text)
    CAN0_Handler                             0x000003a5   Thumb Code     2  startup_tm4c123.o(.text)
    CAN1_Handler                             0x000003a7   Thumb Code     2  startup_tm4c123.o(.text)
    CAN2_Handler                             0x000003a9   Thumb Code     2  startup_tm4c123.o(.text)
    HIB_Handler                              0x000003ab   Thumb Code     2  startup_tm4c123.o(.text)
    USB0_Handler                             0x000003ad   Thumb Code     2  startup_tm4c123.o(.text)
    PWM0_3_Handler                           0x000003af   Thumb Code     2  startup_tm4c123.o(.text)
    UDMA_Handler                             0x000003b1   Thumb Code     2  startup_tm4c123.o(.text)
    UDMAERR_Handler                          0x000003b3   Thumb Code     2  startup_tm4c123.o(.text)
    ADC1SS0_Handler                          0x000003b5   Thumb Code     2  startup_tm4c123.o(.text)
    ADC1SS1_Handler                          0x000003b7   Thumb Code     2  startup_tm4c123.o(.text)
    ADC1SS2_Handler                          0x000003b9   Thumb Code     2  startup_tm4c123.o(.text)
    ADC1SS3_Handler                          0x000003bb   Thumb Code     2  startup_tm4c123.o(.text)
    GPIOJ_Handler                            0x000003bd   Thumb Code     2  startup_tm4c123.o(.text)
    GPIOK_Handler                            0x000003bf   Thumb Code     2  startup_tm4c123.o(.text)
    GPIOL_Handler                            0x000003c1   Thumb Code     2  startup_tm4c123.o(.text)
    SSI2_Handler                             0x000003c3   Thumb Code     2  startup_tm4c123.o(.text)
    SSI3_Handler                             0x000003c5   Thumb Code     2  startup_tm4c123.o(.text)
    UART3_Handler                            0x000003c7   Thumb Code     2  startup_tm4c123.o(.text)
    UART4_Handler                            0x000003c9   Thumb Code     2  startup_tm4c123.o(.text)
    UART5_Handler                            0x000003cb   Thumb Code     2  startup_tm4c123.o(.text)
    UART6_Handler                            0x000003cd   Thumb Code     2  startup_tm4c123.o(.text)
    UART7_Handler                            0x000003cf   Thumb Code     2  startup_tm4c123.o(.text)
    I2C2_Handler                             0x000003d1   Thumb Code     2  startup_tm4c123.o(.text)
    I2C3_Handler                             0x000003d3   Thumb Code     2  startup_tm4c123.o(.text)
    TIMER4A_Handler                          0x000003d5   Thumb Code     2  startup_tm4c123.o(.text)
    TIMER4B_Handler                          0x000003d7   Thumb Code     2  startup_tm4c123.o(.text)
    TIMER5A_Handler                          0x000003d9   Thumb Code     2  startup_tm4c123.o(.text)
    TIMER5B_Handler                          0x000003db   Thumb Code     2  startup_tm4c123.o(.text)
    WTIMER0A_Handler                         0x000003dd   Thumb Code     2  startup_tm4c123.o(.text)
    WTIMER0B_Handler                         0x000003df   Thumb Code     2  startup_tm4c123.o(.text)
    WTIMER1A_Handler                         0x000003e1   Thumb Code     2  startup_tm4c123.o(.text)
    WTIMER1B_Handler                         0x000003e3   Thumb Code     2  startup_tm4c123.o(.text)
    WTIMER2A_Handler                         0x000003e5   Thumb Code     2  startup_tm4c123.o(.text)
    WTIMER2B_Handler                         0x000003e7   Thumb Code     2  startup_tm4c123.o(.text)
    WTIMER3A_Handler                         0x000003e9   Thumb Code     2  startup_tm4c123.o(.text)
    WTIMER3B_Handler                         0x000003eb   Thumb Code     2  startup_tm4c123.o(.text)
    WTIMER4A_Handler                         0x000003ed   Thumb Code     2  startup_tm4c123.o(.text)
    WTIMER4B_Handler                         0x000003ef   Thumb Code     2  startup_tm4c123.o(.text)
    WTIMER5A_Handler                         0x000003f1   Thumb Code     2  startup_tm4c123.o(.text)
    WTIMER5B_Handler                         0x000003f3   Thumb Code     2  startup_tm4c123.o(.text)
    FPU_Handler                              0x000003f5   Thumb Code     2  startup_tm4c123.o(.text)
    I2C4_Handler                             0x000003f7   Thumb Code     2  startup_tm4c123.o(.text)
    I2C5_Handler                             0x000003f9   Thumb Code     2  startup_tm4c123.o(.text)
    GPIOM_Handler                            0x000003fb   Thumb Code     2  startup_tm4c123.o(.text)
    GPION_Handler                            0x000003fd   Thumb Code     2  startup_tm4c123.o(.text)
    QEI2_Handler                             0x000003ff   Thumb Code     2  startup_tm4c123.o(.text)
    GPIOP0_Handler                           0x00000401   Thumb Code     2  startup_tm4c123.o(.text)
    GPIOP1_Handler                           0x00000403   Thumb Code     2  startup_tm4c123.o(.text)
    GPIOP2_Handler                           0x00000405   Thumb Code     2  startup_tm4c123.o(.text)
    GPIOP3_Handler                           0x00000407   Thumb Code     2  startup_tm4c123.o(.text)
    GPIOP4_Handler                           0x00000409   Thumb Code     2  startup_tm4c123.o(.text)
    GPIOP5_Handler                           0x0000040b   Thumb Code     2  startup_tm4c123.o(.text)
    GPIOP6_Handler                           0x0000040d   Thumb Code     2  startup_tm4c123.o(.text)
    GPIOP7_Handler                           0x0000040f   Thumb Code     2  startup_tm4c123.o(.text)
    GPIOQ0_Handler                           0x00000411   Thumb Code     2  startup_tm4c123.o(.text)
    GPIOQ1_Handler                           0x00000413   Thumb Code     2  startup_tm4c123.o(.text)
    GPIOQ2_Handler                           0x00000415   Thumb Code     2  startup_tm4c123.o(.text)
    GPIOQ3_Handler                           0x00000417   Thumb Code     2  startup_tm4c123.o(.text)
    GPIOQ4_Handler                           0x00000419   Thumb Code     2  startup_tm4c123.o(.text)
    GPIOQ5_Handler                           0x0000041b   Thumb Code     2  startup_tm4c123.o(.text)
    GPIOQ6_Handler                           0x0000041d   Thumb Code     2  startup_tm4c123.o(.text)
    GPIOQ7_Handler                           0x0000041f   Thumb Code     2  startup_tm4c123.o(.text)
    GPIOR_Handler                            0x00000421   Thumb Code     2  startup_tm4c123.o(.text)
    GPIOS_Handler                            0x00000423   Thumb Code     2  startup_tm4c123.o(.text)
    PMW1_0_Handler                           0x00000425   Thumb Code     2  startup_tm4c123.o(.text)
    PWM1_1_Handler                           0x00000427   Thumb Code     2  startup_tm4c123.o(.text)
    PWM1_2_Handler                           0x00000429   Thumb Code     2  startup_tm4c123.o(.text)
    PWM1_3_Handler                           0x0000042b   Thumb Code     2  startup_tm4c123.o(.text)
    PWM1_FAULT_Handler                       0x0000042d   Thumb Code     2  startup_tm4c123.o(.text)
    __user_initial_stackheap                 0x00000431   Thumb Code     0  startup_tm4c123.o(.text)
    __aeabi_memcpy                           0x00000451   Thumb Code     0  rt_memcpy_v6.o(.text)
    __rt_memcpy                              0x00000451   Thumb Code   138  rt_memcpy_v6.o(.text)
    _memcpy_lastbytes                        0x000004b7   Thumb Code     0  rt_memcpy_v6.o(.text)
    __aeabi_memset4                          0x000004db   Thumb Code    16  aeabi_memset4.o(.text)
    __aeabi_memset8                          0x000004db   Thumb Code     0  aeabi_memset4.o(.text)
    __aeabi_memclr                           0x000004eb   Thumb Code     0  rt_memclr.o(.text)
    __rt_memclr                              0x000004eb   Thumb Code     0  rt_memclr.o(.text)
    _memset                                  0x000004ef   Thumb Code    64  rt_memclr.o(.text)
    __use_two_region_memory                  0x0000052f   Thumb Code     2  heapauxi.o(.text)
    __rt_heap_escrow$2region                 0x00000531   Thumb Code     2  heapauxi.o(.text)
    __rt_heap_expand$2region                 0x00000533   Thumb Code     2  heapauxi.o(.text)
    __aeabi_memcpy4                          0x00000535   Thumb Code     0  rt_memcpy_w.o(.text)
    __aeabi_memcpy8                          0x00000535   Thumb Code     0  rt_memcpy_w.o(.text)
    __rt_memcpy_w                            0x00000535   Thumb Code   100  rt_memcpy_w.o(.text)
    _memcpy_lastbytes_aligned                0x0000057d   Thumb Code     0  rt_memcpy_w.o(.text)
    __aeabi_memclr4                          0x00000599   Thumb Code     0  rt_memclr_w.o(.text)
    __aeabi_memclr8                          0x00000599   Thumb Code     0  rt_memclr_w.o(.text)
    __rt_memclr_w                            0x00000599   Thumb Code     0  rt_memclr_w.o(.text)
    _memset_w                                0x0000059d   Thumb Code    74  rt_memclr_w.o(.text)
    __user_setup_stackheap                   0x000005e7   Thumb Code    74  sys_stackheap_outer.o(.text)
    exit                                     0x00000631   Thumb Code    18  exit.o(.text)
    __user_libspace                          0x00000645   Thumb Code     8  libspace.o(.text)
    __user_perproc_libspace                  0x00000645   Thumb Code     0  libspace.o(.text)
    _sys_exit                                0x0000064d   Thumb Code     8  sys_exit.o(.text)
    __I$use$semihosting                      0x00000659   Thumb Code     0  use_no_semi.o(.text)
    __use_no_semihosting_swi                 0x00000659   Thumb Code     2  use_no_semi.o(.text)
    __semihosting_library_function           0x0000065b   Thumb Code     0  indicate_semi.o(.text)
    DIO_Init                                 0x0000065d   Thumb Code   958  dio.o(.text.DIO_Init)
    DIO_readPin                              0x00000a1d   Thumb Code   322  dio.o(.text.DIO_readPin)
    DIO_writePin                             0x00000b61   Thumb Code   452  dio.o(.text.DIO_writePin)
    GPIOA_Handler                            0x00000d25   Thumb Code    16  int.o(.text.GPIOA_Handler)
    GPIOB_Handler                            0x00000d35   Thumb Code    16  int.o(.text.GPIOB_Handler)
    GPIOC_Handler                            0x00000d45   Thumb Code    16  int.o(.text.GPIOC_Handler)
    GPIOD_Handler                            0x00000d55   Thumb Code    16  int.o(.text.GPIOD_Handler)
    GPIOE_Handler                            0x00000d65   Thumb Code    16  int.o(.text.GPIOE_Handler)
    GPIOF_Handler                            0x00000d75   Thumb Code    16  int.o(.text.GPIOF_Handler)
    INT_clearInterrupt                       0x00000d85   Thumb Code   208  int.o(.text.INT_clearInterrupt)
    INT_init                                 0x00000e55   Thumb Code   836  int.o(.text.INT_init)
    INT_isInterruptSet                       0x00001199   Thumb Code   224  int.o(.text.INT_isInterruptSet)
    INT_setCallBack                          0x00001279   Thumb Code    42  int.o(.text.INT_setCallBack)
    Motor_Rotate                             0x000012a5   Thumb Code   248  motor.o(.text.Motor_Rotate)
    Motor_init                               0x0000139d   Thumb Code   100  motor.o(.text.Motor_init)
    PendSV_Handler                           0x00001401   Thumb Code    68  port.o(.text.PendSV_Handler)
    SVC_Handler                              0x00001451   Thumb Code    36  port.o(.text.SVC_Handler)
    SysTick_Handler                          0x00001475   Thumb Code    30  cmsis_os2.o(.text.SysTick_Handler)
    SystemInit                               0x00001495   Thumb Code     2  system_tm4c123.o(.text.SystemInit)
    WINDOW_JamISR                            0x00001499   Thumb Code   168  windows.o(.text.WINDOW_JamISR)
    WINDOW_JammingSemaphoreTask              0x00001541   Thumb Code   256  windows.o(.text.WINDOW_JammingSemaphoreTask)
    WINDOW_LockToggle                        0x00001641   Thumb Code    28  windows.o(.text.WINDOW_LockToggle)
    WINDOW_MotorTask                         0x0000165d   Thumb Code   144  windows.o(.text.WINDOW_MotorTask)
    WINDOW_PassengerTask                     0x000016ed   Thumb Code   866  windows.o(.text.WINDOW_PassengerTask)
    WINDOW_init                              0x00001a51   Thumb Code   340  windows.o(.text.WINDOW_init)
    _mutex_acquire                           0x00001ba5   Thumb Code    40  clib_arm.o(.text._mutex_acquire)
    _mutex_free                              0x00001bcd   Thumb Code    84  clib_arm.o(.text._mutex_free)
    _mutex_initialize                        0x00001c21   Thumb Code   168  clib_arm.o(.text._mutex_initialize)
    _mutex_release                           0x00001cc9   Thumb Code    42  clib_arm.o(.text._mutex_release)
    _platform_post_stackheap_init            0x00001cf5   Thumb Code     2  clib_arm.o(.text._platform_post_stackheap_init)
    main                                     0x00001d19   Thumb Code   268  main.o(.text.main)
    pvPortMalloc                             0x00002c05   Thumb Code   390  heap_4.o(.text.pvPortMalloc)
    pvTaskIncrementMutexHeldCount            0x00002d8d   Thumb Code    44  tasks.o(.text.pvTaskIncrementMutexHeldCount)
    pxPortInitialiseStack                    0x00002db9   Thumb Code    80  port.o(.text.pxPortInitialiseStack)
    uxListRemove                             0x00002e09   Thumb Code    72  list.o(.text.uxListRemove)
    uxTaskGetNumberOfTasks                   0x00002e51   Thumb Code    12  tasks.o(.text.uxTaskGetNumberOfTasks)
    vApplicationGetIdleTaskMemory            0x00002e5d   Thumb Code    42  cmsis_os2.o(.text.vApplicationGetIdleTaskMemory)
    vApplicationGetTimerTaskMemory           0x00002e89   Thumb Code    42  cmsis_os2.o(.text.vApplicationGetTimerTaskMemory)
    vApplicationIdleHook                     0x00002eb5   Thumb Code     4  main.o(.text.vApplicationIdleHook)
    vApplicationStackOverflowHook            0x00002eb9   Thumb Code    10  cmsis_os2.o(.text.vApplicationStackOverflowHook)
    vListInitialise                          0x00002ec5   Thumb Code    46  list.o(.text.vListInitialise)
    vListInitialiseItem                      0x00002ef5   Thumb Code    14  list.o(.text.vListInitialiseItem)
    vListInsert                              0x00002f05   Thumb Code   106  list.o(.text.vListInsert)
    vPortEnterCritical                       0x00002f71   Thumb Code    48  port.o(.text.vPortEnterCritical)
    vPortExitCritical                        0x00002fa1   Thumb Code    38  port.o(.text.vPortExitCritical)
    vPortFree                                0x00002fc9   Thumb Code   118  heap_4.o(.text.vPortFree)
    vPortSetupTimerInterrupt                 0x00003041   Thumb Code    68  port.o(.text.vPortSetupTimerInterrupt)
    vQueueDelete                             0x00003085   Thumb Code    34  queue.o(.text.vQueueDelete)
    vQueueWaitForMessageRestricted           0x000030a9   Thumb Code   100  queue.o(.text.vQueueWaitForMessageRestricted)
    vTaskDelay                               0x0000310d   Thumb Code    74  tasks.o(.text.vTaskDelay)
    vTaskInternalSetTimeOutState             0x00003159   Thumb Code    36  tasks.o(.text.vTaskInternalSetTimeOutState)
    vTaskMissedYield                         0x0000317d   Thumb Code    14  tasks.o(.text.vTaskMissedYield)
    vTaskPlaceOnEventList                    0x0000318d   Thumb Code    38  tasks.o(.text.vTaskPlaceOnEventList)
    vTaskPlaceOnEventListRestricted          0x000031b5   Thumb Code    96  tasks.o(.text.vTaskPlaceOnEventListRestricted)
    vTaskPriorityDisinheritAfterTimeout      0x00003215   Thumb Code   300  tasks.o(.text.vTaskPriorityDisinheritAfterTimeout)
    vTaskStartScheduler                      0x00003341   Thumb Code   196  tasks.o(.text.vTaskStartScheduler)
    vTaskSuspendAll                          0x00003405   Thumb Code    16  tasks.o(.text.vTaskSuspendAll)
    vTaskSwitchContext                       0x00003415   Thumb Code   260  tasks.o(.text.vTaskSwitchContext)
    xPortStartScheduler                      0x00003519   Thumb Code    64  port.o(.text.xPortStartScheduler)
    xPortSysTickHandler                      0x00003559   Thumb Code    60  port.o(.text.xPortSysTickHandler)
    xQueueCreateMutex                        0x00003595   Thumb Code    38  queue.o(.text.xQueueCreateMutex)
    xQueueCreateMutexStatic                  0x000035bd   Thumb Code    50  queue.o(.text.xQueueCreateMutexStatic)
    xQueueGenericCreate                      0x000035f1   Thumb Code   134  queue.o(.text.xQueueGenericCreate)
    xQueueGenericCreateStatic                0x00003679   Thumb Code   108  queue.o(.text.xQueueGenericCreateStatic)
    xQueueGenericReset                       0x000036e5   Thumb Code   208  queue.o(.text.xQueueGenericReset)
    xQueueGenericSend                        0x000037b5   Thumb Code   362  queue.o(.text.xQueueGenericSend)
    xQueueGiveFromISR                        0x00003921   Thumb Code   194  queue.o(.text.xQueueGiveFromISR)
    xQueueReceive                            0x000039e5   Thumb Code   338  queue.o(.text.xQueueReceive)
    xQueueSemaphoreTake                      0x00003b39   Thumb Code   414  queue.o(.text.xQueueSemaphoreTake)
    xTaskCheckForTimeOut                     0x00003cd9   Thumb Code   154  tasks.o(.text.xTaskCheckForTimeOut)
    xTaskCreate                              0x00003d75   Thumb Code   166  tasks.o(.text.xTaskCreate)
    xTaskCreateStatic                        0x00003e1d   Thumb Code   122  tasks.o(.text.xTaskCreateStatic)
    xTaskGetSchedulerState                   0x00003e99   Thumb Code    56  tasks.o(.text.xTaskGetSchedulerState)
    xTaskGetTickCount                        0x00003ed1   Thumb Code    20  tasks.o(.text.xTaskGetTickCount)
    xTaskIncrementTick                       0x00003ee5   Thumb Code   582  tasks.o(.text.xTaskIncrementTick)
    xTaskPriorityDisinherit                  0x0000412d   Thumb Code   230  tasks.o(.text.xTaskPriorityDisinherit)
    xTaskPriorityInherit                     0x00004215   Thumb Code   334  tasks.o(.text.xTaskPriorityInherit)
    xTaskRemoveFromEventList                 0x00004365   Thumb Code   380  tasks.o(.text.xTaskRemoveFromEventList)
    xTaskResumeAll                           0x000044e1   Thumb Code   522  tasks.o(.text.xTaskResumeAll)
    xTimerCreateTimerTask                    0x000046ed   Thumb Code   120  timers.o(.text.xTimerCreateTimerTask)
    uxTopUsedPriority                        0x00004780   Data           4  tasks.o(.rodata.uxTopUsedPriority)
    Region$$Table$$Base                      0x00004784   Number         0  anon$$obj.o(Region$$Table)
    Region$$Table$$Limit                     0x000047a4   Number         0  anon$$obj.o(Region$$Table)
    SystemCoreClock                          0x20000000   Data           4  system_tm4c123.o(.data.SystemCoreClock)
    __libspace_start                         0x20000008   Data          96  libspace.o(.bss)
    __temporary_stack_top$libspace           0x20000068   Data           0  libspace.o(.bss)
    callBackPtr                              0x20000068   Data          24  int.o(.bss.callBackPtr)
    pxCurrentTCB                             0x200002cc   Data           4  tasks.o(.bss.pxCurrentTCB)
    windows                                  0x20002b50   Data          34  windows.o(.bss.windows)
    xBinarySemaphore                         0x20002b9c   Data           4  windows.o(.bss.xBinarySemaphore)
    xCommandQueue                            0x20002ba0   Data           4  windows.o(.bss.xCommandQueue)



==============================================================================

Memory Map of the image

  Image Entry point : 0x0000033d

  Load Region LR_1 (Base: 0x00000000, Size: 0x000047ac, Max: 0xffffffff, ABSOLUTE)

    Execution Region ER_RO (Exec base: 0x00000000, Load base: 0x00000000, Size: 0x000047a4, Max: 0xffffffff, ABSOLUTE)

    Exec Addr    Load Addr    Size         Type   Attr      Idx    E Section Name        Object

    0x00000000   0x00000000   0x0000026c   Data   RO          407    RESET               startup_tm4c123.o
    0x0000026c   0x0000026c   0x00000008   Code   RO          867  * !!!main             c_w.l(__main.o)
    0x00000274   0x00000274   0x0000005c   Code   RO         1085    !!!scatter          c_w.l(__scatter.o)
    0x000002d0   0x000002d0   0x0000001a   Code   RO         1089    !!handler_copy      c_w.l(__scatter_copy.o)
    0x000002ea   0x000002ea   0x00000002   PAD
    0x000002ec   0x000002ec   0x00000002   Code   RO         1086    !!handler_null      c_w.l(__scatter.o)
    0x000002ee   0x000002ee   0x00000002   PAD
    0x000002f0   0x000002f0   0x0000001c   Code   RO         1091    !!handler_zi        c_w.l(__scatter_zi.o)
    0x0000030c   0x0000030c   0x00000002   Code   RO          947    .ARM.Collect$$libinit$$00000000  c_w.l(libinit.o)
    0x0000030e   0x0000030e   0x00000000   Code   RO          954    .ARM.Collect$$libinit$$00000002  c_w.l(libinit2.o)
    0x0000030e   0x0000030e   0x00000000   Code   RO          956    .ARM.Collect$$libinit$$00000004  c_w.l(libinit2.o)
    0x0000030e   0x0000030e   0x00000000   Code   RO          958    .ARM.Collect$$libinit$$00000006  c_w.l(libinit2.o)
    0x0000030e   0x0000030e   0x00000000   Code   RO          961    .ARM.Collect$$libinit$$0000000C  c_w.l(libinit2.o)
    0x0000030e   0x0000030e   0x00000000   Code   RO          963    .ARM.Collect$$libinit$$0000000E  c_w.l(libinit2.o)
    0x0000030e   0x0000030e   0x00000000   Code   RO          965    .ARM.Collect$$libinit$$00000010  c_w.l(libinit2.o)
    0x0000030e   0x0000030e   0x00000000   Code   RO          968    .ARM.Collect$$libinit$$00000013  c_w.l(libinit2.o)
    0x0000030e   0x0000030e   0x00000000   Code   RO          970    .ARM.Collect$$libinit$$00000015  c_w.l(libinit2.o)
    0x0000030e   0x0000030e   0x00000000   Code   RO          972    .ARM.Collect$$libinit$$00000017  c_w.l(libinit2.o)
    0x0000030e   0x0000030e   0x00000000   Code   RO          974    .ARM.Collect$$libinit$$00000019  c_w.l(libinit2.o)
    0x0000030e   0x0000030e   0x00000000   Code   RO          976    .ARM.Collect$$libinit$$0000001B  c_w.l(libinit2.o)
    0x0000030e   0x0000030e   0x00000000   Code   RO          978    .ARM.Collect$$libinit$$0000001D  c_w.l(libinit2.o)
    0x0000030e   0x0000030e   0x00000000   Code   RO          980    .ARM.Collect$$libinit$$0000001F  c_w.l(libinit2.o)
    0x0000030e   0x0000030e   0x00000000   Code   RO          982    .ARM.Collect$$libinit$$00000021  c_w.l(libinit2.o)
    0x0000030e   0x0000030e   0x00000000   Code   RO          984    .ARM.Collect$$libinit$$00000023  c_w.l(libinit2.o)
    0x0000030e   0x0000030e   0x00000000   Code   RO          986    .ARM.Collect$$libinit$$00000025  c_w.l(libinit2.o)
    0x0000030e   0x0000030e   0x00000000   Code   RO          988    .ARM.Collect$$libinit$$00000027  c_w.l(libinit2.o)
    0x0000030e   0x0000030e   0x00000000   Code   RO          992    .ARM.Collect$$libinit$$0000002E  c_w.l(libinit2.o)
    0x0000030e   0x0000030e   0x00000000   Code   RO          994    .ARM.Collect$$libinit$$00000030  c_w.l(libinit2.o)
    0x0000030e   0x0000030e   0x00000000   Code   RO          996    .ARM.Collect$$libinit$$00000032  c_w.l(libinit2.o)
    0x0000030e   0x0000030e   0x00000000   Code   RO          998    .ARM.Collect$$libinit$$00000034  c_w.l(libinit2.o)
    0x0000030e   0x0000030e   0x00000002   Code   RO          999    .ARM.Collect$$libinit$$00000035  c_w.l(libinit2.o)
    0x00000310   0x00000310   0x00000002   Code   RO         1021    .ARM.Collect$$libshutdown$$00000000  c_w.l(libshutdown.o)
    0x00000312   0x00000312   0x00000000   Code   RO         1036    .ARM.Collect$$libshutdown$$00000002  c_w.l(libshutdown2.o)
    0x00000312   0x00000312   0x00000000   Code   RO         1038    .ARM.Collect$$libshutdown$$00000004  c_w.l(libshutdown2.o)
    0x00000312   0x00000312   0x00000000   Code   RO         1041    .ARM.Collect$$libshutdown$$00000007  c_w.l(libshutdown2.o)
    0x00000312   0x00000312   0x00000000   Code   RO         1044    .ARM.Collect$$libshutdown$$0000000A  c_w.l(libshutdown2.o)
    0x00000312   0x00000312   0x00000000   Code   RO         1046    .ARM.Collect$$libshutdown$$0000000C  c_w.l(libshutdown2.o)
    0x00000312   0x00000312   0x00000000   Code   RO         1049    .ARM.Collect$$libshutdown$$0000000F  c_w.l(libshutdown2.o)
    0x00000312   0x00000312   0x00000002   Code   RO         1050    .ARM.Collect$$libshutdown$$00000010  c_w.l(libshutdown2.o)
    0x00000314   0x00000314   0x00000000   Code   RO          911    .ARM.Collect$$rtentry$$00000000  c_w.l(__rtentry.o)
    0x00000314   0x00000314   0x00000000   Code   RO          926    .ARM.Collect$$rtentry$$00000002  c_w.l(__rtentry2.o)
    0x00000314   0x00000314   0x00000006   Code   RO          938    .ARM.Collect$$rtentry$$00000004  c_w.l(__rtentry4.o)
    0x0000031a   0x0000031a   0x00000008   Code   RO          927    .ARM.Collect$$rtentry$$00000008  c_w.l(__rtentry2.o)
    0x00000322   0x00000322   0x00000004   Code   RO          929    .ARM.Collect$$rtentry$$0000000A  c_w.l(__rtentry2.o)
    0x00000326   0x00000326   0x00000000   Code   RO          931    .ARM.Collect$$rtentry$$0000000C  c_w.l(__rtentry2.o)
    0x00000326   0x00000326   0x00000008   Code   RO          932    .ARM.Collect$$rtentry$$0000000D  c_w.l(__rtentry2.o)
    0x0000032e   0x0000032e   0x00000002   Code   RO          951    .ARM.Collect$$rtexit$$00000000  c_w.l(rtexit.o)
    0x00000330   0x00000330   0x00000000   Code   RO         1001    .ARM.Collect$$rtexit$$00000002  c_w.l(rtexit2.o)
    0x00000330   0x00000330   0x00000004   Code   RO         1002    .ARM.Collect$$rtexit$$00000003  c_w.l(rtexit2.o)
    0x00000334   0x00000334   0x00000006   Code   RO         1003    .ARM.Collect$$rtexit$$00000004  c_w.l(rtexit2.o)
    0x0000033a   0x0000033a   0x00000002   PAD
    0x0000033c   0x0000033c   0x00000114   Code   RO          408  * .text               startup_tm4c123.o
    0x00000450   0x00000450   0x0000008a   Code   RO          857    .text               c_w.l(rt_memcpy_v6.o)
    0x000004da   0x000004da   0x00000010   Code   RO          859    .text               c_w.l(aeabi_memset4.o)
    0x000004ea   0x000004ea   0x00000044   Code   RO          861    .text               c_w.l(rt_memclr.o)
    0x0000052e   0x0000052e   0x00000006   Code   RO          865    .text               c_w.l(heapauxi.o)
    0x00000534   0x00000534   0x00000064   Code   RO          912    .text               c_w.l(rt_memcpy_w.o)
    0x00000598   0x00000598   0x0000004e   Code   RO          914    .text               c_w.l(rt_memclr_w.o)
    0x000005e6   0x000005e6   0x0000004a   Code   RO          940    .text               c_w.l(sys_stackheap_outer.o)
    0x00000630   0x00000630   0x00000012   Code   RO          942    .text               c_w.l(exit.o)
    0x00000642   0x00000642   0x00000002   PAD
    0x00000644   0x00000644   0x00000008   Code   RO          948    .text               c_w.l(libspace.o)
    0x0000064c   0x0000064c   0x0000000c   Code   RO         1011    .text               c_w.l(sys_exit.o)
    0x00000658   0x00000658   0x00000002   Code   RO         1026    .text               c_w.l(use_no_semi.o)
    0x0000065a   0x0000065a   0x00000000   Code   RO         1028    .text               c_w.l(indicate_semi.o)
    0x0000065a   0x0000065a   0x00000002   PAD
    0x0000065c   0x0000065c   0x000003be   Code   RO           75    .text.DIO_Init      dio.o
    0x00000a1a   0x00000a1a   0x00000002   PAD
    0x00000a1c   0x00000a1c   0x00000142   Code   RO           81    .text.DIO_readPin   dio.o
    0x00000b5e   0x00000b5e   0x00000002   PAD
    0x00000b60   0x00000b60   0x000001c4   Code   RO           77    .text.DIO_writePin  dio.o
    0x00000d24   0x00000d24   0x00000010   Code   RO          102    .text.GPIOA_Handler  int.o
    0x00000d34   0x00000d34   0x00000010   Code   RO          104    .text.GPIOB_Handler  int.o
    0x00000d44   0x00000d44   0x00000010   Code   RO          106    .text.GPIOC_Handler  int.o
    0x00000d54   0x00000d54   0x00000010   Code   RO          108    .text.GPIOD_Handler  int.o
    0x00000d64   0x00000d64   0x00000010   Code   RO          110    .text.GPIOE_Handler  int.o
    0x00000d74   0x00000d74   0x00000010   Code   RO          112    .text.GPIOF_Handler  int.o
    0x00000d84   0x00000d84   0x000000d0   Code   RO          100    .text.INT_clearInterrupt  int.o
    0x00000e54   0x00000e54   0x00000344   Code   RO           94    .text.INT_init      int.o
    0x00001198   0x00001198   0x000000e0   Code   RO           98    .text.INT_isInterruptSet  int.o
    0x00001278   0x00001278   0x0000002a   Code   RO           96    .text.INT_setCallBack  int.o
    0x000012a2   0x000012a2   0x00000002   PAD
    0x000012a4   0x000012a4   0x000000f8   Code   RO           32    .text.Motor_Rotate  motor.o
    0x0000139c   0x0000139c   0x00000064   Code   RO           30    .text.Motor_init    motor.o
    0x00001400   0x00001400   0x00000044   Code   RO          502    .text.PendSV_Handler  port.o
    0x00001444   0x00001444   0x0000000c   PAD
    0x00001450   0x00001450   0x00000024   Code   RO          488    .text.SVC_Handler   port.o
    0x00001474   0x00001474   0x0000001e   Code   RO          168    .text.SysTick_Handler  cmsis_os2.o
    0x00001492   0x00001492   0x00000002   PAD
    0x00001494   0x00001494   0x00000002   Code   RO          419    .text.SystemInit    system_tm4c123.o
    0x00001496   0x00001496   0x00000002   PAD
    0x00001498   0x00001498   0x000000a8   Code   RO           43    .text.WINDOW_JamISR  windows.o
    0x00001540   0x00001540   0x00000100   Code   RO           45    .text.WINDOW_JammingSemaphoreTask  windows.o
    0x00001640   0x00001640   0x0000001c   Code   RO           41    .text.WINDOW_LockToggle  windows.o
    0x0000165c   0x0000165c   0x00000090   Code   RO           51    .text.WINDOW_MotorTask  windows.o
    0x000016ec   0x000016ec   0x00000362   Code   RO           49    .text.WINDOW_PassengerTask  windows.o
    0x00001a4e   0x00001a4e   0x00000002   PAD
    0x00001a50   0x00001a50   0x00000154   Code   RO           47    .text.WINDOW_init   windows.o
    0x00001ba4   0x00001ba4   0x00000028   Code   RO          149    .text._mutex_acquire  clib_arm.o
    0x00001bcc   0x00001bcc   0x00000054   Code   RO          155    .text._mutex_free   clib_arm.o
    0x00001c20   0x00001c20   0x000000a8   Code   RO          147    .text._mutex_initialize  clib_arm.o
    0x00001cc8   0x00001cc8   0x0000002a   Code   RO          153    .text._mutex_release  clib_arm.o
    0x00001cf2   0x00001cf2   0x00000002   PAD
    0x00001cf4   0x00001cf4   0x00000002   Code   RO          141    .text._platform_post_stackheap_init  clib_arm.o
    0x00001cf6   0x00001cf6   0x00000002   PAD
    0x00001cf8   0x00001cf8   0x00000020   Code   RO          151    .text.is_thread_mode  clib_arm.o
    0x00001d18   0x00001d18   0x0000010c   Code   RO            2    .text.main          main.o
    0x00001e24   0x00001e24   0x00000020   Code   RO          145    .text.os_kernel_is_active  clib_arm.o
    0x00001e44   0x00001e44   0x000000fa   Code   RO          645    .text.prvAddCurrentTaskToDelayedList  tasks.o
    0x00001f3e   0x00001f3e   0x00000002   PAD
    0x00001f40   0x00001f40   0x00000160   Code   RO          631    .text.prvAddNewTaskToReadyList  tasks.o
    0x000020a0   0x000020a0   0x0000007e   Code   RO          783    .text.prvCheckForValidListAndQueue  timers.o
    0x0000211e   0x0000211e   0x00000002   PAD
    0x00002120   0x00002120   0x0000005a   Code   RO          749    .text.prvCheckTasksWaitingTermination  tasks.o
    0x0000217a   0x0000217a   0x00000002   PAD
    0x0000217c   0x0000217c   0x00000042   Code   RO          588    .text.prvCopyDataFromQueue  queue.o
    0x000021be   0x000021be   0x00000002   PAD
    0x000021c0   0x000021c0   0x000000cc   Code   RO          576    .text.prvCopyDataToQueue  queue.o
    0x0000228c   0x0000228c   0x0000003c   Code   RO          639    .text.prvDeleteTCB  tasks.o
    0x000022c8   0x000022c8   0x00000026   Code   RO          592    .text.prvGetDisinheritPriorityAfterTimeout  queue.o
    0x000022ee   0x000022ee   0x00000002   PAD
    0x000022f0   0x000022f0   0x00000040   Code   RO          823    .text.prvGetNextExpireTime  timers.o
    0x00002330   0x00002330   0x000000ae   Code   RO          516    .text.prvHeapInit   heap_4.o
    0x000023de   0x000023de   0x00000002   PAD
    0x000023e0   0x000023e0   0x0000003c   Code   RO          671    .text.prvIdleTask   tasks.o
    0x0000241c   0x0000241c   0x0000002c   Code   RO          556    .text.prvInitialiseMutex  queue.o
    0x00002448   0x00002448   0x00000048   Code   RO          550    .text.prvInitialiseNewQueue  queue.o
    0x00002490   0x00002490   0x000000e6   Code   RO          629    .text.prvInitialiseNewTask  tasks.o
    0x00002576   0x00002576   0x00000002   PAD
    0x00002578   0x00002578   0x0000008e   Code   RO          747    .text.prvInitialiseTaskLists  tasks.o
    0x00002606   0x00002606   0x00000002   PAD
    0x00002608   0x00002608   0x000000c6   Code   RO          518    .text.prvInsertBlockIntoFreeList  heap_4.o
    0x000026ce   0x000026ce   0x00000002   PAD
    0x000026d0   0x000026d0   0x00000086   Code   RO          837    .text.prvInsertTimerInActiveList  timers.o
    0x00002756   0x00002756   0x00000002   PAD
    0x00002758   0x00002758   0x00000028   Code   RO          590    .text.prvIsQueueEmpty  queue.o
    0x00002780   0x00002780   0x0000002e   Code   RO          578    .text.prvIsQueueFull  queue.o
    0x000027ae   0x000027ae   0x00000002   PAD
    0x000027b0   0x000027b0   0x00000020   Code   RO          494    .text.prvPortStartFirstTask  port.o
    0x000027d0   0x000027d0   0x00000054   Code   RO          831    .text.prvProcessExpiredTimer  timers.o
    0x00002824   0x00002824   0x00000144   Code   RO          827    .text.prvProcessReceivedCommands  timers.o
    0x00002968   0x00002968   0x0000009a   Code   RO          825    .text.prvProcessTimerOrBlockTask  timers.o
    0x00002a02   0x00002a02   0x00000002   PAD
    0x00002a04   0x00002a04   0x00000034   Code   RO          835    .text.prvReloadTimer  timers.o
    0x00002a38   0x00002a38   0x0000003c   Code   RO          637    .text.prvResetNextTaskUnblockTime  tasks.o
    0x00002a74   0x00002a74   0x00000044   Code   RO          829    .text.prvSampleTimeNow  timers.o
    0x00002ab8   0x00002ab8   0x00000052   Code   RO          833    .text.prvSwitchTimerLists  timers.o
    0x00002b0a   0x00002b0a   0x00000002   PAD
    0x00002b0c   0x00002b0c   0x00000026   Code   RO          486    .text.prvTaskExitError  port.o
    0x00002b32   0x00002b32   0x00000002   PAD
    0x00002b34   0x00002b34   0x0000001e   Code   RO          785    .text.prvTimerTask  timers.o
    0x00002b52   0x00002b52   0x00000002   PAD
    0x00002b54   0x00002b54   0x000000ae   Code   RO          580    .text.prvUnlockQueue  queue.o
    0x00002c02   0x00002c02   0x00000002   PAD
    0x00002c04   0x00002c04   0x00000186   Code   RO          514    .text.pvPortMalloc  heap_4.o
    0x00002d8a   0x00002d8a   0x00000002   PAD
    0x00002d8c   0x00002d8c   0x0000002c   Code   RO          731    .text.pvTaskIncrementMutexHeldCount  tasks.o
    0x00002db8   0x00002db8   0x00000050   Code   RO          484    .text.pxPortInitialiseStack  port.o
    0x00002e08   0x00002e08   0x00000048   Code   RO          475    .text.uxListRemove  list.o
    0x00002e50   0x00002e50   0x0000000c   Code   RO          681    .text.uxTaskGetNumberOfTasks  tasks.o
    0x00002e5c   0x00002e5c   0x0000002a   Code   RO          328    .text.vApplicationGetIdleTaskMemory  cmsis_os2.o
    0x00002e86   0x00002e86   0x00000002   PAD
    0x00002e88   0x00002e88   0x0000002a   Code   RO          330    .text.vApplicationGetTimerTaskMemory  cmsis_os2.o
    0x00002eb2   0x00002eb2   0x00000002   PAD
    0x00002eb4   0x00002eb4   0x00000004   Code   RO            4    .text.vApplicationIdleHook  main.o
    0x00002eb8   0x00002eb8   0x0000000a   Code   RO          326    .text.vApplicationStackOverflowHook  cmsis_os2.o
    0x00002ec2   0x00002ec2   0x00000002   PAD
    0x00002ec4   0x00002ec4   0x0000002e   Code   RO          467    .text.vListInitialise  list.o
    0x00002ef2   0x00002ef2   0x00000002   PAD
    0x00002ef4   0x00002ef4   0x0000000e   Code   RO          469    .text.vListInitialiseItem  list.o
    0x00002f02   0x00002f02   0x00000002   PAD
    0x00002f04   0x00002f04   0x0000006a   Code   RO          473    .text.vListInsert   list.o
    0x00002f6e   0x00002f6e   0x00000002   PAD
    0x00002f70   0x00002f70   0x00000030   Code   RO          498    .text.vPortEnterCritical  port.o
    0x00002fa0   0x00002fa0   0x00000026   Code   RO          500    .text.vPortExitCritical  port.o
    0x00002fc6   0x00002fc6   0x00000002   PAD
    0x00002fc8   0x00002fc8   0x00000076   Code   RO          520    .text.vPortFree     heap_4.o
    0x0000303e   0x0000303e   0x00000002   PAD
    0x00003040   0x00003040   0x00000044   Code   RO          492    .text.vPortSetupTimerInterrupt  port.o
    0x00003084   0x00003084   0x00000022   Code   RO          606    .text.vQueueDelete  queue.o
    0x000030a6   0x000030a6   0x00000002   PAD
    0x000030a8   0x000030a8   0x00000064   Code   RO          618    .text.vQueueWaitForMessageRestricted  queue.o
    0x0000310c   0x0000310c   0x0000004a   Code   RO          649    .text.vTaskDelay    tasks.o
    0x00003156   0x00003156   0x00000002   PAD
    0x00003158   0x00003158   0x00000024   Code   RO          703    .text.vTaskInternalSetTimeOutState  tasks.o
    0x0000317c   0x0000317c   0x0000000e   Code   RO          707    .text.vTaskMissedYield  tasks.o
    0x0000318a   0x0000318a   0x00000002   PAD
    0x0000318c   0x0000318c   0x00000026   Code   RO          691    .text.vTaskPlaceOnEventList  tasks.o
    0x000031b2   0x000031b2   0x00000002   PAD
    0x000031b4   0x000031b4   0x00000060   Code   RO          695    .text.vTaskPlaceOnEventListRestricted  tasks.o
    0x00003214   0x00003214   0x0000012c   Code   RO          727    .text.vTaskPriorityDisinheritAfterTimeout  tasks.o
    0x00003340   0x00003340   0x000000c4   Code   RO          669    .text.vTaskStartScheduler  tasks.o
    0x00003404   0x00003404   0x00000010   Code   RO          643    .text.vTaskSuspendAll  tasks.o
    0x00003414   0x00003414   0x00000104   Code   RO          661    .text.vTaskSwitchContext  tasks.o
    0x00003518   0x00003518   0x00000040   Code   RO          490    .text.xPortStartScheduler  port.o
    0x00003558   0x00003558   0x0000003c   Code   RO          504    .text.xPortSysTickHandler  port.o
    0x00003594   0x00003594   0x00000026   Code   RO          554    .text.xQueueCreateMutex  queue.o
    0x000035ba   0x000035ba   0x00000002   PAD
    0x000035bc   0x000035bc   0x00000032   Code   RO          558    .text.xQueueCreateMutexStatic  queue.o
    0x000035ee   0x000035ee   0x00000002   PAD
    0x000035f0   0x000035f0   0x00000086   Code   RO          552    .text.xQueueGenericCreate  queue.o
    0x00003676   0x00003676   0x00000002   PAD
    0x00003678   0x00003678   0x0000006c   Code   RO          548    .text.xQueueGenericCreateStatic  queue.o
    0x000036e4   0x000036e4   0x000000d0   Code   RO          546    .text.xQueueGenericReset  queue.o
    0x000037b4   0x000037b4   0x0000016a   Code   RO          566    .text.xQueueGenericSend  queue.o
    0x0000391e   0x0000391e   0x00000002   PAD
    0x00003920   0x00003920   0x000000c2   Code   RO          584    .text.xQueueGiveFromISR  queue.o
    0x000039e2   0x000039e2   0x00000002   PAD
    0x000039e4   0x000039e4   0x00000152   Code   RO          586    .text.xQueueReceive  queue.o
    0x00003b36   0x00003b36   0x00000002   PAD
    0x00003b38   0x00003b38   0x0000019e   Code   RO          570    .text.xQueueSemaphoreTake  queue.o
    0x00003cd6   0x00003cd6   0x00000002   PAD
    0x00003cd8   0x00003cd8   0x0000009a   Code   RO          705    .text.xTaskCheckForTimeOut  tasks.o
    0x00003d72   0x00003d72   0x00000002   PAD
    0x00003d74   0x00003d74   0x000000a6   Code   RO          633    .text.xTaskCreate   tasks.o
    0x00003e1a   0x00003e1a   0x00000002   PAD
    0x00003e1c   0x00003e1c   0x0000007a   Code   RO          627    .text.xTaskCreateStatic  tasks.o
    0x00003e96   0x00003e96   0x00000002   PAD
    0x00003e98   0x00003e98   0x00000038   Code   RO          721    .text.xTaskGetSchedulerState  tasks.o
    0x00003ed0   0x00003ed0   0x00000014   Code   RO          677    .text.xTaskGetTickCount  tasks.o
    0x00003ee4   0x00003ee4   0x00000246   Code   RO          675    .text.xTaskIncrementTick  tasks.o
    0x0000412a   0x0000412a   0x00000002   PAD
    0x0000412c   0x0000412c   0x000000e6   Code   RO          725    .text.xTaskPriorityDisinherit  tasks.o
    0x00004212   0x00004212   0x00000002   PAD
    0x00004214   0x00004214   0x0000014e   Code   RO          723    .text.xTaskPriorityInherit  tasks.o
    0x00004362   0x00004362   0x00000002   PAD
    0x00004364   0x00004364   0x0000017c   Code   RO          697    .text.xTaskRemoveFromEventList  tasks.o
    0x000044e0   0x000044e0   0x0000020a   Code   RO          647    .text.xTaskResumeAll  tasks.o
    0x000046ea   0x000046ea   0x00000002   PAD
    0x000046ec   0x000046ec   0x00000078   Code   RO          781    .text.xTimerCreateTimerTask  timers.o
    0x00004764   0x00004764   0x0000000c   Data   RO            6    .rodata.str1.1      main.o
    0x00004770   0x00004770   0x00000005   Data   RO          767    .rodata.str1.1      tasks.o
    0x00004775   0x00004775   0x00000008   Data   RO          840    .rodata.str1.1      timers.o
    0x0000477d   0x0000477d   0x00000003   PAD
    0x00004780   0x00004780   0x00000004   Data   RO          752    .rodata.uxTopUsedPriority  tasks.o
    0x00004784   0x00004784   0x00000020   Data   RO         1084    Region$$Table       anon$$obj.o


    Execution Region ER_RW (Exec base: 0x20000000, Load base: 0x000047a4, Size: 0x00000008, Max: 0xffffffff, ABSOLUTE)

    Exec Addr    Load Addr    Size         Type   Attr      Idx    E Section Name        Object

    0x20000000   0x000047a4   0x00000004   Data   RW          421    .data.SystemCoreClock  system_tm4c123.o
    0x20000004   0x000047a8   0x00000004   Data   RW          506    .data.uxCriticalNesting  port.o


    Execution Region ER_ZI (Exec base: 0x20000008, Load base: 0x000047ac, Size: 0x00002e40, Max: 0xffffffff, ABSOLUTE)

    Exec Addr    Load Addr    Size         Type   Attr      Idx    E Section Name        Object

    0x20000008        -       0x00000060   Zero   RW          949    .bss                c_w.l(libspace.o)
    0x20000068        -       0x00000018   Zero   RW          114    .bss.callBackPtr    int.o
    0x20000080        -       0x00000190   Zero   RW          160    .bss.clib_mutex_cb  clib_arm.o
    0x20000210        -       0x00000014   Zero   RW          159    .bss.clib_mutex_id  clib_arm.o
    0x20000224        -       0x00000001   Zero   RW           53    .bss.g_isLocked     windows.o
    0x20000225        -       0x00000050   Zero   RW          848    .bss.prvCheckForValidListAndQueue.ucStaticTimerQueueStorage  timers.o
    0x20000275   0x000047ac   0x00000003   PAD
    0x20000278        -       0x00000050   Zero   RW          847    .bss.prvCheckForValidListAndQueue.xStaticTimerQueue  timers.o
    0x200002c8        -       0x00000004   Zero   RW          844    .bss.prvSampleTimeNow.xLastTime  timers.o
    0x200002cc        -       0x00000004   Zero   RW          751    .bss.pxCurrentTCB   tasks.o
    0x200002d0        -       0x00000004   Zero   RW          842    .bss.pxCurrentTimerList  timers.o
    0x200002d4        -       0x00000004   Zero   RW          759    .bss.pxDelayedTaskList  tasks.o
    0x200002d8        -       0x00000004   Zero   RW          532    .bss.pxEnd          heap_4.o
    0x200002dc        -       0x00000004   Zero   RW          760    .bss.pxOverflowDelayedTaskList  tasks.o
    0x200002e0        -       0x00000004   Zero   RW          843    .bss.pxOverflowTimerList  timers.o
    0x200002e4        -       0x00000460   Zero   RW          762    .bss.pxReadyTasksLists  tasks.o
    0x20000744        -       0x00002000   Zero   RW          538    .bss.ucHeap         heap_4.o
    0x20002744        -       0x00000004   Zero   RW          756    .bss.uxCurrentNumberOfTasks  tasks.o
    0x20002748        -       0x00000004   Zero   RW          755    .bss.uxDeletedTasksWaitingCleanUp  tasks.o
    0x2000274c        -       0x00000004   Zero   RW          764    .bss.uxSchedulerSuspended  tasks.o
    0x20002750        -       0x00000004   Zero   RW          753    .bss.uxTaskNumber   tasks.o
    0x20002754        -       0x00000004   Zero   RW          763    .bss.uxTopReadyPriority  tasks.o
    0x20002758        -       0x00000200   Zero   RW          337    .bss.vApplicationGetIdleTaskMemory.Idle_Stack  cmsis_os2.o
    0x20002958        -       0x0000005c   Zero   RW          336    .bss.vApplicationGetIdleTaskMemory.Idle_TCB  cmsis_os2.o
    0x200029b4        -       0x00000140   Zero   RW          339    .bss.vApplicationGetTimerTaskMemory.Timer_Stack  cmsis_os2.o
    0x20002af4        -       0x0000005c   Zero   RW          338    .bss.vApplicationGetTimerTaskMemory.Timer_TCB  cmsis_os2.o
    0x20002b50        -       0x00000022   Zero   RW           55    .bss.windows        windows.o
    0x20002b72   0x000047ac   0x00000002   PAD
    0x20002b74        -       0x00000014   Zero   RW          845    .bss.xActiveTimerList1  timers.o
    0x20002b88        -       0x00000014   Zero   RW          846    .bss.xActiveTimerList2  timers.o
    0x20002b9c        -       0x00000004   Zero   RW           54    .bss.xBinarySemaphore  windows.o
    0x20002ba0        -       0x00000004   Zero   RW           56    .bss.xCommandQueue  windows.o
    0x20002ba4        -       0x00000014   Zero   RW          772    .bss.xDelayedTaskList1  tasks.o
    0x20002bb8        -       0x00000014   Zero   RW          773    .bss.xDelayedTaskList2  tasks.o
    0x20002bcc        -       0x00000004   Zero   RW          533    .bss.xFreeBytesRemaining  heap_4.o
    0x20002bd0        -       0x00000004   Zero   RW          768    .bss.xIdleTaskHandle  tasks.o
    0x20002bd4        -       0x00000004   Zero   RW          535    .bss.xMinimumEverFreeBytesRemaining  heap_4.o
    0x20002bd8        -       0x00000004   Zero   RW          769    .bss.xNextTaskUnblockTime  tasks.o
    0x20002bdc        -       0x00000004   Zero   RW          771    .bss.xNumOfOverflows  tasks.o
    0x20002be0        -       0x00000004   Zero   RW          536    .bss.xNumberOfSuccessfulAllocations  heap_4.o
    0x20002be4        -       0x00000004   Zero   RW          537    .bss.xNumberOfSuccessfulFrees  heap_4.o
    0x20002be8        -       0x00000004   Zero   RW          770    .bss.xPendedTicks   tasks.o
    0x20002bec        -       0x00000014   Zero   RW          766    .bss.xPendingReadyList  tasks.o
    0x20002c00        -       0x00000004   Zero   RW          757    .bss.xSchedulerRunning  tasks.o
    0x20002c04        -       0x00000008   Zero   RW          534    .bss.xStart         heap_4.o
    0x20002c0c        -       0x00000014   Zero   RW          761    .bss.xSuspendedTaskList  tasks.o
    0x20002c20        -       0x00000014   Zero   RW          754    .bss.xTasksWaitingTermination  tasks.o
    0x20002c34        -       0x00000004   Zero   RW          758    .bss.xTickCount     tasks.o
    0x20002c38        -       0x00000004   Zero   RW          839    .bss.xTimerQueue    timers.o
    0x20002c3c        -       0x00000004   Zero   RW          841    .bss.xTimerTaskHandle  timers.o
    0x20002c40        -       0x00000004   Zero   RW          765    .bss.xYieldPending  tasks.o
    0x20002c44   0x000047ac   0x00000004   PAD
    0x20002c48        -       0x00000000   Zero   RW          406    HEAP                startup_tm4c123.o
    0x20002c48        -       0x00000200   Zero   RW          405    STACK               startup_tm4c123.o


==============================================================================

Image component sizes


      Code (inc. data)   RO Data    RW Data    ZI Data      Debug   Object Name

       400          0          0          0        420       3802   clib_arm.o
       124          0          0          0       1016      33135   cmsis_os2.o
      1732         24          0          0          0       2637   dio.o
       880          0          0          0       8220       4381   heap_4.o
      1406         24          0          0         24       2009   int.o
       238          0          0          0          0       2331   list.o
       272          0         12          0          0       1271   main.o
       348          0          0          0          0       1033   motor.o
       532         12          0          4          0       2723   port.o
      2664          0          0          0          0      14380   queue.o
       276         24        620          0        512       5432   startup_tm4c123.o
         2          0          0          4          0       6022   system_tm4c123.o
      4896          0          9          0       1280      23297   tasks.o
      1238         10          8          0        220      10554   timers.o
      1802          0          0          0         43       3676   windows.o

    ----------------------------------------------------------------------
     16924        106        684          8      11744     116683   Object Totals
         0          0         32          0          0          0   (incl. Generated)
       114         12          3          0          9          0   (incl. Padding)

    ----------------------------------------------------------------------

      Code (inc. data)   RO Data    RW Data    ZI Data      Debug   Library Member Name

         8          0          0          0          0         68   __main.o
         0          0          0          0          0          0   __rtentry.o
        20          0          0          0          0          0   __rtentry2.o
         6          0          0          0          0          0   __rtentry4.o
        94          8          0          0          0          0   __scatter.o
        26          0          0          0          0          0   __scatter_copy.o
        28          0          0          0          0          0   __scatter_zi.o
        16          0          0          0          0         68   aeabi_memset4.o
        18          0          0          0          0         80   exit.o
         6          0          0          0          0        152   heapauxi.o
         0          0          0          0          0          0   indicate_semi.o
         2          0          0          0          0          0   libinit.o
         2          0          0          0          0          0   libinit2.o
         2          0          0          0          0          0   libshutdown.o
         2          0          0          0          0          0   libshutdown2.o
         8          4          0          0         96         68   libspace.o
        68          0          0          0          0         68   rt_memclr.o
        78          0          0          0          0         80   rt_memclr_w.o
       138          0          0          0          0         68   rt_memcpy_v6.o
       100          0          0          0          0         80   rt_memcpy_w.o
         2          0          0          0          0          0   rtexit.o
        10          0          0          0          0          0   rtexit2.o
        12          4          0          0          0         68   sys_exit.o
        74          0          0          0          0         80   sys_stackheap_outer.o
         2          0          0          0          0         68   use_no_semi.o

    ----------------------------------------------------------------------
       732         16          0          0         96        948   Library Totals
        10          0          0          0          0          0   (incl. Padding)

    ----------------------------------------------------------------------

      Code (inc. data)   RO Data    RW Data    ZI Data      Debug   Library Name

       722         16          0          0         96        948   c_w.l

    ----------------------------------------------------------------------
       732         16          0          0         96        948   Library Totals

    ----------------------------------------------------------------------

==============================================================================


      Code (inc. data)   RO Data    RW Data    ZI Data      Debug   

     17656        122        684          8      11840     117071   Grand Totals
     17656        122        684          8      11840     117071   ELF Image Totals
     17656        122        684          8          0          0   ROM Totals

==============================================================================

    Total RO  Size (Code + RO Data)                18340 (  17.91kB)
    Total RW  Size (RW Data + ZI Data)             11848 (  11.57kB)
    Total ROM Size (Code + RO Data + RW Data)      18348 (  17.92kB)

==============================================================================

