Component: Arm Compiler for Embedded 6.21 Tool: armlink [5ec1fa00]

==============================================================================

Section Cross References

    main.o(.text.main) refers to windows.o(.text.WINDOW_init) for WINDOW_init
    main.o(.text.main) refers to windows.o(.bss.windows) for windows
    main.o(.text.main) refers to windows.o(.text.WINDOW_PassengerTask) for WINDOW_PassengerTask
    main.o(.text.main) refers to main.o(.rodata.str1.1) for .L.str
    main.o(.text.main) refers to tasks.o(.text.xTaskCreate) for xTaskCreate
    main.o(.ARM.exidx.text.main) refers to main.o(.text.main) for [Anonymous Symbol]
    main.o(.ARM.exidx.text.vApplicationIdleHook) refers to main.o(.text.vApplicationIdleHook) for [Anonymous Symbol]
    led.o(.text.LED_init) refers to dio.o(.text.DIO_Init) for DIO_Init
    led.o(.ARM.exidx.text.LED_init) refers to led.o(.text.LED_init) for [Anonymous Symbol]
    led.o(.text.LED_turnOn) refers to dio.o(.text.DIO_writePin) for DIO_writePin
    led.o(.ARM.exidx.text.LED_turnOn) refers to led.o(.text.LED_turnOn) for [Anonymous Symbol]
    led.o(.text.LED_turnOff) refers to dio.o(.text.DIO_writePin) for DIO_writePin
    led.o(.ARM.exidx.text.LED_turnOff) refers to led.o(.text.LED_turnOff) for [Anonymous Symbol]
    led.o(.text.LED_toggle) refers to dio.o(.text.DIO_togglePin) for DIO_togglePin
    led.o(.ARM.exidx.text.LED_toggle) refers to led.o(.text.LED_toggle) for [Anonymous Symbol]
    motor.o(.text.Motor_init) refers to dio.o(.text.DIO_Init) for DIO_Init
    motor.o(.text.Motor_init) refers to dio.o(.text.DIO_writePin) for DIO_writePin
    motor.o(.ARM.exidx.text.Motor_init) refers to motor.o(.text.Motor_init) for [Anonymous Symbol]
    motor.o(.text.Motor_Rotate) refers to dio.o(.text.DIO_writePin) for DIO_writePin
    motor.o(.ARM.exidx.text.Motor_Rotate) refers to motor.o(.text.Motor_Rotate) for [Anonymous Symbol]
    windows.o(.text.WINDOW_LockToggle) refers to windows.o(.bss.g_isLocked) for g_isLocked
    windows.o(.ARM.exidx.text.WINDOW_LockToggle) refers to windows.o(.text.WINDOW_LockToggle) for [Anonymous Symbol]
    windows.o(.text.WINDOW_init) refers to motor.o(.text.Motor_init) for Motor_init
    windows.o(.text.WINDOW_init) refers to windows.o(.bss.windows) for windows
    windows.o(.text.WINDOW_init) refers to dio.o(.text.DIO_Init) for DIO_Init
    windows.o(.text.WINDOW_init) refers to int.o(.text.INT_init) for INT_init
    windows.o(.text.WINDOW_init) refers to windows.o(.text.WINDOW_LockToggle) for WINDOW_LockToggle
    windows.o(.text.WINDOW_init) refers to int.o(.text.INT_setCallBack) for INT_setCallBack
    windows.o(.ARM.exidx.text.WINDOW_init) refers to windows.o(.text.WINDOW_init) for [Anonymous Symbol]
    windows.o(.text.WINDOW_PassengerTask) refers to windows.o(.bss.g_isLocked) for g_isLocked
    windows.o(.text.WINDOW_PassengerTask) refers to dio.o(.text.DIO_readPin) for DIO_readPin
    windows.o(.text.WINDOW_PassengerTask) refers to tasks.o(.text.vTaskDelay) for vTaskDelay
    windows.o(.text.WINDOW_PassengerTask) refers to motor.o(.text.Motor_Rotate) for Motor_Rotate
    windows.o(.ARM.exidx.text.WINDOW_PassengerTask) refers to windows.o(.text.WINDOW_PassengerTask) for [Anonymous Symbol]
    windows.o(.ARM.exidx.text.WINDOW_DriverTask) refers to windows.o(.text.WINDOW_DriverTask) for [Anonymous Symbol]
    delay.o(.ARM.exidx.text._delay_sec) refers to delay.o(.text._delay_sec) for [Anonymous Symbol]
    delay.o(.ARM.exidx.text._delay_ms) refers to delay.o(.text._delay_ms) for [Anonymous Symbol]
    dio.o(.ARM.exidx.text.DIO_Init) refers to dio.o(.text.DIO_Init) for [Anonymous Symbol]
    dio.o(.ARM.exidx.text.DIO_writePin) refers to dio.o(.text.DIO_writePin) for [Anonymous Symbol]
    dio.o(.ARM.exidx.text.DIO_writePort) refers to dio.o(.text.DIO_writePort) for [Anonymous Symbol]
    dio.o(.ARM.exidx.text.DIO_readPin) refers to dio.o(.text.DIO_readPin) for [Anonymous Symbol]
    dio.o(.ARM.exidx.text.DIO_readPort) refers to dio.o(.text.DIO_readPort) for [Anonymous Symbol]
    dio.o(.ARM.exidx.text.DIO_togglePin) refers to dio.o(.text.DIO_togglePin) for [Anonymous Symbol]
    int.o(.ARM.exidx.text.INT_init) refers to int.o(.text.INT_init) for [Anonymous Symbol]
    int.o(.text.INT_setCallBack) refers to int.o(.bss.callBackPtr) for callBackPtr
    int.o(.ARM.exidx.text.INT_setCallBack) refers to int.o(.text.INT_setCallBack) for [Anonymous Symbol]
    int.o(.text.GPIOA_Handler) refers to int.o(.bss.callBackPtr) for callBackPtr
    int.o(.ARM.exidx.text.GPIOA_Handler) refers to int.o(.text.GPIOA_Handler) for [Anonymous Symbol]
    int.o(.text.GPIOB_Handler) refers to int.o(.bss.callBackPtr) for callBackPtr
    int.o(.ARM.exidx.text.GPIOB_Handler) refers to int.o(.text.GPIOB_Handler) for [Anonymous Symbol]
    int.o(.text.GPIOC_Handler) refers to int.o(.bss.callBackPtr) for callBackPtr
    int.o(.ARM.exidx.text.GPIOC_Handler) refers to int.o(.text.GPIOC_Handler) for [Anonymous Symbol]
[...]
    Removing timers.o(.ARM.exidx.text.xTimerIsTimerActive), (8 bytes).
    Removing timers.o(.text.pvTimerGetTimerID), (30 bytes).
    Removing timers.o(.ARM.exidx.text.pvTimerGetTimerID), (8 bytes).
    Removing timers.o(.text.vTimerSetTimerID), (30 bytes).
    Removing timers.o(.ARM.exidx.text.vTimerSetTimerID), (8 bytes).
    Removing timers.o(.text.xTimerPendFunctionCallFromISR), (58 bytes).
    Removing timers.o(.ARM.exidx.text.xTimerPendFunctionCallFromISR), (8 bytes).
    Removing timers.o(.text.xTimerPendFunctionCall), (58 bytes).
    Removing timers.o(.ARM.exidx.text.xTimerPendFunctionCall), (8 bytes).
    Removing timers.o(.text.uxTimerGetTimerNumber), (12 bytes).
    Removing timers.o(.ARM.exidx.text.uxTimerGetTimerNumber), (8 bytes).
    Removing timers.o(.text.vTimerSetTimerNumber), (16 bytes).
    Removing timers.o(.ARM.exidx.text.vTimerSetTimerNumber), (8 bytes).
    Removing timers.o(.text.prvGetNextExpireTime), (64 bytes).
    Removing timers.o(.ARM.exidx.text.prvGetNextExpireTime), (8 bytes).
    Removing timers.o(.text.prvProcessTimerOrBlockTask), (154 bytes).
    Removing timers.o(.ARM.exidx.text.prvProcessTimerOrBlockTask), (8 bytes).
    Removing timers.o(.text.prvProcessReceivedCommands), (324 bytes).
    Removing timers.o(.ARM.exidx.text.prvProcessReceivedCommands), (8 bytes).
    Removing timers.o(.text.prvSampleTimeNow), (68 bytes).
    Removing timers.o(.ARM.exidx.text.prvSampleTimeNow), (8 bytes).
    Removing timers.o(.text.prvProcessExpiredTimer), (84 bytes).
    Removing timers.o(.ARM.exidx.text.prvProcessExpiredTimer), (8 bytes).
    Removing timers.o(.text.prvSwitchTimerLists), (82 bytes).
    Removing timers.o(.ARM.exidx.text.prvSwitchTimerLists), (8 bytes).
    Removing timers.o(.text.prvReloadTimer), (52 bytes).
    Removing timers.o(.ARM.exidx.text.prvReloadTimer), (8 bytes).
    Removing timers.o(.text.prvInsertTimerInActiveList), (134 bytes).
    Removing timers.o(.ARM.exidx.text.prvInsertTimerInActiveList), (8 bytes).
    Removing timers.o(.bss.xTimerQueue), (4 bytes).
    Removing timers.o(.rodata.str1.1), (8 bytes).
    Removing timers.o(.bss.xTimerTaskHandle), (4 bytes).
    Removing timers.o(.bss.pxCurrentTimerList), (4 bytes).
    Removing timers.o(.bss.pxOverflowTimerList), (4 bytes).
    Removing timers.o(.bss.prvSampleTimeNow.xLastTime), (4 bytes).
    Removing timers.o(.bss.xActiveTimerList1), (20 bytes).
    Removing timers.o(.bss.xActiveTimerList2), (20 bytes).
    Removing timers.o(.bss.prvCheckForValidListAndQueue.xStaticTimerQueue), (80 bytes).
    Removing timers.o(.bss.prvCheckForValidListAndQueue.ucStaticTimerQueueStorage), (80 bytes).

602 unused section(s) (total 31267 bytes) removed from the image.

==============================================================================

Image Symbol Table

    Local Symbols

    Symbol Name                              Value     Ov Type        Size  Object(Section)

    ../clib/angel/boardlib.s                 0x00000000   Number         0  boardinit1.o ABSOLUTE
    ../clib/angel/boardlib.s                 0x00000000   Number         0  boardinit3.o ABSOLUTE
    ../clib/angel/boardlib.s                 0x00000000   Number         0  boardshut.o ABSOLUTE
    ../clib/angel/handlers.s                 0x00000000   Number         0  __scatter_copy.o ABSOLUTE
    ../clib/angel/handlers.s                 0x00000000   Number         0  __scatter_zi.o ABSOLUTE
    ../clib/angel/kernel.s                   0x00000000   Number         0  __rtentry.o ABSOLUTE
    ../clib/angel/kernel.s                   0x00000000   Number         0  __rtentry2.o ABSOLUTE
    ../clib/angel/kernel.s                   0x00000000   Number         0  __rtentry4.o ABSOLUTE
    ../clib/angel/kernel.s                   0x00000000   Number         0  rtexit.o ABSOLUTE
    ../clib/angel/kernel.s                   0x00000000   Number         0  rtexit2.o ABSOLUTE
    ../clib/angel/rt.s                       0x00000000   Number         0  rt_raise.o ABSOLUTE
    ../clib/angel/scatter.s                  0x00000000   Number         0  __scatter.o ABSOLUTE
    ../clib/angel/startup.s                  0x00000000   Number         0  __main.o ABSOLUTE
    ../clib/angel/sys.s                      0x00000000   Number         0  sys_stackheap_outer.o ABSOLUTE
    ../clib/angel/sys.s                      0x00000000   Number         0  libspace.o ABSOLUTE
    ../clib/angel/sys.s                      0x00000000   Number         0  use_no_semi.o ABSOLUTE
    ../clib/angel/sys.s                      0x00000000   Number         0  indicate_semi.o ABSOLUTE
    ../clib/angel/sysapp.c                   0x00000000   Number         0  sys_exit.o ABSOLUTE
    ../clib/angel/sysapp.c                   0x00000000   Number         0  sys_exit_hlt.o ABSOLUTE
    ../clib/angel/sysapp.c                   0x00000000   Number         0  sys_command.o ABSOLUTE
    ../clib/angel/sysapp.c                   0x00000000   Number         0  sys_command_hlt.o ABSOLUTE
    ../clib/angel/sysapp.c                   0x00000000   Number         0  sys_wrch.o ABSOLUTE
    ../clib/angel/sysapp.c                   0x00000000   Number         0  sys_wrch_hlt.o ABSOLUTE
    ../clib/armsys.c                         0x00000000   Number         0  argv_veneer.o ABSOLUTE
    ../clib/armsys.c                         0x00000000   Number         0  argv_veneer.o ABSOLUTE
    ../clib/armsys.c                         0x00000000   Number         0  _get_argv_nomalloc.o ABSOLUTE
    ../clib/armsys.c                         0x00000000   Number         0  no_argv.o ABSOLUTE
    ../clib/heapalloc.c                      0x00000000   Number         0  hrguard.o ABSOLUTE
    ../clib/heapaux.c                        0x00000000   Number         0  heapauxi.o ABSOLUTE
    ../clib/libinit.s                        0x00000000   Number         0  libinit.o ABSOLUTE
    ../clib/libinit.s                        0x00000000   Number         0  libinit2.o ABSOLUTE
    ../clib/libinit.s                        0x00000000   Number         0  libshutdown.o ABSOLUTE
    ../clib/libinit.s                        0x00000000   Number         0  libshutdown2.o ABSOLUTE
    ../clib/memcpset.s                       0x00000000   Number         0  rt_memcpy_v6.o ABSOLUTE
    ../clib/memcpset.s                       0x00000000   Number         0  aeabi_memset4.o ABSOLUTE
    ../clib/memcpset.s                       0x00000000   Number         0  rt_memclr.o ABSOLUTE
    ../clib/memcpset.s                       0x00000000   Number         0  strcmpv7em.o ABSOLUTE
    ../clib/memcpset.s                       0x00000000   Number         0  rt_memcpy_w.o ABSOLUTE
    ../clib/memcpset.s                       0x00000000   Number         0  rt_memclr_w.o ABSOLUTE
    ../clib/signal.c                         0x00000000   Number         0  defsig_rtmem_outer.o ABSOLUTE
    ../clib/signal.c                         0x00000000   Number         0  defsig_rtmem_formal.o ABSOLUTE
    ../clib/signal.c                         0x00000000   Number         0  defsig_exit.o ABSOLUTE
    ../clib/signal.c                         0x00000000   Number         0  defsig_rtmem_inner.o ABSOLUTE
    ../clib/signal.c                         0x00000000   Number         0  __raise.o ABSOLUTE
    ../clib/signal.c                         0x00000000   Number         0  defsig_general.o ABSOLUTE
    ../clib/signal.c                         0x00000000   Number         0  defsig_abrt_inner.o ABSOLUTE
    ../clib/signal.c                         0x00000000   Number         0  defsig_fpe_inner.o ABSOLUTE
    ../clib/signal.c                         0x00000000   Number         0  defsig_rtred_inner.o ABSOLUTE
    ../clib/signal.c                         0x00000000   Number         0  defsig_stak_inner.o ABSOLUTE
    ../clib/signal.c                         0x00000000   Number         0  defsig_pvfn_inner.o ABSOLUTE
    ../clib/signal.c                         0x00000000   Number         0  defsig_cppl_inner.o ABSOLUTE
    ../clib/signal.c                         0x00000000   Number         0  defsig_segv_inner.o ABSOLUTE
    ../clib/signal.c                         0x00000000   Number         0  defsig_other.o ABSOLUTE
    ../clib/signal.s                         0x00000000   Number         0  defsig.o ABSOLUTE
    ../clib/stdlib.c                         0x00000000   Number         0  exit.o ABSOLUTE
    ../fplib/d2f.s                           0x00000000   Number         0  d2f.o ABSOLUTE
    ../fplib/daddsub.s                       0x00000000   Number         0  daddsub_clz.o ABSOLUTE
    ../fplib/ddiv.s                          0x00000000   Number         0  ddiv.o ABSOLUTE
    ../fplib/dfix.s                          0x00000000   Number         0  dfix.o ABSOLUTE
    ../fplib/dmul.s                          0x00000000   Number         0  dmul.o ABSOLUTE
    ../fplib/dnaninf.s                       0x00000000   Number         0  dnaninf.o ABSOLUTE
    ../fplib/dretinf.s                       0x00000000   Number         0  dretinf.o ABSOLUTE
    ../fplib/f2d.s                           0x00000000   Number         0  f2d.o ABSOLUTE
    ../fplib/faddsub.s                       0x00000000   Number         0  faddsub_clz.o ABSOLUTE
    ../fplib/ffix.s                          0x00000000   Number         0  ffix.o ABSOLUTE
    ../fplib/ffixu.s                         0x00000000   Number         0  ffixu.o ABSOLUTE
    ../fplib/fflt.s                          0x00000000   Number         0  fflt_clz.o ABSOLUTE
    ../fplib/fmul.s                          0x00000000   Number         0  fmul.o ABSOLUTE
    ../fplib/fnaninf.s                       0x00000000   Number         0  fnaninf.o ABSOLUTE
    ../fplib/fpinit.s                        0x00000000   Number         0  fpinit.o ABSOLUTE
    ../fplib/fpinit_empty.s                  0x00000000   Number         0  fpinit_empty.o ABSOLUTE
    ../fplib/fretinf.s                       0x00000000   Number         0  fretinf.o ABSOLUTE
    ../fplib/usenofp.s                       0x00000000   Number         0  usenofp.o ABSOLUTE
    DIO.c                                    0x00000000   Number         0  dio.o ABSOLUTE
    RTE/Device/TM4C123GH6PM/startup_TM4C123.s 0x00000000   Number         0  startup_tm4c123.o ABSOLUTE
    clib_arm.c                               0x00000000   Number         0  clib_arm.o ABSOLUTE
    cmsis_os2.c                              0x00000000   Number         0  cmsis_os2.o ABSOLUTE
    dc.s                                     0x00000000   Number         0  dc.o ABSOLUTE
    delay.c                                  0x00000000   Number         0  delay.o ABSOLUTE
    event_groups.c                           0x00000000   Number         0  event_groups.o ABSOLUTE
    freertos_evr.c                           0x00000000   Number         0  freertos_evr.o ABSOLUTE
    heap_4.c                                 0x00000000   Number         0  heap_4.o ABSOLUTE
    int.c                                    0x00000000   Number         0  int.o ABSOLUTE
    led.c                                    0x00000000   Number         0  led.o ABSOLUTE
    list.c                                   0x00000000   Number         0  list.o ABSOLUTE
    main.c                                   0x00000000   Number         0  main.o ABSOLUTE
    motor.c                                  0x00000000   Number         0  motor.o ABSOLUTE
    os_systick.c                             0x00000000   Number         0  os_systick.o ABSOLUTE
    port.c                                   0x00000000   Number         0  port.o ABSOLUTE
    queue.c                                  0x00000000   Number         0  queue.o ABSOLUTE
    retarget_io.c                            0x00000000   Number         0  retarget_io.o ABSOLUTE
    system_TM4C123.c                         0x00000000   Number         0  system_tm4c123.o ABSOLUTE
    tasks.c                                  0x00000000   Number         0  tasks.o ABSOLUTE
    timers.c                                 0x00000000   Number         0  timers.o ABSOLUTE
    uart.c                                   0x00000000   Number         0  uart.o ABSOLUTE
    windows.c                                0x00000000   Number         0  windows.o ABSOLUTE
    RESET                                    0x00000000   Section      620  startup_tm4c123.o(RESET)
    !!!main                                  0x0000026c   Section        8  __main.o(!!!main)
    !!!scatter                               0x00000274   Section       92  __scatter.o(!!!scatter)
    !!handler_copy                           0x000002d0   Section       26  __scatter_copy.o(!!handler_copy)
    !!handler_null                           0x000002ec   Section        2  __scatter.o(!!handler_null)
    !!handler_zi                             0x000002f0   Section       28  __scatter_zi.o(!!handler_zi)
    .ARM.Collect$$libinit$$00000000          0x0000030c   Section        2  libinit.o(.ARM.Collect$$libinit$$00000000)
    .ARM.Collect$$libinit$$00000002          0x0000030e   Section        0  libinit2.o(.ARM.Collect$$libinit$$00000002)
    .ARM.Collect$$libinit$$00000004          0x0000030e   Section        0  libinit2.o(.ARM.Collect$$libinit$$00000004)
    .ARM.Collect$$libinit$$00000006          0x0000030e   Section        0  libinit2.o(.ARM.Collect$$libinit$$00000006)
    .ARM.Collect$$libinit$$0000000C          0x0000030e   Section        0  libinit2.o(.ARM.Collect$$libinit$$0000000C)
    .ARM.Collect$$libinit$$0000000E          0x0000030e   Section        0  libinit2.o(.ARM.Collect$$libinit$$0000000E)
    .ARM.Collect$$libinit$$00000010          0x0000030e   Section        0  libinit2.o(.ARM.Collect$$libinit$$00000010)
    .ARM.Collect$$libinit$$00000013          0x0000030e   Section        0  libinit2.o(.ARM.Collect$$libinit$$00000013)
    .ARM.Collect$$libinit$$00000015          0x0000030e   Section        0  libinit2.o(.ARM.Collect$$libinit$$00000015)
    .ARM.Collect$$libinit$$00000017          0x0000030e   Section        0  libinit2.o(.ARM.Collect$$libinit$$00000017)
    .ARM.Collect$$libinit$$00000019          0x0000030e   Section        0  libinit2.o(.ARM.Collect$$libinit$$00000019)
    .ARM.Collect$$libinit$$0000001B          0x0000030e   Section        0  libinit2.o(.ARM.Collect$$libinit$$0000001B)
    .ARM.Collect$$libinit$$0000001D          0x0000030e   Section        0  libinit2.o(.ARM.Collect$$libinit$$0000001D)
    .ARM.Collect$$libinit$$0000001F          0x0000030e   Section        0  libinit2.o(.ARM.Collect$$libinit$$0000001F)
    .ARM.Collect$$libinit$$00000021          0x0000030e   Section        0  libinit2.o(.ARM.Collect$$libinit$$00000021)
    .ARM.Collect$$libinit$$00000023          0x0000030e   Section        0  libinit2.o(.ARM.Collect$$libinit$$00000023)
    .ARM.Collect$$libinit$$00000025          0x0000030e   Section        0  libinit2.o(.ARM.Collect$$libinit$$00000025)
    .ARM.Collect$$libinit$$00000027          0x0000030e   Section        0  libinit2.o(.ARM.Collect$$libinit$$00000027)
    .ARM.Collect$$libinit$$0000002E          0x0000030e   Section        0  libinit2.o(.ARM.Collect$$libinit$$0000002E)
    .ARM.Collect$$libinit$$00000030          0x0000030e   Section        0  libinit2.o(.ARM.Collect$$libinit$$00000030)
    .ARM.Collect$$libinit$$00000032          0x0000030e   Section        0  libinit2.o(.ARM.Collect$$libinit$$00000032)
    .ARM.Collect$$libinit$$00000034          0x0000030e   Section        0  libinit2.o(.ARM.Collect$$libinit$$00000034)
    .ARM.Collect$$libinit$$00000035          0x0000030e   Section        2  libinit2.o(.ARM.Collect$$libinit$$00000035)
    .ARM.Collect$$libshutdown$$00000000      0x00000310   Section        2  libshutdown.o(.ARM.Collect$$libshutdown$$00000000)
    .ARM.Collect$$libshutdown$$00000002      0x00000312   Section        0  libshutdown2.o(.ARM.Collect$$libshutdown$$00000002)
    .ARM.Collect$$libshutdown$$00000004      0x00000312   Section        0  libshutdown2.o(.ARM.Collect$$libshutdown$$00000004)
    .ARM.Collect$$libshutdown$$00000007      0x00000312   Section        0  libshutdown2.o(.ARM.Collect$$libshutdown$$00000007)
    .ARM.Collect$$libshutdown$$0000000A      0x00000312   Section        0  libshutdown2.o(.ARM.Collect$$libshutdown$$0000000A)
    .ARM.Collect$$libshutdown$$0000000C      0x00000312   Section        0  libshutdown2.o(.ARM.Collect$$libshutdown$$0000000C)
    .ARM.Collect$$libshutdown$$0000000F      0x00000312   Section        0  libshutdown2.o(.ARM.Collect$$libshutdown$$0000000F)
    .ARM.Collect$$libshutdown$$00000010      0x00000312   Section        2  libshutdown2.o(.ARM.Collect$$libshutdown$$00000010)
    .ARM.Collect$$rtentry$$00000000          0x00000314   Section        0  __rtentry.o(.ARM.Collect$$rtentry$$00000000)
    .ARM.Collect$$rtentry$$00000002          0x00000314   Section        0  __rtentry2.o(.ARM.Collect$$rtentry$$00000002)
    .ARM.Collect$$rtentry$$00000004          0x00000314   Section        6  __rtentry4.o(.ARM.Collect$$rtentry$$00000004)
    .ARM.Collect$$rtentry$$00000008          0x0000031a   Section        8  __rtentry2.o(.ARM.Collect$$rtentry$$00000008)
    .ARM.Collect$$rtentry$$0000000A          0x00000322   Section        4  __rtentry2.o(.ARM.Collect$$rtentry$$0000000A)
    .ARM.Collect$$rtentry$$0000000C          0x00000326   Section        0  __rtentry2.o(.ARM.Collect$$rtentry$$0000000C)
    .ARM.Collect$$rtentry$$0000000D          0x00000326   Section        8  __rtentry2.o(.ARM.Collect$$rtentry$$0000000D)
    .ARM.Collect$$rtexit$$00000000           0x0000032e   Section        2  rtexit.o(.ARM.Collect$$rtexit$$00000000)
    .ARM.Collect$$rtexit$$00000002           0x00000330   Section        0  rtexit2.o(.ARM.Collect$$rtexit$$00000002)
    .ARM.Collect$$rtexit$$00000003           0x00000330   Section        4  rtexit2.o(.ARM.Collect$$rtexit$$00000003)
    .ARM.Collect$$rtexit$$00000004           0x00000334   Section        6  rtexit2.o(.ARM.Collect$$rtexit$$00000004)
    .text                                    0x0000033c   Section      276  startup_tm4c123.o(.text)
    .text                                    0x00000450   Section      138  rt_memcpy_v6.o(.text)
    .text                                    0x000004da   Section       16  aeabi_memset4.o(.text)
    .text                                    0x000004ea   Section       68  rt_memclr.o(.text)
    .text                                    0x0000052e   Section        0  heapauxi.o(.text)
    .text                                    0x00000534   Section      100  rt_memcpy_w.o(.text)
    .text                                    0x00000598   Section       78  rt_memclr_w.o(.text)
    .text                                    0x000005e6   Section       74  sys_stackheap_outer.o(.text)
    .text                                    0x00000630   Section        0  exit.o(.text)
    .text                                    0x00000644   Section        8  libspace.o(.text)
    .text                                    0x0000064c   Section        0  sys_exit.o(.text)
    .text                                    0x00000658   Section        2  use_no_semi.o(.text)
    .text                                    0x0000065a   Section        0  indicate_semi.o(.text)
    [Anonymous Symbol]                       0x0000065c   Section        0  dio.o(.text.DIO_Init)
    [Anonymous Symbol]                       0x00000a1c   Section        0  dio.o(.text.DIO_readPin)
    [Anonymous Symbol]                       0x00000b60   Section        0  dio.o(.text.DIO_writePin)
    [Anonymous Symbol]                       0x00000d24   Section        0  int.o(.text.GPIOA_Handler)
    [Anonymous Symbol]                       0x00000d44   Section        0  int.o(.text.GPIOB_Handler)
    [Anonymous Symbol]                       0x00000d64   Section        0  int.o(.text.GPIOC_Handler)
    [Anonymous Symbol]                       0x00000d84   Section        0  int.o(.text.GPIOD_Handler)
    [Anonymous Symbol]                       0x00000da4   Section        0  int.o(.text.GPIOE_Handler)
    [Anonymous Symbol]                       0x00000dc4   Section        0  int.o(.text.GPIOF_Handler)
    [Anonymous Symbol]                       0x00000de4   Section        0  int.o(.text.INT_init)
    [Anonymous Symbol]                       0x00001120   Section        0  int.o(.text.INT_setCallBack)
    [Anonymous Symbol]                       0x00001154   Section        0  motor.o(.text.Motor_Rotate)
    [Anonymous Symbol]                       0x00001338   Section        0  motor.o(.text.Motor_init)
    [Anonymous Symbol]                       0x000013f0   Section        0  port.o(.text.PendSV_Handler)
    pxCurrentTCBConst                        0x00001430   Number         0  port.o(.text.PendSV_Handler)
    [Anonymous Symbol]                       0x00001440   Section        0  port.o(.text.SVC_Handler)
    pxCurrentTCBConst2                       0x00001460   Number         0  port.o(.text.SVC_Handler)
    [Anonymous Symbol]                       0x00001464   Section        0  cmsis_os2.o(.text.SysTick_Handler)
    [Anonymous Symbol]                       0x00001484   Section        0  system_tm4c123.o(.text.SystemInit)
    [Anonymous Symbol]                       0x00001488   Section        0  windows.o(.text.WINDOW_LockToggle)
    [Anonymous Symbol]                       0x0000149c   Section        0  windows.o(.text.WINDOW_PassengerTask)
    [Anonymous Symbol]                       0x00001694   Section        0  windows.o(.text.WINDOW_init)
    __tagsym$$used.1                         0x00001750   Number         0  clib_arm.o(.text._mutex_acquire)
    [Anonymous Symbol]                       0x00001750   Section        0  clib_arm.o(.text._mutex_acquire)
    __tagsym$$used.3                         0x00001778   Number         0  clib_arm.o(.text._mutex_free)
    [Anonymous Symbol]                       0x00001778   Section        0  clib_arm.o(.text._mutex_free)
    __tagsym$$used.0                         0x000017cc   Number         0  clib_arm.o(.text._mutex_initialize)
    [Anonymous Symbol]                       0x000017cc   Section        0  clib_arm.o(.text._mutex_initialize)
    __tagsym$$used.2                         0x00001874   Number         0  clib_arm.o(.text._mutex_release)
    [Anonymous Symbol]                       0x00001874   Section        0  clib_arm.o(.text._mutex_release)
    [Anonymous Symbol]                       0x000018a0   Section        0  clib_arm.o(.text._platform_post_stackheap_init)
    is_thread_mode                           0x000018a5   Thumb Code    32  clib_arm.o(.text.is_thread_mode)
    [Anonymous Symbol]                       0x000018a4   Section        0  clib_arm.o(.text.is_thread_mode)
    [Anonymous Symbol]                       0x000018c4   Section        0  main.o(.text.main)
    os_kernel_is_active                      0x0000192d   Thumb Code    32  clib_arm.o(.text.os_kernel_is_active)
    [Anonymous Symbol]                       0x0000192c   Section        0  clib_arm.o(.text.os_kernel_is_active)
    prvAddCurrentTaskToDelayedList           0x0000194d   Thumb Code   250  tasks.o(.text.prvAddCurrentTaskToDelayedList)
    [Anonymous Symbol]                       0x0000194c   Section        0  tasks.o(.text.prvAddCurrentTaskToDelayedList)
    prvAddNewTaskToReadyList                 0x00001a49   Thumb Code   352  tasks.o(.text.prvAddNewTaskToReadyList)
    [Anonymous Symbol]                       0x00001a48   Section        0  tasks.o(.text.prvAddNewTaskToReadyList)
    prvCopyDataToQueue                       0x00001ba9   Thumb Code   204  queue.o(.text.prvCopyDataToQueue)
    [Anonymous Symbol]                       0x00001ba8   Section        0  queue.o(.text.prvCopyDataToQueue)
    prvGetDisinheritPriorityAfterTimeout     0x00001c75   Thumb Code    38  queue.o(.text.prvGetDisinheritPriorityAfterTimeout)
    [Anonymous Symbol]                       0x00001c74   Section        0  queue.o(.text.prvGetDisinheritPriorityAfterTimeout)
    prvHeapInit                              0x00001c9d   Thumb Code   174  heap_4.o(.text.prvHeapInit)
    [Anonymous Symbol]                       0x00001c9c   Section        0  heap_4.o(.text.prvHeapInit)
    prvInitialiseMutex                       0x00001d4d   Thumb Code    44  queue.o(.text.prvInitialiseMutex)
    [Anonymous Symbol]                       0x00001d4c   Section        0  queue.o(.text.prvInitialiseMutex)
    prvInitialiseNewQueue                    0x00001d79   Thumb Code    72  queue.o(.text.prvInitialiseNewQueue)
    [Anonymous Symbol]                       0x00001d78   Section        0  queue.o(.text.prvInitialiseNewQueue)
    prvInitialiseNewTask                     0x00001dc1   Thumb Code   230  tasks.o(.text.prvInitialiseNewTask)
    [Anonymous Symbol]                       0x00001dc0   Section        0  tasks.o(.text.prvInitialiseNewTask)
    prvInitialiseTaskLists                   0x00001ea9   Thumb Code   142  tasks.o(.text.prvInitialiseTaskLists)
    [Anonymous Symbol]                       0x00001ea8   Section        0  tasks.o(.text.prvInitialiseTaskLists)
    prvInsertBlockIntoFreeList               0x00001f39   Thumb Code   198  heap_4.o(.text.prvInsertBlockIntoFreeList)
    [Anonymous Symbol]                       0x00001f38   Section        0  heap_4.o(.text.prvInsertBlockIntoFreeList)
    prvIsQueueEmpty                          0x00002001   Thumb Code    40  queue.o(.text.prvIsQueueEmpty)
    [Anonymous Symbol]                       0x00002000   Section        0  queue.o(.text.prvIsQueueEmpty)
    prvIsQueueFull                           0x00002029   Thumb Code    46  queue.o(.text.prvIsQueueFull)
    [Anonymous Symbol]                       0x00002028   Section        0  queue.o(.text.prvIsQueueFull)
    prvResetNextTaskUnblockTime              0x00002059   Thumb Code    60  tasks.o(.text.prvResetNextTaskUnblockTime)
    [Anonymous Symbol]                       0x00002058   Section        0  tasks.o(.text.prvResetNextTaskUnblockTime)
    prvTaskExitError                         0x00002095   Thumb Code    38  port.o(.text.prvTaskExitError)
    [Anonymous Symbol]                       0x00002094   Section        0  port.o(.text.prvTaskExitError)
    prvUnlockQueue                           0x000020bd   Thumb Code   174  queue.o(.text.prvUnlockQueue)
    [Anonymous Symbol]                       0x000020bc   Section        0  queue.o(.text.prvUnlockQueue)
    [Anonymous Symbol]                       0x0000216c   Section        0  heap_4.o(.text.pvPortMalloc)
    [Anonymous Symbol]                       0x000022f4   Section        0  tasks.o(.text.pvTaskIncrementMutexHeldCount)
    [Anonymous Symbol]                       0x00002320   Section        0  port.o(.text.pxPortInitialiseStack)
    [Anonymous Symbol]                       0x00002370   Section        0  list.o(.text.uxListRemove)
    [Anonymous Symbol]                       0x000023b8   Section        0  cmsis_os2.o(.text.vApplicationStackOverflowHook)
    [Anonymous Symbol]                       0x000023c4   Section        0  list.o(.text.vListInitialise)
    [Anonymous Symbol]                       0x000023f4   Section        0  list.o(.text.vListInitialiseItem)
    [Anonymous Symbol]                       0x00002404   Section        0  list.o(.text.vListInsert)
    [Anonymous Symbol]                       0x00002470   Section        0  port.o(.text.vPortEnterCritical)
    [Anonymous Symbol]                       0x000024a0   Section        0  port.o(.text.vPortExitCritical)
    [Anonymous Symbol]                       0x000024c8   Section        0  heap_4.o(.text.vPortFree)
    [Anonymous Symbol]                       0x00002540   Section        0  queue.o(.text.vQueueDelete)
    [Anonymous Symbol]                       0x00002564   Section        0  tasks.o(.text.vTaskDelay)
    [Anonymous Symbol]                       0x000025b0   Section        0  tasks.o(.text.vTaskInternalSetTimeOutState)
    [Anonymous Symbol]                       0x000025d4   Section        0  tasks.o(.text.vTaskMissedYield)
    [Anonymous Symbol]                       0x000025e4   Section        0  tasks.o(.text.vTaskPlaceOnEventList)
    [Anonymous Symbol]                       0x0000260c   Section        0  tasks.o(.text.vTaskPriorityDisinheritAfterTimeout)
    [Anonymous Symbol]                       0x00002738   Section        0  tasks.o(.text.vTaskSuspendAll)
    __tagsym$$used.0                         0x00002748   Number         0  tasks.o(.text.vTaskSwitchContext)
    [Anonymous Symbol]                       0x00002748   Section        0  tasks.o(.text.vTaskSwitchContext)
    [Anonymous Symbol]                       0x0000284c   Section        0  port.o(.text.xPortSysTickHandler)
    [Anonymous Symbol]                       0x00002888   Section        0  queue.o(.text.xQueueCreateMutex)
    [Anonymous Symbol]                       0x000028b0   Section        0  queue.o(.text.xQueueCreateMutexStatic)
    [Anonymous Symbol]                       0x000028e4   Section        0  queue.o(.text.xQueueGenericCreate)
    [Anonymous Symbol]                       0x0000296c   Section        0  queue.o(.text.xQueueGenericCreateStatic)
    [Anonymous Symbol]                       0x000029d8   Section        0  queue.o(.text.xQueueGenericReset)
    [Anonymous Symbol]                       0x00002aa8   Section        0  queue.o(.text.xQueueGenericSend)
    [Anonymous Symbol]                       0x00002c14   Section        0  queue.o(.text.xQueueSemaphoreTake)
    [Anonymous Symbol]                       0x00002db4   Section        0  tasks.o(.text.xTaskCheckForTimeOut)
    [Anonymous Symbol]                       0x00002e50   Section        0  tasks.o(.text.xTaskCreate)
    [Anonymous Symbol]                       0x00002ef8   Section        0  tasks.o(.text.xTaskGetSchedulerState)
    [Anonymous Symbol]                       0x00002f30   Section        0  tasks.o(.text.xTaskIncrementTick)
    [Anonymous Symbol]                       0x00003178   Section        0  tasks.o(.text.xTaskPriorityDisinherit)
    [Anonymous Symbol]                       0x00003260   Section        0  tasks.o(.text.xTaskPriorityInherit)
    [Anonymous Symbol]                       0x000033b0   Section        0  tasks.o(.text.xTaskRemoveFromEventList)
    [Anonymous Symbol]                       0x0000352c   Section        0  tasks.o(.text.xTaskResumeAll)
    .L.str                                   0x00003736   Data          12  main.o(.rodata.str1.1)
    [Anonymous Symbol]                       0x00003736   Section        0  main.o(.rodata.str1.1)
    uxCriticalNesting                        0x20000000   Data           4  port.o(.data.uxCriticalNesting)
    [Anonymous Symbol]                       0x20000000   Section        0  port.o(.data.uxCriticalNesting)
    .bss                                     0x20000008   Section       96  libspace.o(.bss)
    clib_mutex_cb                            0x20000080   Data         400  clib_arm.o(.bss.clib_mutex_cb)
    [Anonymous Symbol]                       0x20000080   Section        0  clib_arm.o(.bss.clib_mutex_cb)
    clib_mutex_id                            0x20000210   Data          20  clib_arm.o(.bss.clib_mutex_id)
    [Anonymous Symbol]                       0x20000210   Section        0  clib_arm.o(.bss.clib_mutex_id)
    g_isLocked                               0x20000224   Data           1  windows.o(.bss.g_isLocked)
    [Anonymous Symbol]                       0x20000224   Section        0  windows.o(.bss.g_isLocked)
    __tagsym$$used.1                         0x20000228   Number         0  tasks.o(.bss.pxCurrentTCB)
    pxDelayedTaskList                        0x2000022c   Data           4  tasks.o(.bss.pxDelayedTaskList)
    [Anonymous Symbol]                       0x2000022c   Section        0  tasks.o(.bss.pxDelayedTaskList)
    pxEnd                                    0x20000230   Data           4  heap_4.o(.bss.pxEnd)
    [Anonymous Symbol]                       0x20000230   Section        0  heap_4.o(.bss.pxEnd)
    pxOverflowDelayedTaskList                0x20000234   Data           4  tasks.o(.bss.pxOverflowDelayedTaskList)
    [Anonymous Symbol]                       0x20000234   Section        0  tasks.o(.bss.pxOverflowDelayedTaskList)
    pxReadyTasksLists                        0x20000238   Data        1120  tasks.o(.bss.pxReadyTasksLists)
    [Anonymous Symbol]                       0x20000238   Section        0  tasks.o(.bss.pxReadyTasksLists)
    ucHeap                                   0x20000698   Data        8192  heap_4.o(.bss.ucHeap)
    [Anonymous Symbol]                       0x20000698   Section        0  heap_4.o(.bss.ucHeap)
    uxCurrentNumberOfTasks                   0x20002698   Data           4  tasks.o(.bss.uxCurrentNumberOfTasks)
    [Anonymous Symbol]                       0x20002698   Section        0  tasks.o(.bss.uxCurrentNumberOfTasks)
    uxSchedulerSuspended                     0x2000269c   Data           4  tasks.o(.bss.uxSchedulerSuspended)
    [Anonymous Symbol]                       0x2000269c   Section        0  tasks.o(.bss.uxSchedulerSuspended)
    uxTaskNumber                             0x200026a0   Data           4  tasks.o(.bss.uxTaskNumber)
    [Anonymous Symbol]                       0x200026a0   Section        0  tasks.o(.bss.uxTaskNumber)
    uxTopReadyPriority                       0x200026a4   Data           4  tasks.o(.bss.uxTopReadyPriority)
    [Anonymous Symbol]                       0x200026a4   Section        0  tasks.o(.bss.uxTopReadyPriority)
    xDelayedTaskList1                        0x200026c0   Data          20  tasks.o(.bss.xDelayedTaskList1)
    [Anonymous Symbol]                       0x200026c0   Section        0  tasks.o(.bss.xDelayedTaskList1)
    xDelayedTaskList2                        0x200026d4   Data          20  tasks.o(.bss.xDelayedTaskList2)
    [Anonymous Symbol]                       0x200026d4   Section        0  tasks.o(.bss.xDelayedTaskList2)
    xFreeBytesRemaining                      0x200026e8   Data           4  heap_4.o(.bss.xFreeBytesRemaining)
    [Anonymous Symbol]                       0x200026e8   Section        0  heap_4.o(.bss.xFreeBytesRemaining)
    xMinimumEverFreeBytesRemaining           0x200026ec   Data           4  heap_4.o(.bss.xMinimumEverFreeBytesRemaining)
    [Anonymous Symbol]                       0x200026ec   Section        0  heap_4.o(.bss.xMinimumEverFreeBytesRemaining)
    xNextTaskUnblockTime                     0x200026f0   Data           4  tasks.o(.bss.xNextTaskUnblockTime)
    [Anonymous Symbol]                       0x200026f0   Section        0  tasks.o(.bss.xNextTaskUnblockTime)
    xNumOfOverflows                          0x200026f4   Data           4  tasks.o(.bss.xNumOfOverflows)
    [Anonymous Symbol]                       0x200026f4   Section        0  tasks.o(.bss.xNumOfOverflows)
    xNumberOfSuccessfulAllocations           0x200026f8   Data           4  heap_4.o(.bss.xNumberOfSuccessfulAllocations)
    [Anonymous Symbol]                       0x200026f8   Section        0  heap_4.o(.bss.xNumberOfSuccessfulAllocations)
    xNumberOfSuccessfulFrees                 0x200026fc   Data           4  heap_4.o(.bss.xNumberOfSuccessfulFrees)
    [Anonymous Symbol]                       0x200026fc   Section        0  heap_4.o(.bss.xNumberOfSuccessfulFrees)
    xPendedTicks                             0x20002700   Data           4  tasks.o(.bss.xPendedTicks)
    [Anonymous Symbol]                       0x20002700   Section        0  tasks.o(.bss.xPendedTicks)
    xPendingReadyList                        0x20002704   Data          20  tasks.o(.bss.xPendingReadyList)
    [Anonymous Symbol]                       0x20002704   Section        0  tasks.o(.bss.xPendingReadyList)
    xSchedulerRunning                        0x20002718   Data           4  tasks.o(.bss.xSchedulerRunning)
    [Anonymous Symbol]                       0x20002718   Section        0  tasks.o(.bss.xSchedulerRunning)
    xStart                                   0x2000271c   Data           8  heap_4.o(.bss.xStart)
    [Anonymous Symbol]                       0x2000271c   Section        0  heap_4.o(.bss.xStart)
    xSuspendedTaskList                       0x20002724   Data          20  tasks.o(.bss.xSuspendedTaskList)
    [Anonymous Symbol]                       0x20002724   Section        0  tasks.o(.bss.xSuspendedTaskList)
    xTasksWaitingTermination                 0x20002738   Data          20  tasks.o(.bss.xTasksWaitingTermination)
    [Anonymous Symbol]                       0x20002738   Section        0  tasks.o(.bss.xTasksWaitingTermination)
    xTickCount                               0x2000274c   Data           4  tasks.o(.bss.xTickCount)
    [Anonymous Symbol]                       0x2000274c   Section        0  tasks.o(.bss.xTickCount)
    xYieldPending                            0x20002750   Data           4  tasks.o(.bss.xYieldPending)
    [Anonymous Symbol]                       0x20002750   Section        0  tasks.o(.bss.xYieldPending)
    Heap_Mem                                 0x20002758   Data           0  startup_tm4c123.o(HEAP)
    Stack_Mem                                0x20002758   Data         512  startup_tm4c123.o(STACK)
    HEAP                                     0x20002758   Section        0  startup_tm4c123.o(HEAP)
    STACK                                    0x20002758   Section      512  startup_tm4c123.o(STACK)
    __initial_sp                             0x20002958   Data           0  startup_tm4c123.o(STACK)

    Global Symbols

    Symbol Name                              Value     Ov Type        Size  Object(Section)

    BuildAttributes$$THM_ISAv4$E$P$D$K$B$S$7EM$PE$A:L22UL41UL21$X:L11$S22US41US21$IEEE1$IW$~IW$USESV6$~STKCKD$USESV7$~SHL$OSPACE$ROPI$EBA8$UX$STANDARDLIB$REQ8$PRES8$EABIv2 0x00000000   Number         0  anon$$obj.o ABSOLUTE
    __Vectors                                0x00000000   Data           4  startup_tm4c123.o(RESET)
    __fp_init_empty                          0x00000000   Number         0  fpinit_empty.o ABSOLUTE
    __ARM_exceptions_init                     - Undefined Weak Reference
    __alloca_initialize                       - Undefined Weak Reference
    __arm_preinit_                            - Undefined Weak Reference
    __arm_relocate_pie_                       - Undefined Weak Reference
    __cpp_initialize__aeabi_                  - Undefined Weak Reference
    __cxa_finalize                            - Undefined Weak Reference
    __rt_locale                               - Undefined Weak Reference
    __sigvec_lookup                           - Undefined Weak Reference
    _atexit_init                              - Undefined Weak Reference
    _call_atexit_fns                          - Undefined Weak Reference
    _clock_init                               - Undefined Weak Reference
    _fp_trap_init                             - Undefined Weak Reference
    _fp_trap_shutdown                         - Undefined Weak Reference
    _get_lc_collate                           - Undefined Weak Reference
    _get_lc_ctype                             - Undefined Weak Reference
    _get_lc_monetary                          - Undefined Weak Reference
    _get_lc_numeric                           - Undefined Weak Reference
    _get_lc_time                              - Undefined Weak Reference
    _getenv_init                              - Undefined Weak Reference
    _handle_redirection                       - Undefined Weak Reference
    _init_alloc                               - Undefined Weak Reference
    _init_user_alloc                          - Undefined Weak Reference
    _initio                                   - Undefined Weak Reference
    _rand_init                                - Undefined Weak Reference
    _signal_finish                            - Undefined Weak Reference
    _signal_init                              - Undefined Weak Reference
    _terminate_alloc                          - Undefined Weak Reference
    _terminate_user_alloc                     - Undefined Weak Reference
    _terminateio                              - Undefined Weak Reference
    __Vectors_End                            0x0000026c   Data           0  startup_tm4c123.o(RESET)
    __Vectors_Size                           0x0000026c   Number         0  startup_tm4c123.o ABSOLUTE
    __main                                   0x0000026d   Thumb Code     8  __main.o(!!!main)
    __scatterload                            0x00000275   Thumb Code     0  __scatter.o(!!!scatter)
    __scatterload_rt2                        0x00000275   Thumb Code    84  __scatter.o(!!!scatter)
    __scatterload_rt2_thumb_only             0x00000275   Thumb Code     0  __scatter.o(!!!scatter)
    __scatterload_loop                       0x0000027f   Thumb Code     0  __scatter.o(!!!scatter)
    __scatterload_copy                       0x000002d1   Thumb Code    26  __scatter_copy.o(!!handler_copy)
    __scatterload_null                       0x000002ed   Thumb Code     2  __scatter.o(!!handler_null)
    __scatterload_zeroinit                   0x000002f1   Thumb Code    28  __scatter_zi.o(!!handler_zi)
    __rt_lib_init                            0x0000030d   Thumb Code     0  libinit.o(.ARM.Collect$$libinit$$00000000)
    __rt_lib_init_alloca_1                   0x0000030f   Thumb Code     0  libinit2.o(.ARM.Collect$$libinit$$00000030)
    __rt_lib_init_argv_1                     0x0000030f   Thumb Code     0  libinit2.o(.ARM.Collect$$libinit$$0000002E)
    __rt_lib_init_atexit_1                   0x0000030f   Thumb Code     0  libinit2.o(.ARM.Collect$$libinit$$0000001D)
    __rt_lib_init_clock_1                    0x0000030f   Thumb Code     0  libinit2.o(.ARM.Collect$$libinit$$00000023)
    __rt_lib_init_cpp_1                      0x0000030f   Thumb Code     0  libinit2.o(.ARM.Collect$$libinit$$00000034)
    __rt_lib_init_exceptions_1               0x0000030f   Thumb Code     0  libinit2.o(.ARM.Collect$$libinit$$00000032)
    __rt_lib_init_fp_1                       0x0000030f   Thumb Code     0  libinit2.o(.ARM.Collect$$libinit$$00000002)
    __rt_lib_init_fp_trap_1                  0x0000030f   Thumb Code     0  libinit2.o(.ARM.Collect$$libinit$$00000021)
    __rt_lib_init_getenv_1                   0x0000030f   Thumb Code     0  libinit2.o(.ARM.Collect$$libinit$$00000025)
    __rt_lib_init_heap_1                     0x0000030f   Thumb Code     0  libinit2.o(.ARM.Collect$$libinit$$0000000C)
    __rt_lib_init_lc_collate_1               0x0000030f   Thumb Code     0  libinit2.o(.ARM.Collect$$libinit$$00000013)
    __rt_lib_init_lc_ctype_1                 0x0000030f   Thumb Code     0  libinit2.o(.ARM.Collect$$libinit$$00000015)
    __rt_lib_init_lc_monetary_1              0x0000030f   Thumb Code     0  libinit2.o(.ARM.Collect$$libinit$$00000017)
    __rt_lib_init_lc_numeric_1               0x0000030f   Thumb Code     0  libinit2.o(.ARM.Collect$$libinit$$00000019)
    __rt_lib_init_lc_time_1                  0x0000030f   Thumb Code     0  libinit2.o(.ARM.Collect$$libinit$$0000001B)
    __rt_lib_init_preinit_1                  0x0000030f   Thumb Code     0  libinit2.o(.ARM.Collect$$libinit$$00000006)
    __rt_lib_init_rand_1                     0x0000030f   Thumb Code     0  libinit2.o(.ARM.Collect$$libinit$$00000010)
    __rt_lib_init_relocate_pie_1             0x0000030f   Thumb Code     0  libinit2.o(.ARM.Collect$$libinit$$00000004)
    __rt_lib_init_return                     0x0000030f   Thumb Code     0  libinit2.o(.ARM.Collect$$libinit$$00000035)
    __rt_lib_init_signal_1                   0x0000030f   Thumb Code     0  libinit2.o(.ARM.Collect$$libinit$$0000001F)
    __rt_lib_init_stdio_1                    0x0000030f   Thumb Code     0  libinit2.o(.ARM.Collect$$libinit$$00000027)
    __rt_lib_init_user_alloc_1               0x0000030f   Thumb Code     0  libinit2.o(.ARM.Collect$$libinit$$0000000E)
    __rt_lib_shutdown                        0x00000311   Thumb Code     0  libshutdown.o(.ARM.Collect$$libshutdown$$00000000)
    __rt_lib_shutdown_cpp_1                  0x00000313   Thumb Code     0  libshutdown2.o(.ARM.Collect$$libshutdown$$00000002)
    __rt_lib_shutdown_fp_trap_1              0x00000313   Thumb Code     0  libshutdown2.o(.ARM.Collect$$libshutdown$$00000007)
    __rt_lib_shutdown_heap_1                 0x00000313   Thumb Code     0  libshutdown2.o(.ARM.Collect$$libshutdown$$0000000F)
    __rt_lib_shutdown_return                 0x00000313   Thumb Code     0  libshutdown2.o(.ARM.Collect$$libshutdown$$00000010)
    __rt_lib_shutdown_signal_1               0x00000313   Thumb Code     0  libshutdown2.o(.ARM.Collect$$libshutdown$$0000000A)
    __rt_lib_shutdown_stdio_1                0x00000313   Thumb Code     0  libshutdown2.o(.ARM.Collect$$libshutdown$$00000004)
    __rt_lib_shutdown_user_alloc_1           0x00000313   Thumb Code     0  libshutdown2.o(.ARM.Collect$$libshutdown$$0000000C)
    __rt_entry                               0x00000315   Thumb Code     0  __rtentry.o(.ARM.Collect$$rtentry$$00000000)
    __rt_entry_presh_1                       0x00000315   Thumb Code     0  __rtentry2.o(.ARM.Collect$$rtentry$$00000002)
    __rt_entry_sh                            0x00000315   Thumb Code     0  __rtentry4.o(.ARM.Collect$$rtentry$$00000004)
    __rt_entry_postsh_1                      0x0000031b   Thumb Code     0  __rtentry2.o(.ARM.Collect$$rtentry$$00000008)
    __rt_entry_li                            0x00000323   Thumb Code     0  __rtentry2.o(.ARM.Collect$$rtentry$$0000000A)
    __rt_entry_main                          0x00000327   Thumb Code     0  __rtentry2.o(.ARM.Collect$$rtentry$$0000000D)
    __rt_entry_postli_1                      0x00000327   Thumb Code     0  __rtentry2.o(.ARM.Collect$$rtentry$$0000000C)
    __rt_exit                                0x0000032f   Thumb Code     0  rtexit.o(.ARM.Collect$$rtexit$$00000000)
    __rt_exit_ls                             0x00000331   Thumb Code     0  rtexit2.o(.ARM.Collect$$rtexit$$00000003)
    __rt_exit_prels_1                        0x00000331   Thumb Code     0  rtexit2.o(.ARM.Collect$$rtexit$$00000002)
    __rt_exit_exit                           0x00000335   Thumb Code     0  rtexit2.o(.ARM.Collect$$rtexit$$00000004)
    Reset_Handler                            0x0000033d   Thumb Code     8  startup_tm4c123.o(.text)
    NMI_Handler                              0x00000345   Thumb Code     2  startup_tm4c123.o(.text)
    HardFault_Handler                        0x00000347   Thumb Code     2  startup_tm4c123.o(.text)
    MemManage_Handler                        0x00000349   Thumb Code     2  startup_tm4c123.o(.text)
    BusFault_Handler                         0x0000034b   Thumb Code     2  startup_tm4c123.o(.text)
    UsageFault_Handler                       0x0000034d   Thumb Code     2  startup_tm4c123.o(.text)
    DebugMon_Handler                         0x00000351   Thumb Code     2  startup_tm4c123.o(.text)
    UART0_Handler                            0x00000361   Thumb Code     2  startup_tm4c123.o(.text)
    UART1_Handler                            0x00000363   Thumb Code     2  startup_tm4c123.o(.text)
    SSI0_Handler                             0x00000365   Thumb Code     2  startup_tm4c123.o(.text)
    I2C0_Handler                             0x00000367   Thumb Code     2  startup_tm4c123.o(.text)
    PMW0_FAULT_Handler                       0x00000369   Thumb Code     2  startup_tm4c123.o(.text)
    PWM0_0_Handler                           0x0000036b   Thumb Code     2  startup_tm4c123.o(.text)
    PWM0_1_Handler                           0x0000036d   Thumb Code     2  startup_tm4c123.o(.text)
    PWM0_2_Handler                           0x0000036f   Thumb Code     2  startup_tm4c123.o(.text)
    QEI0_Handler                             0x00000371   Thumb Code     2  startup_tm4c123.o(.text)
    ADC0SS0_Handler                          0x00000373   Thumb Code     2  startup_tm4c123.o(.text)
    ADC0SS1_Handler                          0x00000375   Thumb Code     2  startup_tm4c123.o(.text)
    ADC0SS2_Handler                          0x00000377   Thumb Code     2  startup_tm4c123.o(.text)
    ADC0SS3_Handler                          0x00000379   Thumb Code     2  startup_tm4c123.o(.text)
    WDT0_Handler                             0x0000037b   Thumb Code     2  startup_tm4c123.o(.text)
    TIMER0A_Handler                          0x0000037d   Thumb Code     2  startup_tm4c123.o(.text)
    TIMER0B_Handler                          0x0000037f   Thumb Code     2  startup_tm4c123.o(.text)
    TIMER1A_Handler                          0x00000381   Thumb Code     2  startup_tm4c123.o(.text)
    TIMER1B_Handler                          0x00000383   Thumb Code     2  startup_tm4c123.o(.text)
    TIMER2A_Handler                          0x00000385   Thumb Code     2  startup_tm4c123.o(.text)
    TIMER2B_Handler                          0x00000387   Thumb Code     2  startup_tm4c123.o(.text)
    COMP0_Handler                            0x00000389   Thumb Code     2  startup_tm4c123.o(.text)
    COMP1_Handler                            0x0000038b   Thumb Code     2  startup_tm4c123.o(.text)
    COMP2_Handler                            0x0000038d   Thumb Code     2  startup_tm4c123.o(.text)
    SYSCTL_Handler                           0x0000038f   Thumb Code     2  startup_tm4c123.o(.text)
    FLASH_Handler                            0x00000391   Thumb Code     2  startup_tm4c123.o(.text)
    GPIOG_Handler                            0x00000395   Thumb Code     2  startup_tm4c123.o(.text)
    GPIOH_Handler                            0x00000397   Thumb Code     2  startup_tm4c123.o(.text)
    UART2_Handler                            0x00000399   Thumb Code     2  startup_tm4c123.o(.text)
    SSI1_Handler                             0x0000039b   Thumb Code     2  startup_tm4c123.o(.text)
    TIMER3A_Handler                          0x0000039d   Thumb Code     2  startup_tm4c123.o(.text)
    TIMER3B_Handler                          0x0000039f   Thumb Code     2  startup_tm4c123.o(.text)
    I2C1_Handler                             0x000003a1   Thumb Code     2  startup_tm4c123.o(.text)
    QEI1_Handler                             0x000003a3   Thumb Code     2  startup_tm4c123.o(.text)
    CAN0_Handler                             0x000003a5   Thumb Code     2  startup_tm4c123.o(.text)
    CAN1_Handler                             0x000003a7   Thumb Code     2  startup_tm4c123.o(.text)
    CAN2_Handler                             0x000003a9   Thumb Code     2  startup_tm4c123.o(.text)
    HIB_Handler                              0x000003ab   Thumb Code     2  startup_tm4c123.o(.text)
    USB0_Handler                             0x000003ad   Thumb Code     2  startup_tm4c123.o(.text)
    PWM0_3_Handler                           0x000003af   Thumb Code     2  startup_tm4c123.o(.text)
    UDMA_Handler                             0x000003b1   Thumb Code     2  startup_tm4c123.o(.text)
    UDMAERR_Handler                          0x000003b3   Thumb Code     2  startup_tm4c123.o(.text)
    ADC1SS0_Handler                          0x000003b5   Thumb Code     2  startup_tm4c123.o(.text)
    ADC1SS1_Handler                          0x000003b7   Thumb Code     2  startup_tm4c123.o(.text)
    ADC1SS2_Handler                          0x000003b9   Thumb Code     2  startup_tm4c123.o(.text)
    ADC1SS3_Handler                          0x000003bb   Thumb Code     2  startup_tm4c123.o(.text)
    GPIOJ_Handler                            0x000003bd   Thumb Code     2  startup_tm4c123.o(.text)
    GPIOK_Handler                            0x000003bf   Thumb Code     2  startup_tm4c123.o(.text)
    GPIOL_Handler                            0x000003c1   Thumb Code     2  startup_tm4c123.o(.text)
    SSI2_Handler                             0x000003c3   Thumb Code     2  startup_tm4c123.o(.text)
    SSI3_Handler                             0x000003c5   Thumb Code     2  startup_tm4c123.o(.text)
    UART3_Handler                            0x000003c7   Thumb Code     2  startup_tm4c123.o(.text)
    UART4_Handler                            0x000003c9   Thumb Code     2  startup_tm4c123.o(.text)
    UART5_Handler                            0x000003cb   Thumb Code     2  startup_tm4c123.o(.text)
    UART6_Handler                            0x000003cd   Thumb Code     2  startup_tm4c123.o(.text)
    UART7_Handler                            0x000003cf   Thumb Code     2  startup_tm4c123.o(.text)
    I2C2_Handler                             0x000003d1   Thumb Code     2  startup_tm4c123.o(.text)
    I2C3_Handler                             0x000003d3   Thumb Code     2  startup_tm4c123.o(.text)
    TIMER4A_Handler                          0x000003d5   Thumb Code     2  startup_tm4c123.o(.text)
    TIMER4B_Handler                          0x000003d7   Thumb Code     2  startup_tm4c123.o(.text)
    TIMER5A_Handler                          0x000003d9   Thumb Code     2  startup_tm4c123.o(.text)
    TIMER5B_Handler                          0x000003db   Thumb Code     2  startup_tm4c123.o(.text)
    WTIMER0A_Handler                         0x000003dd   Thumb Code     2  startup_tm4c123.o(.text)
    WTIMER0B_Handler                         0x000003df   Thumb Code     2  startup_tm4c123.o(.text)
    WTIMER1A_Handler                         0x000003e1   Thumb Code     2  startup_tm4c123.o(.text)
    WTIMER1B_Handler                         0x000003e3   Thumb Code     2  startup_tm4c123.o(.text)
    WTIMER2A_Handler                         0x000003e5   Thumb Code     2  startup_tm4c123.o(.text)
    WTIMER2B_Handler                         0x000003e7   Thumb Code     2  startup_tm4c123.o(.text)
    WTIMER3A_Handler                         0x000003e9   Thumb Code     2  startup_tm4c123.o(.text)
    WTIMER3B_Handler                         0x000003eb   Thumb Code     2  startup_tm4c123.o(.text)
    WTIMER4A_Handler                         0x000003ed   Thumb Code     2  startup_tm4c123.o(.text)
    WTIMER4B_Handler                         0x000003ef   Thumb Code     2  startup_tm4c123.o(.text)
    WTIMER5A_Handler                         0x000003f1   Thumb Code     2  startup_tm4c123.o(.text)
    WTIMER5B_Handler                         0x000003f3   Thumb Code     2  startup_tm4c123.o(.text)
    FPU_Handler                              0x000003f5   Thumb Code     2  startup_tm4c123.o(.text)
    I2C4_Handler                             0x000003f7   Thumb Code     2  startup_tm4c123.o(.text)
    I2C5_Handler                             0x000003f9   Thumb Code     2  startup_tm4c123.o(.text)
    GPIOM_Handler                            0x000003fb   Thumb Code     2  startup_tm4c123.o(.text)
    GPION_Handler                            0x000003fd   Thumb Code     2  startup_tm4c123.o(.text)
    QEI2_Handler                             0x000003ff   Thumb Code     2  startup_tm4c123.o(.text)
    GPIOP0_Handler                           0x00000401   Thumb Code     2  startup_tm4c123.o(.text)
    GPIOP1_Handler                           0x00000403   Thumb Code     2  startup_tm4c123.o(.text)
    GPIOP2_Handler                           0x00000405   Thumb Code     2  startup_tm4c123.o(.text)
    GPIOP3_Handler                           0x00000407   Thumb Code     2  startup_tm4c123.o(.text)
    GPIOP4_Handler                           0x00000409   Thumb Code     2  startup_tm4c123.o(.text)
    GPIOP5_Handler                           0x0000040b   Thumb Code     2  startup_tm4c123.o(.text)
    GPIOP6_Handler                           0x0000040d   Thumb Code     2  startup_tm4c123.o(.text)
    GPIOP7_Handler                           0x0000040f   Thumb Code     2  startup_tm4c123.o(.text)
    GPIOQ0_Handler                           0x00000411   Thumb Code     2  startup_tm4c123.o(.text)
    GPIOQ1_Handler                           0x00000413   Thumb Code     2  startup_tm4c123.o(.text)
    GPIOQ2_Handler                           0x00000415   Thumb Code     2  startup_tm4c123.o(.text)
    GPIOQ3_Handler                           0x00000417   Thumb Code     2  startup_tm4c123.o(.text)
    GPIOQ4_Handler                           0x00000419   Thumb Code     2  startup_tm4c123.o(.text)
    GPIOQ5_Handler                           0x0000041b   Thumb Code     2  startup_tm4c123.o(.text)
    GPIOQ6_Handler                           0x0000041d   Thumb Code     2  startup_tm4c123.o(.text)
    GPIOQ7_Handler                           0x0000041f   Thumb Code     2  startup_tm4c123.o(.text)
    GPIOR_Handler                            0x00000421   Thumb Code     2  startup_tm4c123.o(.text)
    GPIOS_Handler                            0x00000423   Thumb Code     2  startup_tm4c123.o(.text)
    PMW1_0_Handler                           0x00000425   Thumb Code     2  startup_tm4c123.o(.text)
    PWM1_1_Handler                           0x00000427   Thumb Code     2  startup_tm4c123.o(.text)
    PWM1_2_Handler                           0x00000429   Thumb Code     2  startup_tm4c123.o(.text)
    PWM1_3_Handler                           0x0000042b   Thumb Code     2  startup_tm4c123.o(.text)
    PWM1_FAULT_Handler                       0x0000042d   Thumb Code     2  startup_tm4c123.o(.text)
    __user_initial_stackheap                 0x00000431   Thumb Code     0  startup_tm4c123.o(.text)
    __aeabi_memcpy                           0x00000451   Thumb Code     0  rt_memcpy_v6.o(.text)
    __rt_memcpy                              0x00000451   Thumb Code   138  rt_memcpy_v6.o(.text)
    _memcpy_lastbytes                        0x000004b7   Thumb Code     0  rt_memcpy_v6.o(.text)
    __aeabi_memset4                          0x000004db   Thumb Code    16  aeabi_memset4.o(.text)
    __aeabi_memset8                          0x000004db   Thumb Code     0  aeabi_memset4.o(.text)
    __aeabi_memclr                           0x000004eb   Thumb Code     0  rt_memclr.o(.text)
    __rt_memclr                              0x000004eb   Thumb Code     0  rt_memclr.o(.text)
    _memset                                  0x000004ef   Thumb Code    64  rt_memclr.o(.text)
    __use_two_region_memory                  0x0000052f   Thumb Code     2  heapauxi.o(.text)
    __rt_heap_escrow$2region                 0x00000531   Thumb Code     2  heapauxi.o(.text)
    __rt_heap_expand$2region                 0x00000533   Thumb Code     2  heapauxi.o(.text)
    __aeabi_memcpy4                          0x00000535   Thumb Code     0  rt_memcpy_w.o(.text)
    __aeabi_memcpy8                          0x00000535   Thumb Code     0  rt_memcpy_w.o(.text)
    __rt_memcpy_w                            0x00000535   Thumb Code   100  rt_memcpy_w.o(.text)
    _memcpy_lastbytes_aligned                0x0000057d   Thumb Code     0  rt_memcpy_w.o(.text)
    __aeabi_memclr4                          0x00000599   Thumb Code     0  rt_memclr_w.o(.text)
    __aeabi_memclr8                          0x00000599   Thumb Code     0  rt_memclr_w.o(.text)
    __rt_memclr_w                            0x00000599   Thumb Code     0  rt_memclr_w.o(.text)
    _memset_w                                0x0000059d   Thumb Code    74  rt_memclr_w.o(.text)
    __user_setup_stackheap                   0x000005e7   Thumb Code    74  sys_stackheap_outer.o(.text)
    exit                                     0x00000631   Thumb Code    18  exit.o(.text)
    __user_libspace                          0x00000645   Thumb Code     8  libspace.o(.text)
    __user_perproc_libspace                  0x00000645   Thumb Code     0  libspace.o(.text)
    _sys_exit                                0x0000064d   Thumb Code     8  sys_exit.o(.text)
    __I$use$semihosting                      0x00000659   Thumb Code     0  use_no_semi.o(.text)
    __use_no_semihosting_swi                 0x00000659   Thumb Code     2  use_no_semi.o(.text)
    __semihosting_library_function           0x0000065b   Thumb Code     0  indicate_semi.o(.text)
    DIO_Init                                 0x0000065d   Thumb Code   958  dio.o(.text.DIO_Init)
    DIO_readPin                              0x00000a1d   Thumb Code   322  dio.o(.text.DIO_readPin)
    DIO_writePin                             0x00000b61   Thumb Code   452  dio.o(.text.DIO_writePin)
    GPIOA_Handler                            0x00000d25   Thumb Code    32  int.o(.text.GPIOA_Handler)
    GPIOB_Handler                            0x00000d45   Thumb Code    32  int.o(.text.GPIOB_Handler)
    GPIOC_Handler                            0x00000d65   Thumb Code    32  int.o(.text.GPIOC_Handler)
    GPIOD_Handler                            0x00000d85   Thumb Code    32  int.o(.text.GPIOD_Handler)
    GPIOE_Handler                            0x00000da5   Thumb Code    32  int.o(.text.GPIOE_Handler)
    GPIOF_Handler                            0x00000dc5   Thumb Code    32  int.o(.text.GPIOF_Handler)
    INT_init                                 0x00000de5   Thumb Code   826  int.o(.text.INT_init)
    INT_setCallBack                          0x00001121   Thumb Code    52  int.o(.text.INT_setCallBack)
    Motor_Rotate                             0x00001155   Thumb Code   484  motor.o(.text.Motor_Rotate)
    Motor_init                               0x00001339   Thumb Code   176  motor.o(.text.Motor_init)
    PendSV_Handler                           0x000013f1   Thumb Code    68  port.o(.text.PendSV_Handler)
    SVC_Handler                              0x00001441   Thumb Code    36  port.o(.text.SVC_Handler)
    SysTick_Handler                          0x00001465   Thumb Code    30  cmsis_os2.o(.text.SysTick_Handler)
    SystemInit                               0x00001485   Thumb Code     2  system_tm4c123.o(.text.SystemInit)
    WINDOW_LockToggle                        0x00001489   Thumb Code    18  windows.o(.text.WINDOW_LockToggle)
    WINDOW_PassengerTask                     0x0000149d   Thumb Code   504  windows.o(.text.WINDOW_PassengerTask)
    WINDOW_init                              0x00001695   Thumb Code   186  windows.o(.text.WINDOW_init)
    _mutex_acquire                           0x00001751   Thumb Code    40  clib_arm.o(.text._mutex_acquire)
    _mutex_free                              0x00001779   Thumb Code    84  clib_arm.o(.text._mutex_free)
    _mutex_initialize                        0x000017cd   Thumb Code   168  clib_arm.o(.text._mutex_initialize)
    _mutex_release                           0x00001875   Thumb Code    42  clib_arm.o(.text._mutex_release)
    _platform_post_stackheap_init            0x000018a1   Thumb Code     2  clib_arm.o(.text._platform_post_stackheap_init)
    main                                     0x000018c5   Thumb Code   102  main.o(.text.main)
    pvPortMalloc                             0x0000216d   Thumb Code   390  heap_4.o(.text.pvPortMalloc)
    pvTaskIncrementMutexHeldCount            0x000022f5   Thumb Code    44  tasks.o(.text.pvTaskIncrementMutexHeldCount)
    pxPortInitialiseStack                    0x00002321   Thumb Code    80  port.o(.text.pxPortInitialiseStack)
    uxListRemove                             0x00002371   Thumb Code    72  list.o(.text.uxListRemove)
    vApplicationStackOverflowHook            0x000023b9   Thumb Code    10  cmsis_os2.o(.text.vApplicationStackOverflowHook)
    vListInitialise                          0x000023c5   Thumb Code    46  list.o(.text.vListInitialise)
    vListInitialiseItem                      0x000023f5   Thumb Code    14  list.o(.text.vListInitialiseItem)
    vListInsert                              0x00002405   Thumb Code   106  list.o(.text.vListInsert)
    vPortEnterCritical                       0x00002471   Thumb Code    48  port.o(.text.vPortEnterCritical)
    vPortExitCritical                        0x000024a1   Thumb Code    38  port.o(.text.vPortExitCritical)
    vPortFree                                0x000024c9   Thumb Code   118  heap_4.o(.text.vPortFree)
    vQueueDelete                             0x00002541   Thumb Code    34  queue.o(.text.vQueueDelete)
    vTaskDelay                               0x00002565   Thumb Code    74  tasks.o(.text.vTaskDelay)
    vTaskInternalSetTimeOutState             0x000025b1   Thumb Code    36  tasks.o(.text.vTaskInternalSetTimeOutState)
    vTaskMissedYield                         0x000025d5   Thumb Code    14  tasks.o(.text.vTaskMissedYield)
    vTaskPlaceOnEventList                    0x000025e5   Thumb Code    38  tasks.o(.text.vTaskPlaceOnEventList)
    vTaskPriorityDisinheritAfterTimeout      0x0000260d   Thumb Code   300  tasks.o(.text.vTaskPriorityDisinheritAfterTimeout)
    vTaskSuspendAll                          0x00002739   Thumb Code    16  tasks.o(.text.vTaskSuspendAll)
    vTaskSwitchContext                       0x00002749   Thumb Code   260  tasks.o(.text.vTaskSwitchContext)
    xPortSysTickHandler                      0x0000284d   Thumb Code    60  port.o(.text.xPortSysTickHandler)
    xQueueCreateMutex                        0x00002889   Thumb Code    38  queue.o(.text.xQueueCreateMutex)
    xQueueCreateMutexStatic                  0x000028b1   Thumb Code    50  queue.o(.text.xQueueCreateMutexStatic)
    xQueueGenericCreate                      0x000028e5   Thumb Code   134  queue.o(.text.xQueueGenericCreate)
    xQueueGenericCreateStatic                0x0000296d   Thumb Code   108  queue.o(.text.xQueueGenericCreateStatic)
    xQueueGenericReset                       0x000029d9   Thumb Code   208  queue.o(.text.xQueueGenericReset)
    xQueueGenericSend                        0x00002aa9   Thumb Code   362  queue.o(.text.xQueueGenericSend)
    xQueueSemaphoreTake                      0x00002c15   Thumb Code   414  queue.o(.text.xQueueSemaphoreTake)
    xTaskCheckForTimeOut                     0x00002db5   Thumb Code   154  tasks.o(.text.xTaskCheckForTimeOut)
    xTaskCreate                              0x00002e51   Thumb Code   166  tasks.o(.text.xTaskCreate)
    xTaskGetSchedulerState                   0x00002ef9   Thumb Code    56  tasks.o(.text.xTaskGetSchedulerState)
    xTaskIncrementTick                       0x00002f31   Thumb Code   582  tasks.o(.text.xTaskIncrementTick)
    xTaskPriorityDisinherit                  0x00003179   Thumb Code   230  tasks.o(.text.xTaskPriorityDisinherit)
    xTaskPriorityInherit                     0x00003261   Thumb Code   334  tasks.o(.text.xTaskPriorityInherit)
    xTaskRemoveFromEventList                 0x000033b1   Thumb Code   380  tasks.o(.text.xTaskRemoveFromEventList)
    xTaskResumeAll                           0x0000352d   Thumb Code   522  tasks.o(.text.xTaskResumeAll)
    Region$$Table$$Base                      0x00003744   Number         0  anon$$obj.o(Region$$Table)
    Region$$Table$$Limit                     0x00003764   Number         0  anon$$obj.o(Region$$Table)
    __libspace_start                         0x20000008   Data          96  libspace.o(.bss)
    __temporary_stack_top$libspace           0x20000068   Data           0  libspace.o(.bss)
    callBackPtr                              0x20000068   Data          24  int.o(.bss.callBackPtr)
    pxCurrentTCB                             0x20000228   Data           4  tasks.o(.bss.pxCurrentTCB)
    windows                                  0x200026a8   Data          22  windows.o(.bss.windows)



==============================================================================

Memory Map of the image

  Image Entry point : 0x0000033d

  Load Region LR_1 (Base: 0x00000000, Size: 0x00003768, Max: 0xffffffff, ABSOLUTE)

    Execution Region ER_RO (Exec base: 0x00000000, Load base: 0x00000000, Size: 0x00003764, Max: 0xffffffff, ABSOLUTE)

    Exec Addr    Load Addr    Size         Type   Attr      Idx    E Section Name        Object

    0x00000000   0x00000000   0x0000026c   Data   RO          395    RESET               startup_tm4c123.o
    0x0000026c   0x0000026c   0x00000008   Code   RO          855  * !!!main             c_w.l(__main.o)
    0x00000274   0x00000274   0x0000005c   Code   RO         1073    !!!scatter          c_w.l(__scatter.o)
    0x000002d0   0x000002d0   0x0000001a   Code   RO         1077    !!handler_copy      c_w.l(__scatter_copy.o)
    0x000002ea   0x000002ea   0x00000002   PAD
    0x000002ec   0x000002ec   0x00000002   Code   RO         1074    !!handler_null      c_w.l(__scatter.o)
    0x000002ee   0x000002ee   0x00000002   PAD
    0x000002f0   0x000002f0   0x0000001c   Code   RO         1079    !!handler_zi        c_w.l(__scatter_zi.o)
    0x0000030c   0x0000030c   0x00000002   Code   RO          935    .ARM.Collect$$libinit$$00000000  c_w.l(libinit.o)
    0x0000030e   0x0000030e   0x00000000   Code   RO          942    .ARM.Collect$$libinit$$00000002  c_w.l(libinit2.o)
    0x0000030e   0x0000030e   0x00000000   Code   RO          944    .ARM.Collect$$libinit$$00000004  c_w.l(libinit2.o)
    0x0000030e   0x0000030e   0x00000000   Code   RO          946    .ARM.Collect$$libinit$$00000006  c_w.l(libinit2.o)
    0x0000030e   0x0000030e   0x00000000   Code   RO          949    .ARM.Collect$$libinit$$0000000C  c_w.l(libinit2.o)
    0x0000030e   0x0000030e   0x00000000   Code   RO          951    .ARM.Collect$$libinit$$0000000E  c_w.l(libinit2.o)
    0x0000030e   0x0000030e   0x00000000   Code   RO          953    .ARM.Collect$$libinit$$00000010  c_w.l(libinit2.o)
    0x0000030e   0x0000030e   0x00000000   Code   RO          956    .ARM.Collect$$libinit$$00000013  c_w.l(libinit2.o)
    0x0000030e   0x0000030e   0x00000000   Code   RO          958    .ARM.Collect$$libinit$$00000015  c_w.l(libinit2.o)
    0x0000030e   0x0000030e   0x00000000   Code   RO          960    .ARM.Collect$$libinit$$00000017  c_w.l(libinit2.o)
    0x0000030e   0x0000030e   0x00000000   Code   RO          962    .ARM.Collect$$libinit$$00000019  c_w.l(libinit2.o)
    0x0000030e   0x0000030e   0x00000000   Code   RO          964    .ARM.Collect$$libinit$$0000001B  c_w.l(libinit2.o)
    0x0000030e   0x0000030e   0x00000000   Code   RO          966    .ARM.Collect$$libinit$$0000001D  c_w.l(libinit2.o)
    0x0000030e   0x0000030e   0x00000000   Code   RO          968    .ARM.Collect$$libinit$$0000001F  c_w.l(libinit2.o)
    0x0000030e   0x0000030e   0x00000000   Code   RO          970    .ARM.Collect$$libinit$$00000021  c_w.l(libinit2.o)
    0x0000030e   0x0000030e   0x00000000   Code   RO          972    .ARM.Collect$$libinit$$00000023  c_w.l(libinit2.o)
    0x0000030e   0x0000030e   0x00000000   Code   RO          974    .ARM.Collect$$libinit$$00000025  c_w.l(libinit2.o)
    0x0000030e   0x0000030e   0x00000000   Code   RO          976    .ARM.Collect$$libinit$$00000027  c_w.l(libinit2.o)
    0x0000030e   0x0000030e   0x00000000   Code   RO          980    .ARM.Collect$$libinit$$0000002E  c_w.l(libinit2.o)
    0x0000030e   0x0000030e   0x00000000   Code   RO          982    .ARM.Collect$$libinit$$00000030  c_w.l(libinit2.o)
    0x0000030e   0x0000030e   0x00000000   Code   RO          984    .ARM.Collect$$libinit$$00000032  c_w.l(libinit2.o)
    0x0000030e   0x0000030e   0x00000000   Code   RO          986    .ARM.Collect$$libinit$$00000034  c_w.l(libinit2.o)
    0x0000030e   0x0000030e   0x00000002   Code   RO          987    .ARM.Collect$$libinit$$00000035  c_w.l(libinit2.o)
    0x00000310   0x00000310   0x00000002   Code   RO         1009    .ARM.Collect$$libshutdown$$00000000  c_w.l(libshutdown.o)
    0x00000312   0x00000312   0x00000000   Code   RO         1024    .ARM.Collect$$libshutdown$$00000002  c_w.l(libshutdown2.o)
    0x00000312   0x00000312   0x00000000   Code   RO         1026    .ARM.Collect$$libshutdown$$00000004  c_w.l(libshutdown2.o)
    0x00000312   0x00000312   0x00000000   Code   RO         1029    .ARM.Collect$$libshutdown$$00000007  c_w.l(libshutdown2.o)
    0x00000312   0x00000312   0x00000000   Code   RO         1032    .ARM.Collect$$libshutdown$$0000000A  c_w.l(libshutdown2.o)
    0x00000312   0x00000312   0x00000000   Code   RO         1034    .ARM.Collect$$libshutdown$$0000000C  c_w.l(libshutdown2.o)
    0x00000312   0x00000312   0x00000000   Code   RO         1037    .ARM.Collect$$libshutdown$$0000000F  c_w.l(libshutdown2.o)
    0x00000312   0x00000312   0x00000002   Code   RO         1038    .ARM.Collect$$libshutdown$$00000010  c_w.l(libshutdown2.o)
    0x00000314   0x00000314   0x00000000   Code   RO          899    .ARM.Collect$$rtentry$$00000000  c_w.l(__rtentry.o)
    0x00000314   0x00000314   0x00000000   Code   RO          914    .ARM.Collect$$rtentry$$00000002  c_w.l(__rtentry2.o)
    0x00000314   0x00000314   0x00000006   Code   RO          926    .ARM.Collect$$rtentry$$00000004  c_w.l(__rtentry4.o)
    0x0000031a   0x0000031a   0x00000008   Code   RO          915    .ARM.Collect$$rtentry$$00000008  c_w.l(__rtentry2.o)
    0x00000322   0x00000322   0x00000004   Code   RO          917    .ARM.Collect$$rtentry$$0000000A  c_w.l(__rtentry2.o)
    0x00000326   0x00000326   0x00000000   Code   RO          919    .ARM.Collect$$rtentry$$0000000C  c_w.l(__rtentry2.o)
    0x00000326   0x00000326   0x00000008   Code   RO          920    .ARM.Collect$$rtentry$$0000000D  c_w.l(__rtentry2.o)
    0x0000032e   0x0000032e   0x00000002   Code   RO          939    .ARM.Collect$$rtexit$$00000000  c_w.l(rtexit.o)
    0x00000330   0x00000330   0x00000000   Code   RO          989    .ARM.Collect$$rtexit$$00000002  c_w.l(rtexit2.o)
    0x00000330   0x00000330   0x00000004   Code   RO          990    .ARM.Collect$$rtexit$$00000003  c_w.l(rtexit2.o)
    0x00000334   0x00000334   0x00000006   Code   RO          991    .ARM.Collect$$rtexit$$00000004  c_w.l(rtexit2.o)
    0x0000033a   0x0000033a   0x00000002   PAD
    0x0000033c   0x0000033c   0x00000114   Code   RO          396  * .text               startup_tm4c123.o
    0x00000450   0x00000450   0x0000008a   Code   RO          845    .text               c_w.l(rt_memcpy_v6.o)
    0x000004da   0x000004da   0x00000010   Code   RO          847    .text               c_w.l(aeabi_memset4.o)
    0x000004ea   0x000004ea   0x00000044   Code   RO          849    .text               c_w.l(rt_memclr.o)
    0x0000052e   0x0000052e   0x00000006   Code   RO          853    .text               c_w.l(heapauxi.o)
    0x00000534   0x00000534   0x00000064   Code   RO          900    .text               c_w.l(rt_memcpy_w.o)
    0x00000598   0x00000598   0x0000004e   Code   RO          902    .text               c_w.l(rt_memclr_w.o)
    0x000005e6   0x000005e6   0x0000004a   Code   RO          928    .text               c_w.l(sys_stackheap_outer.o)
    0x00000630   0x00000630   0x00000012   Code   RO          930    .text               c_w.l(exit.o)
    0x00000642   0x00000642   0x00000002   PAD
    0x00000644   0x00000644   0x00000008   Code   RO          936    .text               c_w.l(libspace.o)
    0x0000064c   0x0000064c   0x0000000c   Code   RO          999    .text               c_w.l(sys_exit.o)
    0x00000658   0x00000658   0x00000002   Code   RO         1014    .text               c_w.l(use_no_semi.o)
    0x0000065a   0x0000065a   0x00000000   Code   RO         1016    .text               c_w.l(indicate_semi.o)
    0x0000065a   0x0000065a   0x00000002   PAD
    0x0000065c   0x0000065c   0x000003be   Code   RO           69    .text.DIO_Init      dio.o
    0x00000a1a   0x00000a1a   0x00000002   PAD
    0x00000a1c   0x00000a1c   0x00000142   Code   RO           75    .text.DIO_readPin   dio.o
    0x00000b5e   0x00000b5e   0x00000002   PAD
    0x00000b60   0x00000b60   0x000001c4   Code   RO           71    .text.DIO_writePin  dio.o
    0x00000d24   0x00000d24   0x00000020   Code   RO           92    .text.GPIOA_Handler  int.o
    0x00000d44   0x00000d44   0x00000020   Code   RO           94    .text.GPIOB_Handler  int.o
    0x00000d64   0x00000d64   0x00000020   Code   RO           96    .text.GPIOC_Handler  int.o
    0x00000d84   0x00000d84   0x00000020   Code   RO           98    .text.GPIOD_Handler  int.o
    0x00000da4   0x00000da4   0x00000020   Code   RO          100    .text.GPIOE_Handler  int.o
    0x00000dc4   0x00000dc4   0x00000020   Code   RO          102    .text.GPIOF_Handler  int.o
    0x00000de4   0x00000de4   0x0000033a   Code   RO           88    .text.INT_init      int.o
    0x0000111e   0x0000111e   0x00000002   PAD
    0x00001120   0x00001120   0x00000034   Code   RO           90    .text.INT_setCallBack  int.o
    0x00001154   0x00001154   0x000001e4   Code   RO           32    .text.Motor_Rotate  motor.o
    0x00001338   0x00001338   0x000000b0   Code   RO           30    .text.Motor_init    motor.o
    0x000013e8   0x000013e8   0x00000008   PAD
    0x000013f0   0x000013f0   0x00000044   Code   RO          490    .text.PendSV_Handler  port.o
    0x00001434   0x00001434   0x0000000c   PAD
    0x00001440   0x00001440   0x00000024   Code   RO          476    .text.SVC_Handler   port.o
    0x00001464   0x00001464   0x0000001e   Code   RO          158    .text.SysTick_Handler  cmsis_os2.o
    0x00001482   0x00001482   0x00000002   PAD
    0x00001484   0x00001484   0x00000002   Code   RO          407    .text.SystemInit    system_tm4c123.o
    0x00001486   0x00001486   0x00000002   PAD
    0x00001488   0x00001488   0x00000012   Code   RO           41    .text.WINDOW_LockToggle  windows.o
    0x0000149a   0x0000149a   0x00000002   PAD
    0x0000149c   0x0000149c   0x000001f8   Code   RO           45    .text.WINDOW_PassengerTask  windows.o
    0x00001694   0x00001694   0x000000ba   Code   RO           43    .text.WINDOW_init   windows.o
    0x0000174e   0x0000174e   0x00000002   PAD
    0x00001750   0x00001750   0x00000028   Code   RO          139    .text._mutex_acquire  clib_arm.o
    0x00001778   0x00001778   0x00000054   Code   RO          145    .text._mutex_free   clib_arm.o
    0x000017cc   0x000017cc   0x000000a8   Code   RO          137    .text._mutex_initialize  clib_arm.o
    0x00001874   0x00001874   0x0000002a   Code   RO          143    .text._mutex_release  clib_arm.o
    0x0000189e   0x0000189e   0x00000002   PAD
    0x000018a0   0x000018a0   0x00000002   Code   RO          131    .text._platform_post_stackheap_init  clib_arm.o
    0x000018a2   0x000018a2   0x00000002   PAD
    0x000018a4   0x000018a4   0x00000020   Code   RO          141    .text.is_thread_mode  clib_arm.o
    0x000018c4   0x000018c4   0x00000066   Code   RO            2    .text.main          main.o
    0x0000192a   0x0000192a   0x00000002   PAD
    0x0000192c   0x0000192c   0x00000020   Code   RO          135    .text.os_kernel_is_active  clib_arm.o
    0x0000194c   0x0000194c   0x000000fa   Code   RO          633    .text.prvAddCurrentTaskToDelayedList  tasks.o
    0x00001a46   0x00001a46   0x00000002   PAD
    0x00001a48   0x00001a48   0x00000160   Code   RO          619    .text.prvAddNewTaskToReadyList  tasks.o
    0x00001ba8   0x00001ba8   0x000000cc   Code   RO          564    .text.prvCopyDataToQueue  queue.o
    0x00001c74   0x00001c74   0x00000026   Code   RO          580    .text.prvGetDisinheritPriorityAfterTimeout  queue.o
    0x00001c9a   0x00001c9a   0x00000002   PAD
    0x00001c9c   0x00001c9c   0x000000ae   Code   RO          504    .text.prvHeapInit   heap_4.o
    0x00001d4a   0x00001d4a   0x00000002   PAD
    0x00001d4c   0x00001d4c   0x0000002c   Code   RO          544    .text.prvInitialiseMutex  queue.o
    0x00001d78   0x00001d78   0x00000048   Code   RO          538    .text.prvInitialiseNewQueue  queue.o
    0x00001dc0   0x00001dc0   0x000000e6   Code   RO          617    .text.prvInitialiseNewTask  tasks.o
    0x00001ea6   0x00001ea6   0x00000002   PAD
    0x00001ea8   0x00001ea8   0x0000008e   Code   RO          735    .text.prvInitialiseTaskLists  tasks.o
    0x00001f36   0x00001f36   0x00000002   PAD
    0x00001f38   0x00001f38   0x000000c6   Code   RO          506    .text.prvInsertBlockIntoFreeList  heap_4.o
    0x00001ffe   0x00001ffe   0x00000002   PAD
    0x00002000   0x00002000   0x00000028   Code   RO          578    .text.prvIsQueueEmpty  queue.o
    0x00002028   0x00002028   0x0000002e   Code   RO          566    .text.prvIsQueueFull  queue.o
    0x00002056   0x00002056   0x00000002   PAD
    0x00002058   0x00002058   0x0000003c   Code   RO          625    .text.prvResetNextTaskUnblockTime  tasks.o
    0x00002094   0x00002094   0x00000026   Code   RO          474    .text.prvTaskExitError  port.o
    0x000020ba   0x000020ba   0x00000002   PAD
    0x000020bc   0x000020bc   0x000000ae   Code   RO          568    .text.prvUnlockQueue  queue.o
    0x0000216a   0x0000216a   0x00000002   PAD
    0x0000216c   0x0000216c   0x00000186   Code   RO          502    .text.pvPortMalloc  heap_4.o
    0x000022f2   0x000022f2   0x00000002   PAD
    0x000022f4   0x000022f4   0x0000002c   Code   RO          719    .text.pvTaskIncrementMutexHeldCount  tasks.o
    0x00002320   0x00002320   0x00000050   Code   RO          472    .text.pxPortInitialiseStack  port.o
    0x00002370   0x00002370   0x00000048   Code   RO          463    .text.uxListRemove  list.o
    0x000023b8   0x000023b8   0x0000000a   Code   RO          314    .text.vApplicationStackOverflowHook  cmsis_os2.o
    0x000023c2   0x000023c2   0x00000002   PAD
    0x000023c4   0x000023c4   0x0000002e   Code   RO          455    .text.vListInitialise  list.o
    0x000023f2   0x000023f2   0x00000002   PAD
    0x000023f4   0x000023f4   0x0000000e   Code   RO          457    .text.vListInitialiseItem  list.o
    0x00002402   0x00002402   0x00000002   PAD
    0x00002404   0x00002404   0x0000006a   Code   RO          461    .text.vListInsert   list.o
    0x0000246e   0x0000246e   0x00000002   PAD
    0x00002470   0x00002470   0x00000030   Code   RO          486    .text.vPortEnterCritical  port.o
    0x000024a0   0x000024a0   0x00000026   Code   RO          488    .text.vPortExitCritical  port.o
    0x000024c6   0x000024c6   0x00000002   PAD
    0x000024c8   0x000024c8   0x00000076   Code   RO          508    .text.vPortFree     heap_4.o
    0x0000253e   0x0000253e   0x00000002   PAD
    0x00002540   0x00002540   0x00000022   Code   RO          594    .text.vQueueDelete  queue.o
    0x00002562   0x00002562   0x00000002   PAD
    0x00002564   0x00002564   0x0000004a   Code   RO          637    .text.vTaskDelay    tasks.o
    0x000025ae   0x000025ae   0x00000002   PAD
    0x000025b0   0x000025b0   0x00000024   Code   RO          691    .text.vTaskInternalSetTimeOutState  tasks.o
    0x000025d4   0x000025d4   0x0000000e   Code   RO          695    .text.vTaskMissedYield  tasks.o
    0x000025e2   0x000025e2   0x00000002   PAD
    0x000025e4   0x000025e4   0x00000026   Code   RO          679    .text.vTaskPlaceOnEventList  tasks.o
    0x0000260a   0x0000260a   0x00000002   PAD
    0x0000260c   0x0000260c   0x0000012c   Code   RO          715    .text.vTaskPriorityDisinheritAfterTimeout  tasks.o
    0x00002738   0x00002738   0x00000010   Code   RO          631    .text.vTaskSuspendAll  tasks.o
    0x00002748   0x00002748   0x00000104   Code   RO          649    .text.vTaskSwitchContext  tasks.o
    0x0000284c   0x0000284c   0x0000003c   Code   RO          492    .text.xPortSysTickHandler  port.o
    0x00002888   0x00002888   0x00000026   Code   RO          542    .text.xQueueCreateMutex  queue.o
    0x000028ae   0x000028ae   0x00000002   PAD
    0x000028b0   0x000028b0   0x00000032   Code   RO          546    .text.xQueueCreateMutexStatic  queue.o
    0x000028e2   0x000028e2   0x00000002   PAD
    0x000028e4   0x000028e4   0x00000086   Code   RO          540    .text.xQueueGenericCreate  queue.o
    0x0000296a   0x0000296a   0x00000002   PAD
    0x0000296c   0x0000296c   0x0000006c   Code   RO          536    .text.xQueueGenericCreateStatic  queue.o
    0x000029d8   0x000029d8   0x000000d0   Code   RO          534    .text.xQueueGenericReset  queue.o
    0x00002aa8   0x00002aa8   0x0000016a   Code   RO          554    .text.xQueueGenericSend  queue.o
    0x00002c12   0x00002c12   0x00000002   PAD
    0x00002c14   0x00002c14   0x0000019e   Code   RO          558    .text.xQueueSemaphoreTake  queue.o
    0x00002db2   0x00002db2   0x00000002   PAD
    0x00002db4   0x00002db4   0x0000009a   Code   RO          693    .text.xTaskCheckForTimeOut  tasks.o
    0x00002e4e   0x00002e4e   0x00000002   PAD
    0x00002e50   0x00002e50   0x000000a6   Code   RO          621    .text.xTaskCreate   tasks.o
    0x00002ef6   0x00002ef6   0x00000002   PAD
    0x00002ef8   0x00002ef8   0x00000038   Code   RO          709    .text.xTaskGetSchedulerState  tasks.o
    0x00002f30   0x00002f30   0x00000246   Code   RO          663    .text.xTaskIncrementTick  tasks.o
    0x00003176   0x00003176   0x00000002   PAD
    0x00003178   0x00003178   0x000000e6   Code   RO          713    .text.xTaskPriorityDisinherit  tasks.o
    0x0000325e   0x0000325e   0x00000002   PAD
    0x00003260   0x00003260   0x0000014e   Code   RO          711    .text.xTaskPriorityInherit  tasks.o
    0x000033ae   0x000033ae   0x00000002   PAD
    0x000033b0   0x000033b0   0x0000017c   Code   RO          685    .text.xTaskRemoveFromEventList  tasks.o
    0x0000352c   0x0000352c   0x0000020a   Code   RO          635    .text.xTaskResumeAll  tasks.o
    0x00003736   0x00003736   0x0000000c   Data   RO            6    .rodata.str1.1      main.o
    0x00003742   0x00003742   0x00000002   PAD
    0x00003744   0x00003744   0x00000020   Data   RO         1072    Region$$Table       anon$$obj.o


    Execution Region ER_RW (Exec base: 0x20000000, Load base: 0x00003764, Size: 0x00000004, Max: 0xffffffff, ABSOLUTE)

    Exec Addr    Load Addr    Size         Type   Attr      Idx    E Section Name        Object

    0x20000000   0x00003764   0x00000004   Data   RW          494    .data.uxCriticalNesting  port.o


    Execution Region ER_ZI (Exec base: 0x20000008, Load base: 0x00003768, Size: 0x00002950, Max: 0xffffffff, ABSOLUTE)

    Exec Addr    Load Addr    Size         Type   Attr      Idx    E Section Name        Object

    0x20000008        -       0x00000060   Zero   RW          937    .bss                c_w.l(libspace.o)
    0x20000068        -       0x00000018   Zero   RW          104    .bss.callBackPtr    int.o
    0x20000080        -       0x00000190   Zero   RW          150    .bss.clib_mutex_cb  clib_arm.o
    0x20000210        -       0x00000014   Zero   RW          149    .bss.clib_mutex_id  clib_arm.o
    0x20000224        -       0x00000001   Zero   RW           49    .bss.g_isLocked     windows.o
    0x20000225   0x00003768   0x00000003   PAD
    0x20000228        -       0x00000004   Zero   RW          739    .bss.pxCurrentTCB   tasks.o
    0x2000022c        -       0x00000004   Zero   RW          747    .bss.pxDelayedTaskList  tasks.o
    0x20000230        -       0x00000004   Zero   RW          520    .bss.pxEnd          heap_4.o
    0x20000234        -       0x00000004   Zero   RW          748    .bss.pxOverflowDelayedTaskList  tasks.o
    0x20000238        -       0x00000460   Zero   RW          750    .bss.pxReadyTasksLists  tasks.o
    0x20000698        -       0x00002000   Zero   RW          526    .bss.ucHeap         heap_4.o
    0x20002698        -       0x00000004   Zero   RW          744    .bss.uxCurrentNumberOfTasks  tasks.o
    0x2000269c        -       0x00000004   Zero   RW          752    .bss.uxSchedulerSuspended  tasks.o
    0x200026a0        -       0x00000004   Zero   RW          741    .bss.uxTaskNumber   tasks.o
    0x200026a4        -       0x00000004   Zero   RW          751    .bss.uxTopReadyPriority  tasks.o
    0x200026a8        -       0x00000016   Zero   RW           50    .bss.windows        windows.o
    0x200026be   0x00003768   0x00000002   PAD
    0x200026c0        -       0x00000014   Zero   RW          760    .bss.xDelayedTaskList1  tasks.o
    0x200026d4        -       0x00000014   Zero   RW          761    .bss.xDelayedTaskList2  tasks.o
    0x200026e8        -       0x00000004   Zero   RW          521    .bss.xFreeBytesRemaining  heap_4.o
    0x200026ec        -       0x00000004   Zero   RW          523    .bss.xMinimumEverFreeBytesRemaining  heap_4.o
    0x200026f0        -       0x00000004   Zero   RW          757    .bss.xNextTaskUnblockTime  tasks.o
    0x200026f4        -       0x00000004   Zero   RW          759    .bss.xNumOfOverflows  tasks.o
    0x200026f8        -       0x00000004   Zero   RW          524    .bss.xNumberOfSuccessfulAllocations  heap_4.o
    0x200026fc        -       0x00000004   Zero   RW          525    .bss.xNumberOfSuccessfulFrees  heap_4.o
    0x20002700        -       0x00000004   Zero   RW          758    .bss.xPendedTicks   tasks.o
    0x20002704        -       0x00000014   Zero   RW          754    .bss.xPendingReadyList  tasks.o
    0x20002718        -       0x00000004   Zero   RW          745    .bss.xSchedulerRunning  tasks.o
    0x2000271c        -       0x00000008   Zero   RW          522    .bss.xStart         heap_4.o
    0x20002724        -       0x00000014   Zero   RW          749    .bss.xSuspendedTaskList  tasks.o
    0x20002738        -       0x00000014   Zero   RW          742    .bss.xTasksWaitingTermination  tasks.o
    0x2000274c        -       0x00000004   Zero   RW          746    .bss.xTickCount     tasks.o
    0x20002750        -       0x00000004   Zero   RW          753    .bss.xYieldPending  tasks.o
    0x20002754   0x00003768   0x00000004   PAD
    0x20002758        -       0x00000000   Zero   RW          394    HEAP                startup_tm4c123.o
    0x20002758        -       0x00000200   Zero   RW          393    STACK               startup_tm4c123.o


==============================================================================

Image component sizes


      Code (inc. data)   RO Data    RW Data    ZI Data      Debug   Object Name

       400          0          0          0        420       3786   clib_arm.o
        40          0          0          0          0      33016   cmsis_os2.o
      1732         24          0          0          0       2621   dio.o
       880          0          0          0       8220       4365   heap_4.o
      1070         12          0          0         24       1555   int.o
       238          0          0          0          0       2315   list.o
       102          0         12          0          0        737   main.o
       660          4          0          0          0       1155   motor.o
       368          8          0          4          0       2707   port.o
      1966          0          0          0          0      14364   queue.o
       276         24        620          0        512       5416   startup_tm4c123.o
         2          0          0          0          0       6006   system_tm4c123.o
      4240          0          0          0       1272      23278   tasks.o
       708          0          0          0         23       2204   windows.o

    ----------------------------------------------------------------------
     12782         84        666          4      10480     103525   Object Totals
         0          0         32          0          0          0   (incl. Generated)
       100         12          2          0          9          0   (incl. Padding)

    ----------------------------------------------------------------------

      Code (inc. data)   RO Data    RW Data    ZI Data      Debug   Library Member Name

         8          0          0          0          0         68   __main.o
         0          0          0          0          0          0   __rtentry.o
        20          0          0          0          0          0   __rtentry2.o
         6          0          0          0          0          0   __rtentry4.o
        94          8          0          0          0          0   __scatter.o
        26          0          0          0          0          0   __scatter_copy.o
        28          0          0          0          0          0   __scatter_zi.o
        16          0          0          0          0         68   aeabi_memset4.o
        18          0          0          0          0         80   exit.o
         6          0          0          0          0        152   heapauxi.o
         0          0          0          0          0          0   indicate_semi.o
         2          0          0          0          0          0   libinit.o
         2          0          0          0          0          0   libinit2.o
         2          0          0          0          0          0   libshutdown.o
         2          0          0          0          0          0   libshutdown2.o
         8          4          0          0         96         68   libspace.o
        68          0          0          0          0         68   rt_memclr.o
        78          0          0          0          0         80   rt_memclr_w.o
       138          0          0          0          0         68   rt_memcpy_v6.o
       100          0          0          0          0         80   rt_memcpy_w.o
         2          0          0          0          0          0   rtexit.o
        10          0          0          0          0          0   rtexit2.o
        12          4          0          0          0         68   sys_exit.o
        74          0          0          0          0         80   sys_stackheap_outer.o
         2          0          0          0          0         68   use_no_semi.o

    ----------------------------------------------------------------------
       732         16          0          0         96        948   Library Totals
        10          0          0          0          0          0   (incl. Padding)

    ----------------------------------------------------------------------

      Code (inc. data)   RO Data    RW Data    ZI Data      Debug   Library Name

       722         16          0          0         96        948   c_w.l

    ----------------------------------------------------------------------
       732         16          0          0         96        948   Library Totals

    ----------------------------------------------------------------------

==============================================================================


      Code (inc. data)   RO Data    RW Data    ZI Data      Debug   

     13514        100        666          4      10576     103933   Grand Totals
     13514        100        666          4      10576     103933   ELF Image Totals
     13514        100        666          4          0          0   ROM Totals

==============================================================================

    Total RO  Size (Code + RO Data)                14180 (  13.85kB)
    Total RW  Size (RW Data + ZI Data)             10580 (  10.33kB)
    Total ROM Size (Code + RO Data + RW Data)      14184 (  13.85kB)

==============================================================================

